Archive member included to satisfy reference by file (symbol)

C:/ST/STM32CubeIDE_2.0.0/STM32CubeIDE/plugins/com.st.stm32cube.ide.mcu.externaltools.gnu-tools-for-stm32.13.3.rel1.win32_1.0.100.202509120712/tools/bin/../lib/gcc/arm-none-eabi/13.3.1/../../../../arm-none-eabi/lib/thumb/v7e-m+fp/hard\libc_nano.a(libc_a-assert.o)
                              ./drivers/bsp/stm32g4_spi.o (__assert_func)
C:/ST/STM32CubeIDE_2.0.0/STM32CubeIDE/plugins/com.st.stm32cube.ide.mcu.externaltools.gnu-tools-for-stm32.13.3.rel1.win32_1.0.100.202509120712/tools/bin/../lib/gcc/arm-none-eabi/13.3.1/../../../../arm-none-eabi/lib/thumb/v7e-m+fp/hard\libc_nano.a(libc_a-exit.o)
                              C:/ST/STM32CubeIDE_2.0.0/STM32CubeIDE/plugins/com.st.stm32cube.ide.mcu.externaltools.gnu-tools-for-stm32.13.3.rel1.win32_1.0.100.202509120712/tools/bin/../lib/gcc/arm-none-eabi/13.3.1/../../../../arm-none-eabi/lib/thumb/v7e-m+fp/hard/rdimon-crt0.o (exit)
C:/ST/STM32CubeIDE_2.0.0/STM32CubeIDE/plugins/com.st.stm32cube.ide.mcu.externaltools.gnu-tools-for-stm32.13.3.rel1.win32_1.0.100.202509120712/tools/bin/../lib/gcc/arm-none-eabi/13.3.1/../../../../arm-none-eabi/lib/thumb/v7e-m+fp/hard\libc_nano.a(libc_a-nano-vfprintf_float.o)
                              (_printf_float)
C:/ST/STM32CubeIDE_2.0.0/STM32CubeIDE/plugins/com.st.stm32cube.ide.mcu.externaltools.gnu-tools-for-stm32.13.3.rel1.win32_1.0.100.202509120712/tools/bin/../lib/gcc/arm-none-eabi/13.3.1/../../../../arm-none-eabi/lib/thumb/v7e-m+fp/hard\libc_nano.a(libc_a-nano-vfprintf_i.o)
                              C:/ST/STM32CubeIDE_2.0.0/STM32CubeIDE/plugins/com.st.stm32cube.ide.mcu.externaltools.gnu-tools-for-stm32.13.3.rel1.win32_1.0.100.202509120712/tools/bin/../lib/gcc/arm-none-eabi/13.3.1/../../../../arm-none-eabi/lib/thumb/v7e-m+fp/hard\libc_nano.a(libc_a-nano-vfprintf_float.o) (_printf_common)
C:/ST/STM32CubeIDE_2.0.0/STM32CubeIDE/plugins/com.st.stm32cube.ide.mcu.externaltools.gnu-tools-for-stm32.13.3.rel1.win32_1.0.100.202509120712/tools/bin/../lib/gcc/arm-none-eabi/13.3.1/../../../../arm-none-eabi/lib/thumb/v7e-m+fp/hard\libc_nano.a(libc_a-findfp.o)
                              C:/ST/STM32CubeIDE_2.0.0/STM32CubeIDE/plugins/com.st.stm32cube.ide.mcu.externaltools.gnu-tools-for-stm32.13.3.rel1.win32_1.0.100.202509120712/tools/bin/../lib/gcc/arm-none-eabi/13.3.1/../../../../arm-none-eabi/lib/thumb/v7e-m+fp/hard\libc_nano.a(libc_a-exit.o) (__stdio_exit_handler)
C:/ST/STM32CubeIDE_2.0.0/STM32CubeIDE/plugins/com.st.stm32cube.ide.mcu.externaltools.gnu-tools-for-stm32.13.3.rel1.win32_1.0.100.202509120712/tools/bin/../lib/gcc/arm-none-eabi/13.3.1/../../../../arm-none-eabi/lib/thumb/v7e-m+fp/hard\libc_nano.a(libc_a-fprintf.o)
                              C:/ST/STM32CubeIDE_2.0.0/STM32CubeIDE/plugins/com.st.stm32cube.ide.mcu.externaltools.gnu-tools-for-stm32.13.3.rel1.win32_1.0.100.202509120712/tools/bin/../lib/gcc/arm-none-eabi/13.3.1/../../../../arm-none-eabi/lib/thumb/v7e-m+fp/hard\libc_nano.a(libc_a-assert.o) (fiprintf)
C:/ST/STM32CubeIDE_2.0.0/STM32CubeIDE/plugins/com.st.stm32cube.ide.mcu.externaltools.gnu-tools-for-stm32.13.3.rel1.win32_1.0.100.202509120712/tools/bin/../lib/gcc/arm-none-eabi/13.3.1/../../../../arm-none-eabi/lib/thumb/v7e-m+fp/hard\libc_nano.a(libc_a-fwalk.o)
                              C:/ST/STM32CubeIDE_2.0.0/STM32CubeIDE/plugins/com.st.stm32cube.ide.mcu.externaltools.gnu-tools-for-stm32.13.3.rel1.win32_1.0.100.202509120712/tools/bin/../lib/gcc/arm-none-eabi/13.3.1/../../../../arm-none-eabi/lib/thumb/v7e-m+fp/hard\libc_nano.a(libc_a-findfp.o) (_fwalk_sglue)
C:/ST/STM32CubeIDE_2.0.0/STM32CubeIDE/plugins/com.st.stm32cube.ide.mcu.externaltools.gnu-tools-for-stm32.13.3.rel1.win32_1.0.100.202509120712/tools/bin/../lib/gcc/arm-none-eabi/13.3.1/../../../../arm-none-eabi/lib/thumb/v7e-m+fp/hard\libc_nano.a(libc_a-setvbuf.o)
                              ./drivers/bsp/stm32g4_uart.o (setvbuf)
C:/ST/STM32CubeIDE_2.0.0/STM32CubeIDE/plugins/com.st.stm32cube.ide.mcu.externaltools.gnu-tools-for-stm32.13.3.rel1.win32_1.0.100.202509120712/tools/bin/../lib/gcc/arm-none-eabi/13.3.1/../../../../arm-none-eabi/lib/thumb/v7e-m+fp/hard\libc_nano.a(libc_a-stdio.o)
                              C:/ST/STM32CubeIDE_2.0.0/STM32CubeIDE/plugins/com.st.stm32cube.ide.mcu.externaltools.gnu-tools-for-stm32.13.3.rel1.win32_1.0.100.202509120712/tools/bin/../lib/gcc/arm-none-eabi/13.3.1/../../../../arm-none-eabi/lib/thumb/v7e-m+fp/hard\libc_nano.a(libc_a-findfp.o) (__sread)
C:/ST/STM32CubeIDE_2.0.0/STM32CubeIDE/plugins/com.st.stm32cube.ide.mcu.externaltools.gnu-tools-for-stm32.13.3.rel1.win32_1.0.100.202509120712/tools/bin/../lib/gcc/arm-none-eabi/13.3.1/../../../../arm-none-eabi/lib/thumb/v7e-m+fp/hard\libc_nano.a(libc_a-vsnprintf.o)
                              ./drivers/bsp/TFT_ili9341/stm32g4_ili9341.o (vsnprintf)
[...]
Memory Configuration

Name             Origin             Length             Attributes
RAM              0x20000000         0x00008000         xrw
START            0x08000000         0x00000800         xr
BOOTLOADER       0x08000800         0x00000800         xr
FLASH            0x08001000         0x0001e800         xr
VIRTUAL_EEPROM   0x0801f800         0x00000800         xr
*default*        0x00000000         0xffffffff

Linker script and memory map

LOAD C:/ST/STM32CubeIDE_2.0.0/STM32CubeIDE/plugins/com.st.stm32cube.ide.mcu.externaltools.gnu-tools-for-stm32.13.3.rel1.win32_1.0.100.202509120712/tools/bin/../lib/gcc/arm-none-eabi/13.3.1/thumb/v7e-m+fp/hard/crti.o
LOAD C:/ST/STM32CubeIDE_2.0.0/STM32CubeIDE/plugins/com.st.stm32cube.ide.mcu.externaltools.gnu-tools-for-stm32.13.3.rel1.win32_1.0.100.202509120712/tools/bin/../lib/gcc/arm-none-eabi/13.3.1/thumb/v7e-m+fp/hard/crtbegin.o
LOAD C:/ST/STM32CubeIDE_2.0.0/STM32CubeIDE/plugins/com.st.stm32cube.ide.mcu.externaltools.gnu-tools-for-stm32.13.3.rel1.win32_1.0.100.202509120712/tools/bin/../lib/gcc/arm-none-eabi/13.3.1/../../../../arm-none-eabi/lib/thumb/v7e-m+fp/hard/rdimon-crt0.o
LOAD ./app/breakbricks.o
LOAD ./app/button.o
LOAD ./app/display.o
LOAD ./app/main.o
LOAD ./core/Src/stm32g4xx_it.o
LOAD ./core/Src/syscalls.o
LOAD ./core/Src/sysmem.o
LOAD ./core/Src/system_stm32g4xx.o
LOAD ./core/Startup/bootloader.o
LOAD ./core/Startup/startup_stm32g431kbtx.o
LOAD ./drivers/bsp/TFT_ili9341/stm32g4_fonts.o
LOAD ./drivers/bsp/TFT_ili9341/stm32g4_ili9341.o
LOAD ./drivers/bsp/TFT_ili9341/stm32g4_xpt2046.o
LOAD ./drivers/bsp/stm32g4_adc.o
LOAD ./drivers/bsp/stm32g4_extit.o
LOAD ./drivers/bsp/stm32g4_gpio.o
LOAD ./drivers/bsp/stm32g4_i2c.o
LOAD ./drivers/bsp/stm32g4_spi.o
LOAD ./drivers/bsp/stm32g4_sys.o
LOAD ./drivers/bsp/stm32g4_systick.o
LOAD ./drivers/bsp/stm32g4_timer.o
LOAD ./drivers/bsp/stm32g4_uart.o
LOAD ./drivers/stm32g4xx_hal/Src/stm32g4xx_hal.o
LOAD ./drivers/stm32g4xx_hal/Src/stm32g4xx_hal_adc.o
LOAD ./drivers/stm32g4xx_hal/Src/stm32g4xx_hal_adc_ex.o
LOAD ./drivers/stm32g4xx_hal/Src/stm32g4xx_hal_cortex.o
LOAD ./drivers/stm32g4xx_hal/Src/stm32g4xx_hal_dac.o
LOAD ./drivers/stm32g4xx_hal/Src/stm32g4xx_hal_dac_ex.o
LOAD ./drivers/stm32g4xx_hal/Src/stm32g4xx_hal_dma.o
LOAD ./drivers/stm32g4xx_hal/Src/stm32g4xx_hal_dma_ex.o
LOAD ./drivers/stm32g4xx_hal/Src/stm32g4xx_hal_exti.o
LOAD ./drivers/stm32g4xx_hal/Src/stm32g4xx_hal_flash.o
LOAD ./drivers/stm32g4xx_hal/Src/stm32g4xx_hal_flash_ex.o
LOAD ./drivers/stm32g4xx_hal/Src/stm32g4xx_hal_flash_ramfunc.o
LOAD ./drivers/stm32g4xx_hal/Src/stm32g4xx_hal_gpio.o
LOAD ./drivers/stm32g4xx_hal/Src/stm32g4xx_hal_i2c.o
LOAD ./drivers/stm32g4xx_hal/Src/stm32g4xx_hal_i2c_ex.o
LOAD ./drivers/stm32g4xx_hal/Src/stm32g4xx_hal_pwr.o
LOAD ./drivers/stm32g4xx_hal/Src/stm32g4xx_hal_pwr_ex.o
LOAD ./drivers/stm32g4xx_hal/Src/stm32g4xx_hal_rcc.o
LOAD ./drivers/stm32g4xx_hal/Src/stm32g4xx_hal_rcc_ex.o
LOAD ./drivers/stm32g4xx_hal/Src/stm32g4xx_hal_rng.o
LOAD ./drivers/stm32g4xx_hal/Src/stm32g4xx_hal_rtc.o
LOAD ./drivers/stm32g4xx_hal/Src/stm32g4xx_hal_rtc_ex.o
LOAD ./drivers/stm32g4xx_hal/Src/stm32g4xx_hal_spi.o
LOAD ./drivers/stm32g4xx_hal/Src/stm32g4xx_hal_spi_ex.o
LOAD ./drivers/stm32g4xx_hal/Src/stm32g4xx_hal_tim.o
LOAD ./drivers/stm32g4xx_hal/Src/stm32g4xx_hal_tim_ex.o
LOAD ./drivers/stm32g4xx_hal/Src/stm32g4xx_hal_uart.o
LOAD ./drivers/stm32g4xx_hal/Src/stm32g4xx_hal_uart_ex.o
LOAD ./drivers/stm32g4xx_hal/Src/stm32g4xx_ll_adc.o
LOAD C:/ST/STM32CubeIDE_2.0.0/STM32CubeIDE/plugins/com.st.stm32cube.ide.mcu.externaltools.gnu-tools-for-stm32.13.3.rel1.win32_1.0.100.202509120712/tools/bin/../lib/gcc/arm-none-eabi/13.3.1/../../../../arm-none-eabi/lib/thumb/v7e-m+fp/hard\libc_nano.a
LOAD C:/ST/STM32CubeIDE_2.0.0/STM32CubeIDE/plugins/com.st.stm32cube.ide.mcu.externaltools.gnu-tools-for-stm32.13.3.rel1.win32_1.0.100.202509120712/tools/bin/../lib/gcc/arm-none-eabi/13.3.1/../../../../arm-none-eabi/lib/thumb/v7e-m+fp/hard\librdimon_nano.a
START GROUP
LOAD C:/ST/STM32CubeIDE_2.0.0/STM32CubeIDE/plugins/com.st.stm32cube.ide.mcu.externaltools.gnu-tools-for-stm32.13.3.rel1.win32_1.0.100.202509120712/tools/bin/../lib/gcc/arm-none-eabi/13.3.1/../../../../arm-none-eabi/lib/thumb/v7e-m+fp/hard\libc_nano.a
LOAD C:/ST/STM32CubeIDE_2.0.0/STM32CubeIDE/plugins/com.st.stm32cube.ide.mcu.externaltools.gnu-tools-for-stm32.13.3.rel1.win32_1.0.100.202509120712/tools/bin/../lib/gcc/arm-none-eabi/13.3.1/../../../../arm-none-eabi/lib/thumb/v7e-m+fp/hard\libm.a
END GROUP
START GROUP
LOAD C:/ST/STM32CubeIDE_2.0.0/STM32CubeIDE/plugins/com.st.stm32cube.ide.mcu.externaltools.gnu-tools-for-stm32.13.3.rel1.win32_1.0.100.202509120712/tools/bin/../lib/gcc/arm-none-eabi/13.3.1/thumb/v7e-m+fp/hard\libgcc.a
LOAD C:/ST/STM32CubeIDE_2.0.0/STM32CubeIDE/plugins/com.st.stm32cube.ide.mcu.externaltools.gnu-tools-for-stm32.13.3.rel1.win32_1.0.100.202509120712/tools/bin/../lib/gcc/arm-none-eabi/13.3.1/../../../../arm-none-eabi/lib/thumb/v7e-m+fp/hard\libc_nano.a
END GROUP
START GROUP
LOAD C:/ST/STM32CubeIDE_2.0.0/STM32CubeIDE/plugins/com.st.stm32cube.ide.mcu.externaltools.gnu-tools-for-stm32.13.3.rel1.win32_1.0.100.202509120712/tools/bin/../lib/gcc/arm-none-eabi/13.3.1/thumb/v7e-m+fp/hard\libgcc.a
LOAD C:/ST/STM32CubeIDE_2.0.0/STM32CubeIDE/plugins/com.st.stm32cube.ide.mcu.externaltools.gnu-tools-for-stm32.13.3.rel1.win32_1.0.100.202509120712/tools/bin/../lib/gcc/arm-none-eabi/13.3.1/../../../../arm-none-eabi/lib/thumb/v7e-m+fp/hard\libc_nano.a
LOAD C:/ST/STM32CubeIDE_2.0.0/STM32CubeIDE/plugins/com.st.stm32cube.ide.mcu.externaltools.gnu-tools-for-stm32.13.3.rel1.win32_1.0.100.202509120712/tools/bin/../lib/gcc/arm-none-eabi/13.3.1/../../../../arm-none-eabi/lib/thumb/v7e-m+fp/hard\libnosys.a
END GROUP
START GROUP
LOAD C:/ST/STM32CubeIDE_2.0.0/STM32CubeIDE/plugins/com.st.stm32cube.ide.mcu.externaltools.gnu-tools-for-stm32.13.3.rel1.win32_1.0.100.202509120712/tools/bin/../lib/gcc/arm-none-eabi/13.3.1/thumb/v7e-m+fp/hard\libgcc.a
LOAD C:/ST/STM32CubeIDE_2.0.0/STM32CubeIDE/plugins/com.st.stm32cube.ide.mcu.externaltools.gnu-tools-for-stm32.13.3.rel1.win32_1.0.100.202509120712/tools/bin/../lib/gcc/arm-none-eabi/13.3.1/../../../../arm-none-eabi/lib/thumb/v7e-m+fp/hard\libc_nano.a
LOAD C:/ST/STM32CubeIDE_2.0.0/STM32CubeIDE/plugins/com.st.stm32cube.ide.mcu.externaltools.gnu-tools-for-stm32.13.3.rel1.win32_1.0.100.202509120712/tools/bin/../lib/gcc/arm-none-eabi/13.3.1/../../../../arm-none-eabi/lib/thumb/v7e-m+fp/hard\librdimon_nano.a
END GROUP
START GROUP
LOAD C:/ST/STM32CubeIDE_2.0.0/STM32CubeIDE/plugins/com.st.stm32cube.ide.mcu.externaltools.gnu-tools-for-stm32.13.3.rel1.win32_1.0.100.202509120712/tools/bin/../lib/gcc/arm-none-eabi/13.3.1/thumb/v7e-m+fp/hard\libgcc.a
LOAD C:/ST/STM32CubeIDE_2.0.0/STM32CubeIDE/plugins/com.st.stm32cube.ide.mcu.externaltools.gnu-tools-for-stm32.13.3.rel1.win32_1.0.100.202509120712/tools/bin/../lib/gcc/arm-none-eabi/13.3.1/../../../../arm-none-eabi/lib/thumb/v7e-m+fp/hard\libc_nano.a
LOAD C:/ST/STM32CubeIDE_2.0.0/STM32CubeIDE/plugins/com.st.stm32cube.ide.mcu.externaltools.gnu-tools-for-stm32.13.3.rel1.win32_1.0.100.202509120712/tools/bin/../lib/gcc/arm-none-eabi/13.3.1/../../../../arm-none-eabi/lib/thumb/v7e-m+fp/hard\librdimon_nano.a
LOAD C:/ST/STM32CubeIDE_2.0.0/STM32CubeIDE/plugins/com.st.stm32cube.ide.mcu.externaltools.gnu-tools-for-stm32.13.3.rel1.win32_1.0.100.202509120712/tools/bin/../lib/gcc/arm-none-eabi/13.3.1/../../../../arm-none-eabi/lib/thumb/v7e-m+fp/hard\libnosys.a
END GROUP
LOAD C:/ST/STM32CubeIDE_2.0.0/STM32CubeIDE/plugins/com.st.stm32cube.ide.mcu.externaltools.gnu-tools-for-stm32.13.3.rel1.win32_1.0.100.202509120712/tools/bin/../lib/gcc/arm-none-eabi/13.3.1/thumb/v7e-m+fp/hard/crtend.o
LOAD C:/ST/STM32CubeIDE_2.0.0/STM32CubeIDE/plugins/com.st.stm32cube.ide.mcu.externaltools.gnu-tools-for-stm32.13.3.rel1.win32_1.0.100.202509120712/tools/bin/../lib/gcc/arm-none-eabi/13.3.1/thumb/v7e-m+fp/hard/crtn.o
                0x20008000                        _estack = (ORIGIN (RAM) + LENGTH (RAM))
                0x00000200                        _Min_Heap_Size = 0x200
                0x00000400                        _Min_Stack_Size = 0x400
                0x20007c00                        __Stack_Init = (_estack - _Min_Stack_Size)

.isr_vector     0x08000000      0x1d8
                0x08000000                        . = ALIGN (0x4)
 *(.isr_vector)
 .isr_vector    0x08000000      0x1d8 ./core/Startup/startup_stm32g431kbtx.o
                0x08000000                g_pfnVectors
                0x080001d8                        . = ALIGN (0x4)

.startup        0x080001d8       0x84
                0x080001d8                        . = ALIGN (0x4)
 *(.startup)
 .startup       0x080001d8        0xe ./core/Startup/startup_stm32g431kbtx.o
                0x080001d8                Delay_us
 *(.startup*)
 *fill*         0x080001e6        0x2 
 .startup.Reset_Handler
                0x080001e8       0x70 ./core/Startup/startup_stm32g431kbtx.o
                0x080001e8                Reset_Handler
 .startup.Default_Handler
                0x08000258        0x2 ./core/Startup/startup_stm32g431kbtx.o
                0x08000258                RTC_Alarm_IRQHandler
                0x08000258                TIM8_TRG_COM_IRQHandler
                0x08000258                TIM8_CC_IRQHandler
                0x08000258                TIM1_CC_IRQHandler
                0x08000258                USB_HP_IRQHandler
                0x08000258                CORDIC_IRQHandler
                0x08000258                I2C3_ER_IRQHandler
                0x08000258                I2C2_EV_IRQHandler
                0x08000258                FPU_IRQHandler
                0x08000258                FDCAN1_IT1_IRQHandler
                0x08000258                ADC1_2_IRQHandler
                0x08000258                SPI1_IRQHandler
                0x08000258                TIM8_UP_IRQHandler
                0x08000258                DMA2_Channel2_IRQHandler
                0x08000258                DMA1_Channel4_IRQHandler
                0x08000258                USART3_IRQHandler
                0x08000258                DMA2_Channel1_IRQHandler
                0x08000258                I2C1_EV_IRQHandler
                0x08000258                DMA1_Channel6_IRQHandler
                0x08000258                UART4_IRQHandler
                0x08000258                DMA2_Channel4_IRQHandler
                0x08000258                RCC_IRQHandler
                0x08000258                DMA1_Channel1_IRQHandler
                0x08000258                Default_Handler
                0x08000258                RTC_TAMP_LSECSS_IRQHandler
                0x08000258                FMAC_IRQHandler
                0x08000258                TIM7_IRQHandler
                0x08000258                UCPD1_IRQHandler
                0x08000258                I2C3_EV_IRQHandler
                0x08000258                RTC_WKUP_IRQHandler
                0x08000258                PVD_PVM_IRQHandler
                0x08000258                SPI2_IRQHandler
                0x08000258                DMA2_Channel5_IRQHandler
                0x08000258                CRS_IRQHandler
                0x08000258                DMA1_Channel5_IRQHandler
                0x08000258                USB_LP_IRQHandler
                0x08000258                RNG_IRQHandler
                0x08000258                TIM1_TRG_COM_TIM17_IRQHandler
                0x08000258                DMA1_Channel3_IRQHandler
                0x08000258                WWDG_IRQHandler
                0x08000258                LPUART1_IRQHandler
                0x08000258                DMA2_Channel6_IRQHandler
                0x08000258                FDCAN1_IT0_IRQHandler
                0x08000258                COMP1_2_3_IRQHandler
                0x08000258                I2C2_ER_IRQHandler
                0x08000258                DMA1_Channel2_IRQHandler
                0x08000258                TIM8_BRK_IRQHandler
                0x08000258                FLASH_IRQHandler
                0x08000258                SPI3_IRQHandler
                0x08000258                I2C1_ER_IRQHandler
                0x08000258                LPTIM1_IRQHandler
                0x08000258                DMAMUX_OVR_IRQHandler
                0x08000258                USBWakeUp_IRQHandler
                0x08000258                SAI1_IRQHandler
                0x08000258                DMA2_Channel3_IRQHandler
                0x08000258                COMP4_IRQHandler
                0x08000258                TIM1_BRK_TIM15_IRQHandler
                0x0800025c                        . = ALIGN (0x4)
 *fill*         0x0800025a        0x2 

.bootloader     0x08000800      0x690
                0x08000800                        . = ALIGN (0x4)
 *(.bootloader.begin)
 .bootloader.begin
                0x08000800      0x27c ./core/Startup/bootloader.o
                0x08000800                bootloader
 *(.bootloader)
 .bootloader    0x08000a7c      0x414 ./core/Startup/bootloader.o
                0x08000e90                        . = ALIGN (0x4)

.text           0x08001000     0x9d94
                0x08001000                        . = ALIGN (0x4)
 *(.text)
 .text          0x08001000       0x40 C:/ST/STM32CubeIDE_2.0.0/STM32CubeIDE/plugins/com.st.stm32cube.ide.mcu.externaltools.gnu-tools-for-stm32.13.3.rel1.win32_1.0.100.202509120712/tools/bin/../lib/gcc/arm-none-eabi/13.3.1/thumb/v7e-m+fp/hard/crtbegin.o
 .text          0x08001040       0xa0 C:/ST/STM32CubeIDE_2.0.0/STM32CubeIDE/plugins/com.st.stm32cube.ide.mcu.externaltools.gnu-tools-for-stm32.13.3.rel1.win32_1.0.100.202509120712/tools/bin/../lib/gcc/arm-none-eabi/13.3.1/../../../../arm-none-eabi/lib/thumb/v7e-m+fp/hard\libc_nano.a(libc_a-memchr.o)
                0x08001040                memchr
 .text          0x080010e0       0x10 C:/ST/STM32CubeIDE_2.0.0/STM32CubeIDE/plugins/com.st.stm32cube.ide.mcu.externaltools.gnu-tools-for-stm32.13.3.rel1.win32_1.0.100.202509120712/tools/bin/../lib/gcc/arm-none-eabi/13.3.1/../../../../arm-none-eabi/lib/thumb/v7e-m+fp/hard\libc_nano.a(libc_a-strlen.o)
                0x080010e0                strlen
 .text          0x080010f0      0x378 C:/ST/STM32CubeIDE_2.0.0/STM32CubeIDE/plugins/com.st.stm32cube.ide.mcu.externaltools.gnu-tools-for-stm32.13.3.rel1.win32_1.0.100.202509120712/tools/bin/../lib/gcc/arm-none-eabi/13.3.1/thumb/v7e-m+fp/hard\libgcc.a(_arm_addsubdf3.o)
                0x080010f0                __aeabi_drsub
                0x080010f8                __aeabi_dsub
                0x080010f8                __subdf3
                0x080010fc                __aeabi_dadd
                0x080010fc                __adddf3
                0x08001374                __floatunsidf
                0x08001374                __aeabi_ui2d
                0x08001394                __floatsidf
                0x08001394                __aeabi_i2d
                0x080013b8                __aeabi_f2d
                0x080013b8                __extendsfdf2
                0x080013fc                __floatundidf
                0x080013fc                __aeabi_ul2d
                0x0800140c                __floatdidf
                0x0800140c                __aeabi_l2d
 .text          0x08001468      0x424 C:/ST/STM32CubeIDE_2.0.0/STM32CubeIDE/plugins/com.st.stm32cube.ide.mcu.externaltools.gnu-tools-for-stm32.13.3.rel1.win32_1.0.100.202509120712/tools/bin/../lib/gcc/arm-none-eabi/13.3.1/thumb/v7e-m+fp/hard\libgcc.a(_arm_muldivdf3.o)
                0x08001468                __aeabi_dmul
                0x08001468                __muldf3
                0x080016bc                __divdf3
                0x080016bc                __aeabi_ddiv
 .text          0x0800188c      0x110 C:/ST/STM32CubeIDE_2.0.0/STM32CubeIDE/plugins/com.st.stm32cube.ide.mcu.externaltools.gnu-tools-for-stm32.13.3.rel1.win32_1.0.100.202509120712/tools/bin/../lib/gcc/arm-none-eabi/13.3.1/thumb/v7e-m+fp/hard\libgcc.a(_arm_cmpdf2.o)
                0x0800188c                __gtdf2
                0x0800188c                __gedf2
                0x08001894                __ltdf2
                0x08001894                __ledf2
                0x0800189c                __nedf2
                0x0800189c                __eqdf2
                0x0800189c                __cmpdf2
                0x08001918                __aeabi_cdrcmple
                0x08001928                __aeabi_cdcmpeq
                0x08001928                __aeabi_cdcmple
                0x08001938                __aeabi_dcmpeq
                0x0800194c                __aeabi_dcmplt
                0x08001960                __aeabi_dcmple
                0x08001974                __aeabi_dcmpge
                0x08001988                __aeabi_dcmpgt
 .text          0x0800199c       0x2c C:/ST/STM32CubeIDE_2.0.0/STM32CubeIDE/plugins/com.st.stm32cube.ide.mcu.externaltools.gnu-tools-for-stm32.13.3.rel1.win32_1.0.100.202509120712/tools/bin/../lib/gcc/arm-none-eabi/13.3.1/thumb/v7e-m+fp/hard\libgcc.a(_arm_unorddf2.o)
                0x0800199c                __unorddf2
                0x0800199c                __aeabi_dcmpun
 .text          0x080019c8       0x50 C:/ST/STM32CubeIDE_2.0.0/STM32CubeIDE/plugins/com.st.stm32cube.ide.mcu.externaltools.gnu-tools-for-stm32.13.3.rel1.win32_1.0.100.202509120712/tools/bin/../lib/gcc/arm-none-eabi/13.3.1/thumb/v7e-m+fp/hard\libgcc.a(_arm_fixdfsi.o)
                0x080019c8                __aeabi_d2iz
                0x080019c8                __fixdfsi
 .text          0x08001a18       0x30 C:/ST/STM32CubeIDE_2.0.0/STM32CubeIDE/plugins/com.st.stm32cube.ide.mcu.externaltools.gnu-tools-for-stm32.13.3.rel1.win32_1.0.100.202509120712/tools/bin/../lib/gcc/arm-none-eabi/13.3.1/thumb/v7e-m+fp/hard\libgcc.a(_aeabi_uldivmod.o)
                0x08001a18                __aeabi_uldivmod
 .text          0x08001a48      0x2f8 C:/ST/STM32CubeIDE_2.0.0/STM32CubeIDE/plugins/com.st.stm32cube.ide.mcu.externaltools.gnu-tools-for-stm32.13.3.rel1.win32_1.0.100.202509120712/tools/bin/../lib/gcc/arm-none-eabi/13.3.1/thumb/v7e-m+fp/hard\libgcc.a(_udivmoddi4.o)
                0x08001a48                __udivmoddi4
 .text          0x08001d40        0x4 C:/ST/STM32CubeIDE_2.0.0/STM32CubeIDE/plugins/com.st.stm32cube.ide.mcu.externaltools.gnu-tools-for-stm32.13.3.rel1.win32_1.0.100.202509120712/tools/bin/../lib/gcc/arm-none-eabi/13.3.1/thumb/v7e-m+fp/hard\libgcc.a(_dvmd_tls.o)
                0x08001d40                __aeabi_idiv0
                0x08001d40                __aeabi_ldiv0
 *(.text*)
 .text.BREAKBRICKS_init
                0x08001d44       0x5c ./app/breakbricks.o
                0x08001d44                BREAKBRICKS_init
 .text.BREAKBRICKS_process_main
                0x08001da0       0x64 ./app/breakbricks.o
                0x08001da0                BREAKBRICKS_process_main
 .text.BREAKBRICKS_ball_update
                0x08001e04      0x134 ./app/breakbricks.o
 .text.BREAKBRICKS_check_collision
                0x08001f38       0xbc ./app/breakbricks.o
 .text.BUTTONS_init
                0x08001ff4       0x8c ./app/button.o
                0x08001ff4                BUTTONS_init
 .text.BUTTONS_process_ms
                0x08002080       0x24 ./app/button.o
                0x08002080                BUTTONS_process_ms
 .text.BUTTON_left_read
                0x080020a4       0x20 ./app/button.o
                0x080020a4                BUTTON_left_read
 .text.BUTTON_right_read
                0x080020c4       0x20 ./app/button.o
                0x080020c4                BUTTON_right_read
 .text.BUTTON_center_read
                0x080020e4       0x20 ./app/button.o
                0x080020e4                BUTTON_center_read
 .text.DISPLAY_init
                0x08002104       0x1a ./app/display.o
                0x08002104                DISPLAY_init
 *fill*         0x0800211e        0x2 
 .text.DISPLAY_refresh_ball
                0x08002120       0xd8 ./app/display.o
                0x08002120                DISPLAY_refresh_ball
 .text.main     0x080021f8       0x44 ./app/main.o
                0x080021f8                main
 .text.NMI_Handler
                0x0800223c        0x8 ./core/Src/stm32g4xx_it.o
                0x0800223c                NMI_Handler
 .text.HardFault_Handler
                0x08002244        0x8 ./core/Src/stm32g4xx_it.o
                0x08002244                HardFault_Handler
 .text.MemManage_Handler
                0x0800224c        0x8 ./core/Src/stm32g4xx_it.o
                0x0800224c                MemManage_Handler
 .text.BusFault_Handler
                0x08002254        0x8 ./core/Src/stm32g4xx_it.o
                0x08002254                BusFault_Handler
 .text.UsageFault_Handler
                0x0800225c        0x8 ./core/Src/stm32g4xx_it.o
                0x0800225c                UsageFault_Handler
 .text.SVC_Handler
                0x08002264        0xe ./core/Src/stm32g4xx_it.o
                0x08002264                SVC_Handler
 .text.DebugMon_Handler
                0x08002272        0xe ./core/Src/stm32g4xx_it.o
                0x08002272                DebugMon_Handler
 .text.PendSV_Handler
                0x08002280        0xe ./core/Src/stm32g4xx_it.o
                0x08002280                PendSV_Handler
 .text._getpid  0x0800228e       0x10 ./core/Src/syscalls.o
                0x0800228e                _getpid
 .text._kill    0x0800229e       0x20 ./core/Src/syscalls.o
                0x0800229e                _kill
 .text._exit    0x080022be       0x16 ./core/Src/syscalls.o
                0x080022be                _exit
 .text._fstat   0x080022d4       0x20 ./core/Src/syscalls.o
                0x080022d4                _fstat
 .text._sbrk    0x080022f4       0x6c ./core/Src/sysmem.o
                0x080022f4                _sbrk
 .text.SystemInit
                0x08002360       0x24 ./core/Src/system_stm32g4xx.o
                0x08002360                SystemInit
 .text.ILI9341_Init
                0x08002384       0x98 ./drivers/bsp/TFT_ili9341/stm32g4_ili9341.o
                0x08002384                ILI9341_Init
 .text.ILI9341_InitLCD
                0x0800241c      0x26c ./drivers/bsp/TFT_ili9341/stm32g4_ili9341.o
                0x0800241c                ILI9341_InitLCD
 .text.ILI9341_SendCommand
                0x08002688       0x48 ./drivers/bsp/TFT_ili9341/stm32g4_ili9341.o
                0x08002688                ILI9341_SendCommand
 .text.ILI9341_SendData
                0x080026d0       0x48 ./drivers/bsp/TFT_ili9341/stm32g4_ili9341.o
                0x080026d0                ILI9341_SendData
 .text.ILI9341_DrawPixel
                0x08002718       0x44 ./drivers/bsp/TFT_ili9341/stm32g4_ili9341.o
                0x08002718                ILI9341_DrawPixel
 .text.ILI9341_SetCursorPosition
                0x0800275c       0x92 ./drivers/bsp/TFT_ili9341/stm32g4_ili9341.o
                0x0800275c                ILI9341_SetCursorPosition
 *fill*         0x080027ee        0x2 
 .text.ILI9341_Fill
                0x080027f0       0x30 ./drivers/bsp/TFT_ili9341/stm32g4_ili9341.o
                0x080027f0                ILI9341_Fill
 .text.ILI9341_INT_Fill
                0x08002820       0xc0 ./drivers/bsp/TFT_ili9341/stm32g4_ili9341.o
                0x08002820                ILI9341_INT_Fill
 .text.ILI9341_Rotate
                0x080028e0       0x84 ./drivers/bsp/TFT_ili9341/stm32g4_ili9341.o
                0x080028e0                ILI9341_Rotate
 .text.ILI9341_DrawCircle
                0x08002964      0x1a8 ./drivers/bsp/TFT_ili9341/stm32g4_ili9341.o
                0x08002964                ILI9341_DrawCircle
 .text.call_extit_user_callback
                0x08002b0c       0x64 ./drivers/bsp/stm32g4_extit.o
 .text.EXTI0_IRQHandler
                0x08002b70        0xe ./drivers/bsp/stm32g4_extit.o
                0x08002b70                EXTI0_IRQHandler
 .text.EXTI1_IRQHandler
                0x08002b7e        0xe ./drivers/bsp/stm32g4_extit.o
                0x08002b7e                EXTI1_IRQHandler
 .text.EXTI2_IRQHandler
                0x08002b8c        0xe ./drivers/bsp/stm32g4_extit.o
                0x08002b8c                EXTI2_IRQHandler
 .text.EXTI3_IRQHandler
                0x08002b9a        0xe ./drivers/bsp/stm32g4_extit.o
                0x08002b9a                EXTI3_IRQHandler
 .text.EXTI4_IRQHandler
                0x08002ba8        0xe ./drivers/bsp/stm32g4_extit.o
                0x08002ba8                EXTI4_IRQHandler
 .text.EXTI9_5_IRQHandler
                0x08002bb6       0x26 ./drivers/bsp/stm32g4_extit.o
                0x08002bb6                EXTI9_5_IRQHandler
 .text.EXTI15_10_IRQHandler
                0x08002bdc       0x2c ./drivers/bsp/stm32g4_extit.o
                0x08002bdc                EXTI15_10_IRQHandler
 .text.BSP_GPIO_enable
                0x08002c08       0x80 ./drivers/bsp/stm32g4_gpio.o
                0x08002c08                BSP_GPIO_enable
 .text.BSP_GPIO_pin_config
                0x08002c88       0x5c ./drivers/bsp/stm32g4_gpio.o
                0x08002c88                BSP_GPIO_pin_config
 .text.BSP_SPI_Init
                0x08002ce4      0x2c8 ./drivers/bsp/stm32g4_spi.o
                0x08002ce4                BSP_SPI_Init
 .text.SPI_GPIO_FULLDUPLEX_config
                0x08002fac      0x13c ./drivers/bsp/stm32g4_spi.o
                0x08002fac                SPI_GPIO_FULLDUPLEX_config
 .text.SPI_GPIO_HALFDUPLEX_or_TRANSMITONLY_config
                0x080030e8      0x1cc ./drivers/bsp/stm32g4_spi.o
                0x080030e8                SPI_GPIO_HALFDUPLEX_or_TRANSMITONLY_config
 .text.SPI_GPIO_RECEIVEONLY_config
                0x080032b4      0x1cc ./drivers/bsp/stm32g4_spi.o
                0x080032b4                SPI_GPIO_RECEIVEONLY_config
 .text.BSP_SPI_WriteNoRegister
                0x08003480       0x88 ./drivers/bsp/stm32g4_spi.o
                0x08003480                BSP_SPI_WriteNoRegister
 .text.BSP_SPI_WriteMultiNoRegister
                0x08003508       0x8c ./drivers/bsp/stm32g4_spi.o
                0x08003508                BSP_SPI_WriteMultiNoRegister
 .text.BSP_SPI_SetDataSize
                0x08003594       0x74 ./drivers/bsp/stm32g4_spi.o
                0x08003594                BSP_SPI_SetDataSize
 .text.BSP_SYS_set_std_usart
                0x08003608       0x4c ./drivers/bsp/stm32g4_sys.o
                0x08003608                BSP_SYS_set_std_usart
 .text.HAL_MspInit
                0x08003654       0x48 ./drivers/bsp/stm32g4_sys.o
                0x08003654                HAL_MspInit
 .text.SystemClock_Config
                0x0800369c       0x96 ./drivers/bsp/stm32g4_sys.o
                0x0800369c                SystemClock_Config
 *fill*         0x08003732        0x2 
 .text._read    0x08003734       0x80 ./drivers/bsp/stm32g4_sys.o
                0x08003734                _read
 .text._write   0x080037b4       0x8c ./drivers/bsp/stm32g4_sys.o
                0x080037b4                _write
 .text.Error_Handler
                0x08003840        0xc ./drivers/bsp/stm32g4_sys.o
                0x08003840                Error_Handler
 .text.BSP_systick_init
                0x0800384c       0x44 ./drivers/bsp/stm32g4_systick.o
                0x0800384c                BSP_systick_init
 .text.BSP_systick_add_callback_function
                0x08003890       0x58 ./drivers/bsp/stm32g4_systick.o
                0x08003890                BSP_systick_add_callback_function
 .text.SysTick_Handler
                0x080038e8       0x58 ./drivers/bsp/stm32g4_systick.o
                0x080038e8                SysTick_Handler
 .text.TIMER1_user_handler_it
                0x08003940        0xe ./drivers/bsp/stm32g4_timer.o
                0x08003940                TIMER1_user_handler_it
 .text.TIMER2_user_handler_it
                0x0800394e        0xe ./drivers/bsp/stm32g4_timer.o
                0x0800394e                TIMER2_user_handler_it
 .text.TIMER3_user_handler_it
                0x0800395c        0xe ./drivers/bsp/stm32g4_timer.o
                0x0800395c                TIMER3_user_handler_it
 .text.TIMER4_user_handler_it
                0x0800396a        0xe ./drivers/bsp/stm32g4_timer.o
                0x0800396a                TIMER4_user_handler_it
 .text.TIMER6_user_handler_it
                0x08003978        0xe ./drivers/bsp/stm32g4_timer.o
                0x08003978                TIMER6_user_handler_it
 *fill*         0x08003986        0x2 
 .text.TIM1_UP_TIM16_IRQHandler
                0x08003988       0x28 ./drivers/bsp/stm32g4_timer.o
                0x08003988                TIM1_UP_TIM16_IRQHandler
 .text.TIM2_IRQHandler
                0x080039b0       0x28 ./drivers/bsp/stm32g4_timer.o
                0x080039b0                TIM2_IRQHandler
 .text.TIM3_IRQHandler
                0x080039d8       0x2c ./drivers/bsp/stm32g4_timer.o
                0x080039d8                TIM3_IRQHandler
 .text.TIM4_IRQHandler
                0x08003a04       0x2c ./drivers/bsp/stm32g4_timer.o
                0x08003a04                TIM4_IRQHandler
 .text.TIM6_DAC_IRQHandler
                0x08003a30       0x2c ./drivers/bsp/stm32g4_timer.o
                0x08003a30                TIM6_DAC_IRQHandler
 .text.__NVIC_EnableIRQ
                0x08003a5c       0x3c ./drivers/bsp/stm32g4_uart.o
 .text.__NVIC_DisableIRQ
                0x08003a98       0x48 ./drivers/bsp/stm32g4_uart.o
 .text.BSP_UART_data_ready
                0x08003ae0       0x3c ./drivers/bsp/stm32g4_uart.o
                0x08003ae0                BSP_UART_data_ready
 .text.BSP_UART_get_next_byte
                0x08003b1c       0xbc ./drivers/bsp/stm32g4_uart.o
                0x08003b1c                BSP_UART_get_next_byte
 .text.BSP_UART_putc
                0x08003bd8       0x8c ./drivers/bsp/stm32g4_uart.o
                0x08003bd8                BSP_UART_putc
 .text.BSP_UART_init
                0x08003c64      0x244 ./drivers/bsp/stm32g4_uart.o
                0x08003c64                BSP_UART_init
 .text.HAL_UART_MspInit
                0x08003ea8      0x104 ./drivers/bsp/stm32g4_uart.o
                0x08003ea8                HAL_UART_MspInit
 .text.USART1_IRQHandler
                0x08003fac       0x14 ./drivers/bsp/stm32g4_uart.o
                0x08003fac                USART1_IRQHandler
 .text.USART2_IRQHandler
                0x08003fc0       0x14 ./drivers/bsp/stm32g4_uart.o
                0x08003fc0                USART2_IRQHandler
 .text.HAL_UART_ErrorCallback
                0x08003fd4       0x4c ./drivers/bsp/stm32g4_uart.o
                0x08003fd4                HAL_UART_ErrorCallback
 .text.HAL_UART_RxCpltCallback
                0x08004020       0xac ./drivers/bsp/stm32g4_uart.o
                0x08004020                HAL_UART_RxCpltCallback
 .text.HAL_Init
                0x080040cc       0x30 ./drivers/stm32g4xx_hal/Src/stm32g4xx_hal.o
                0x080040cc                HAL_Init
 .text.HAL_InitTick
                0x080040fc       0x74 ./drivers/stm32g4xx_hal/Src/stm32g4xx_hal.o
                0x080040fc                HAL_InitTick
 .text.HAL_IncTick
                0x08004170       0x24 ./drivers/stm32g4xx_hal/Src/stm32g4xx_hal.o
                0x08004170                HAL_IncTick
 .text.HAL_GetTick
                0x08004194       0x18 ./drivers/stm32g4xx_hal/Src/stm32g4xx_hal.o
                0x08004194                HAL_GetTick
 .text.HAL_Delay
                0x080041ac       0x44 ./drivers/stm32g4xx_hal/Src/stm32g4xx_hal.o
                0x080041ac                HAL_Delay
 .text.__NVIC_SetPriorityGrouping
                0x080041f0       0x48 ./drivers/stm32g4xx_hal/Src/stm32g4xx_hal_cortex.o
 .text.__NVIC_GetPriorityGrouping
                0x08004238       0x1c ./drivers/stm32g4xx_hal/Src/stm32g4xx_hal_cortex.o
 .text.__NVIC_EnableIRQ
                0x08004254       0x3c ./drivers/stm32g4xx_hal/Src/stm32g4xx_hal_cortex.o
 .text.__NVIC_SetPriority
                0x08004290       0x54 ./drivers/stm32g4xx_hal/Src/stm32g4xx_hal_cortex.o
 .text.NVIC_EncodePriority
                0x080042e4       0x66 ./drivers/stm32g4xx_hal/Src/stm32g4xx_hal_cortex.o
 *fill*         0x0800434a        0x2 
 .text.SysTick_Config
                0x0800434c       0x44 ./drivers/stm32g4xx_hal/Src/stm32g4xx_hal_cortex.o
 .text.HAL_NVIC_SetPriorityGrouping
                0x08004390       0x16 ./drivers/stm32g4xx_hal/Src/stm32g4xx_hal_cortex.o
                0x08004390                HAL_NVIC_SetPriorityGrouping
 .text.HAL_NVIC_SetPriority
                0x080043a6       0x34 ./drivers/stm32g4xx_hal/Src/stm32g4xx_hal_cortex.o
                0x080043a6                HAL_NVIC_SetPriority
 .text.HAL_NVIC_EnableIRQ
                0x080043da       0x1c ./drivers/stm32g4xx_hal/Src/stm32g4xx_hal_cortex.o
                0x080043da                HAL_NVIC_EnableIRQ
 .text.HAL_SYSTICK_Config
                0x080043f6       0x18 ./drivers/stm32g4xx_hal/Src/stm32g4xx_hal_cortex.o
                0x080043f6                HAL_SYSTICK_Config
 .text.HAL_DMA_Abort
                0x0800440e       0xb2 ./drivers/stm32g4xx_hal/Src/stm32g4xx_hal_dma.o
                0x0800440e                HAL_DMA_Abort
 .text.HAL_DMA_Abort_IT
                0x080044c0       0xce ./drivers/stm32g4xx_hal/Src/stm32g4xx_hal_dma.o
                0x080044c0                HAL_DMA_Abort_IT
 *fill*         0x0800458e        0x2 
 .text.HAL_GPIO_Init
                0x08004590      0x304 ./drivers/stm32g4xx_hal/Src/stm32g4xx_hal_gpio.o
                0x08004590                HAL_GPIO_Init
 .text.HAL_GPIO_ReadPin
                0x08004894       0x30 ./drivers/stm32g4xx_hal/Src/stm32g4xx_hal_gpio.o
                0x08004894                HAL_GPIO_ReadPin
 .text.HAL_GPIO_WritePin
                0x080048c4       0x30 ./drivers/stm32g4xx_hal/Src/stm32g4xx_hal_gpio.o
                0x080048c4                HAL_GPIO_WritePin
 .text.HAL_PWREx_ControlVoltageScaling
                0x080048f4      0x148 ./drivers/stm32g4xx_hal/Src/stm32g4xx_hal_pwr_ex.o
                0x080048f4                HAL_PWREx_ControlVoltageScaling
 .text.HAL_PWREx_DisableUCPDDeadBattery
                0x08004a3c       0x20 ./drivers/stm32g4xx_hal/Src/stm32g4xx_hal_pwr_ex.o
                0x08004a3c                HAL_PWREx_DisableUCPDDeadBattery
 .text.HAL_RCC_OscConfig
                0x08004a5c      0x624 ./drivers/stm32g4xx_hal/Src/stm32g4xx_hal_rcc.o
                0x08004a5c                HAL_RCC_OscConfig
 .text.HAL_RCC_ClockConfig
                0x08005080      0x278 ./drivers/stm32g4xx_hal/Src/stm32g4xx_hal_rcc.o
                0x08005080                HAL_RCC_ClockConfig
 .text.HAL_RCC_GetSysClockFreq
                0x080052f8       0xc4 ./drivers/stm32g4xx_hal/Src/stm32g4xx_hal_rcc.o
                0x080052f8                HAL_RCC_GetSysClockFreq
 .text.HAL_RCC_GetHCLKFreq
                0x080053bc       0x18 ./drivers/stm32g4xx_hal/Src/stm32g4xx_hal_rcc.o
                0x080053bc                HAL_RCC_GetHCLKFreq
 .text.HAL_RCC_GetPCLK1Freq
                0x080053d4       0x2c ./drivers/stm32g4xx_hal/Src/stm32g4xx_hal_rcc.o
                0x080053d4                HAL_RCC_GetPCLK1Freq
 .text.HAL_RCC_GetPCLK2Freq
                0x08005400       0x2c ./drivers/stm32g4xx_hal/Src/stm32g4xx_hal_rcc.o
                0x08005400                HAL_RCC_GetPCLK2Freq
 .text.RCC_GetSysClockFreqFromPLLSource
                0x0800542c       0x8c ./drivers/stm32g4xx_hal/Src/stm32g4xx_hal_rcc.o
 .text.HAL_RCCEx_PeriphCLKConfig
                0x080054b8      0x3e0 ./drivers/stm32g4xx_hal/Src/stm32g4xx_hal_rcc_ex.o
                0x080054b8                HAL_RCCEx_PeriphCLKConfig
 .text.HAL_SPI_Init
                0x08005898      0x156 ./drivers/stm32g4xx_hal/Src/stm32g4xx_hal_spi.o
                0x08005898                HAL_SPI_Init
 .text.HAL_SPI_MspInit
                0x080059ee       0x14 ./drivers/stm32g4xx_hal/Src/stm32g4xx_hal_spi.o
                0x080059ee                HAL_SPI_MspInit
 .text.HAL_SPI_Transmit
                0x08005a02      0x2ea ./drivers/stm32g4xx_hal/Src/stm32g4xx_hal_spi.o
                0x08005a02                HAL_SPI_Transmit
 .text.SPI_WaitFlagStateUntilTimeout
                0x08005cec      0x110 ./drivers/stm32g4xx_hal/Src/stm32g4xx_hal_spi.o
 .text.SPI_WaitFifoStateUntilTimeout
                0x08005dfc      0x12c ./drivers/stm32g4xx_hal/Src/stm32g4xx_hal_spi.o
 .text.SPI_EndRxTxTransaction
                0x08005f28       0x8c ./drivers/stm32g4xx_hal/Src/stm32g4xx_hal_spi.o
 .text.HAL_UART_Init
                0x08005fb4       0xa0 ./drivers/stm32g4xx_hal/Src/stm32g4xx_hal_uart.o
                0x08005fb4                HAL_UART_Init
 .text.HAL_UART_Transmit
                0x08006054      0x11c ./drivers/stm32g4xx_hal/Src/stm32g4xx_hal_uart.o
                0x08006054                HAL_UART_Transmit
 .text.HAL_UART_Receive_IT
                0x08006170       0x98 ./drivers/stm32g4xx_hal/Src/stm32g4xx_hal_uart.o
                0x08006170                HAL_UART_Receive_IT
 .text.HAL_UART_IRQHandler
                0x08006208      0x648 ./drivers/stm32g4xx_hal/Src/stm32g4xx_hal_uart.o
                0x08006208                HAL_UART_IRQHandler
 .text.HAL_UART_TxCpltCallback
                0x08006850       0x14 ./drivers/stm32g4xx_hal/Src/stm32g4xx_hal_uart.o
                0x08006850                HAL_UART_TxCpltCallback
 .text.HAL_UARTEx_RxEventCallback
                0x08006864       0x18 ./drivers/stm32g4xx_hal/Src/stm32g4xx_hal_uart.o
                0x08006864                HAL_UARTEx_RxEventCallback
 .text.UART_SetConfig
                0x0800687c      0x598 ./drivers/stm32g4xx_hal/Src/stm32g4xx_hal_uart.o
                0x0800687c                UART_SetConfig
 .text.UART_AdvFeatureConfig
                0x08006e14      0x144 ./drivers/stm32g4xx_hal/Src/stm32g4xx_hal_uart.o
                0x08006e14                UART_AdvFeatureConfig
 .text.UART_CheckIdleState
                0x08006f58      0x154 ./drivers/stm32g4xx_hal/Src/stm32g4xx_hal_uart.o
                0x08006f58                UART_CheckIdleState
 .text.UART_WaitOnFlagUntilTimeout
                0x080070ac       0xda ./drivers/stm32g4xx_hal/Src/stm32g4xx_hal_uart.o
                0x080070ac                UART_WaitOnFlagUntilTimeout
 *fill*         0x08007186        0x2 
 .text.UART_Start_Receive_IT
                0x08007188      0x244 ./drivers/stm32g4xx_hal/Src/stm32g4xx_hal_uart.o
                0x08007188                UART_Start_Receive_IT
 .text.UART_EndRxTransfer
                0x080073cc       0xcc ./drivers/stm32g4xx_hal/Src/stm32g4xx_hal_uart.o
 .text.UART_DMAAbortOnError
                0x08007498       0x2c ./drivers/stm32g4xx_hal/Src/stm32g4xx_hal_uart.o
 .text.UART_EndTransmit_IT
                0x080074c4       0x56 ./drivers/stm32g4xx_hal/Src/stm32g4xx_hal_uart.o
 *fill*         0x0800751a        0x2 
 .text.UART_RxISR_8BIT
                0x0800751c      0x1b8 ./drivers/stm32g4xx_hal/Src/stm32g4xx_hal_uart.o
 .text.UART_RxISR_16BIT
                0x080076d4      0x1b8 ./drivers/stm32g4xx_hal/Src/stm32g4xx_hal_uart.o
 .text.UART_RxISR_8BIT_FIFOEN
                0x0800788c      0x360 ./drivers/stm32g4xx_hal/Src/stm32g4xx_hal_uart.o
 .text.UART_RxISR_16BIT_FIFOEN
                0x08007bec      0x368 ./drivers/stm32g4xx_hal/Src/stm32g4xx_hal_uart.o
 .text.HAL_UARTEx_WakeupCallback
                0x08007f54       0x14 ./drivers/stm32g4xx_hal/Src/stm32g4xx_hal_uart_ex.o
                0x08007f54                HAL_UARTEx_WakeupCallback
 .text.HAL_UARTEx_RxFifoFullCallback
                0x08007f68       0x14 ./drivers/stm32g4xx_hal/Src/stm32g4xx_hal_uart_ex.o
                0x08007f68                HAL_UARTEx_RxFifoFullCallback
 .text.HAL_UARTEx_TxFifoEmptyCallback
                0x08007f7c       0x14 ./drivers/stm32g4xx_hal/Src/stm32g4xx_hal_uart_ex.o
                0x08007f7c                HAL_UARTEx_TxFifoEmptyCallback
 .text.HAL_UARTEx_DisableFifoMode
                0x08007f90       0x72 ./drivers/stm32g4xx_hal/Src/stm32g4xx_hal_uart_ex.o
                0x08007f90                HAL_UARTEx_DisableFifoMode
 .text.HAL_UARTEx_SetTxFifoThreshold
                0x08008002       0x7c ./drivers/stm32g4xx_hal/Src/stm32g4xx_hal_uart_ex.o
                0x08008002                HAL_UARTEx_SetTxFifoThreshold
 .text.HAL_UARTEx_SetRxFifoThreshold
                0x0800807e       0x7c ./drivers/stm32g4xx_hal/Src/stm32g4xx_hal_uart_ex.o
                0x0800807e                HAL_UARTEx_SetRxFifoThreshold
 *fill*         0x080080fa        0x2 
 .text.UARTEx_SetNbDataToProcess
                0x080080fc       0x9c ./drivers/stm32g4xx_hal/Src/stm32g4xx_hal_uart_ex.o
 .text.__assert_func
                0x08008198       0x3c C:/ST/STM32CubeIDE_2.0.0/STM32CubeIDE/plugins/com.st.stm32cube.ide.mcu.externaltools.gnu-tools-for-stm32.13.3.rel1.win32_1.0.100.202509120712/tools/bin/../lib/gcc/arm-none-eabi/13.3.1/../../../../arm-none-eabi/lib/thumb/v7e-m+fp/hard\libc_nano.a(libc_a-assert.o)
                0x08008198                __assert_func
 .text.__cvt    0x080081d4       0xca C:/ST/STM32CubeIDE_2.0.0/STM32CubeIDE/plugins/com.st.stm32cube.ide.mcu.externaltools.gnu-tools-for-stm32.13.3.rel1.win32_1.0.100.202509120712/tools/bin/../lib/gcc/arm-none-eabi/13.3.1/../../../../arm-none-eabi/lib/thumb/v7e-m+fp/hard\libc_nano.a(libc_a-nano-vfprintf_float.o)
                0x080081d4                __cvt
 .text.__exponent
                0x0800829e       0x74 C:/ST/STM32CubeIDE_2.0.0/STM32CubeIDE/plugins/com.st.stm32cube.ide.mcu.externaltools.gnu-tools-for-stm32.13.3.rel1.win32_1.0.100.202509120712/tools/bin/../lib/gcc/arm-none-eabi/13.3.1/../../../../arm-none-eabi/lib/thumb/v7e-m+fp/hard\libc_nano.a(libc_a-nano-vfprintf_float.o)
                0x0800829e                __exponent
 *fill*         0x08008312        0x2 
 .text._printf_float
                0x08008314      0x454 C:/ST/STM32CubeIDE_2.0.0/STM32CubeIDE/plugins/com.st.stm32cube.ide.mcu.externaltools.gnu-tools-for-stm32.13.3.rel1.win32_1.0.100.202509120712/tools/bin/../lib/gcc/arm-none-eabi/13.3.1/../../../../arm-none-eabi/lib/thumb/v7e-m+fp/hard\libc_nano.a(libc_a-nano-vfprintf_float.o)
                0x08008314                _printf_float
 .text._printf_common
                0x08008768       0xda C:/ST/STM32CubeIDE_2.0.0/STM32CubeIDE/plugins/com.st.stm32cube.ide.mcu.externaltools.gnu-tools-for-stm32.13.3.rel1.win32_1.0.100.202509120712/tools/bin/../lib/gcc/arm-none-eabi/13.3.1/../../../../arm-none-eabi/lib/thumb/v7e-m+fp/hard\libc_nano.a(libc_a-nano-vfprintf_i.o)
                0x08008768                _printf_common
 *fill*         0x08008842        0x2 
 .text._printf_i
                0x08008844      0x23c C:/ST/STM32CubeIDE_2.0.0/STM32CubeIDE/plugins/com.st.stm32cube.ide.mcu.externaltools.gnu-tools-for-stm32.13.3.rel1.win32_1.0.100.202509120712/tools/bin/../lib/gcc/arm-none-eabi/13.3.1/../../../../arm-none-eabi/lib/thumb/v7e-m+fp/hard\libc_nano.a(libc_a-nano-vfprintf_i.o)
                0x08008844                _printf_i
 .text.std      0x08008a80       0x6c C:/ST/STM32CubeIDE_2.0.0/STM32CubeIDE/plugins/com.st.stm32cube.ide.mcu.externaltools.gnu-tools-for-stm32.13.3.rel1.win32_1.0.100.202509120712/tools/bin/../lib/gcc/arm-none-eabi/13.3.1/../../../../arm-none-eabi/lib/thumb/v7e-m+fp/hard\libc_nano.a(libc_a-findfp.o)
 .text.stdio_exit_handler
                0x08008aec       0x18 C:/ST/STM32CubeIDE_2.0.0/STM32CubeIDE/plugins/com.st.stm32cube.ide.mcu.externaltools.gnu-tools-for-stm32.13.3.rel1.win32_1.0.100.202509120712/tools/bin/../lib/gcc/arm-none-eabi/13.3.1/../../../../arm-none-eabi/lib/thumb/v7e-m+fp/hard\libc_nano.a(libc_a-findfp.o)
 .text.cleanup_stdio
                0x08008b04       0x40 C:/ST/STM32CubeIDE_2.0.0/STM32CubeIDE/plugins/com.st.stm32cube.ide.mcu.externaltools.gnu-tools-for-stm32.13.3.rel1.win32_1.0.100.202509120712/tools/bin/../lib/gcc/arm-none-eabi/13.3.1/../../../../arm-none-eabi/lib/thumb/v7e-m+fp/hard\libc_nano.a(libc_a-findfp.o)
 .text.global_stdio_init.part.0
                0x08008b44       0x3c C:/ST/STM32CubeIDE_2.0.0/STM32CubeIDE/plugins/com.st.stm32cube.ide.mcu.externaltools.gnu-tools-for-stm32.13.3.rel1.win32_1.0.100.202509120712/tools/bin/../lib/gcc/arm-none-eabi/13.3.1/../../../../arm-none-eabi/lib/thumb/v7e-m+fp/hard\libc_nano.a(libc_a-findfp.o)
 .text.__sfp_lock_acquire
                0x08008b80        0xc C:/ST/STM32CubeIDE_2.0.0/STM32CubeIDE/plugins/com.st.stm32cube.ide.mcu.externaltools.gnu-tools-for-stm32.13.3.rel1.win32_1.0.100.202509120712/tools/bin/../lib/gcc/arm-none-eabi/13.3.1/../../../../arm-none-eabi/lib/thumb/v7e-m+fp/hard\libc_nano.a(libc_a-findfp.o)
                0x08008b80                __sfp_lock_acquire
 .text.__sfp_lock_release
                0x08008b8c        0xc C:/ST/STM32CubeIDE_2.0.0/STM32CubeIDE/plugins/com.st.stm32cube.ide.mcu.externaltools.gnu-tools-for-stm32.13.3.rel1.win32_1.0.100.202509120712/tools/bin/../lib/gcc/arm-none-eabi/13.3.1/../../../../arm-none-eabi/lib/thumb/v7e-m+fp/hard\libc_nano.a(libc_a-findfp.o)
                0x08008b8c                __sfp_lock_release
 .text.__sinit  0x08008b98       0x30 C:/ST/STM32CubeIDE_2.0.0/STM32CubeIDE/plugins/com.st.stm32cube.ide.mcu.externaltools.gnu-tools-for-stm32.13.3.rel1.win32_1.0.100.202509120712/tools/bin/../lib/gcc/arm-none-eabi/13.3.1/../../../../arm-none-eabi/lib/thumb/v7e-m+fp/hard\libc_nano.a(libc_a-findfp.o)
                0x08008b98                __sinit
 .text.fprintf  0x08008bc8       0x24 C:/ST/STM32CubeIDE_2.0.0/STM32CubeIDE/plugins/com.st.stm32cube.ide.mcu.externaltools.gnu-tools-for-stm32.13.3.rel1.win32_1.0.100.202509120712/tools/bin/../lib/gcc/arm-none-eabi/13.3.1/../../../../arm-none-eabi/lib/thumb/v7e-m+fp/hard\libc_nano.a(libc_a-fprintf.o)
                0x08008bc8                fiprintf
                0x08008bc8                fprintf
 .text._fwalk_sglue
                0x08008bec       0x3c C:/ST/STM32CubeIDE_2.0.0/STM32CubeIDE/plugins/com.st.stm32cube.ide.mcu.externaltools.gnu-tools-for-stm32.13.3.rel1.win32_1.0.100.202509120712/tools/bin/../lib/gcc/arm-none-eabi/13.3.1/../../../../arm-none-eabi/lib/thumb/v7e-m+fp/hard\libc_nano.a(libc_a-fwalk.o)
                0x08008bec                _fwalk_sglue
 .text.setvbuf  0x08008c28      0x168 C:/ST/STM32CubeIDE_2.0.0/STM32CubeIDE/plugins/com.st.stm32cube.ide.mcu.externaltools.gnu-tools-for-stm32.13.3.rel1.win32_1.0.100.202509120712/tools/bin/../lib/gcc/arm-none-eabi/13.3.1/../../../../arm-none-eabi/lib/thumb/v7e-m+fp/hard\libc_nano.a(libc_a-setvbuf.o)
                0x08008c28                setvbuf
 .text.__sread  0x08008d90       0x22 C:/ST/STM32CubeIDE_2.0.0/STM32CubeIDE/plugins/com.st.stm32cube.ide.mcu.externaltools.gnu-tools-for-stm32.13.3.rel1.win32_1.0.100.202509120712/tools/bin/../lib/gcc/arm-none-eabi/13.3.1/../../../../arm-none-eabi/lib/thumb/v7e-m+fp/hard\libc_nano.a(libc_a-stdio.o)
                0x08008d90                __sread
 .text.__swrite
                0x08008db2       0x38 C:/ST/STM32CubeIDE_2.0.0/STM32CubeIDE/plugins/com.st.stm32cube.ide.mcu.externaltools.gnu-tools-for-stm32.13.3.rel1.win32_1.0.100.202509120712/tools/bin/../lib/gcc/arm-none-eabi/13.3.1/../../../../arm-none-eabi/lib/thumb/v7e-m+fp/hard\libc_nano.a(libc_a-stdio.o)
                0x08008db2                __swrite
 .text.__sseek  0x08008dea       0x24 C:/ST/STM32CubeIDE_2.0.0/STM32CubeIDE/plugins/com.st.stm32cube.ide.mcu.externaltools.gnu-tools-for-stm32.13.3.rel1.win32_1.0.100.202509120712/tools/bin/../lib/gcc/arm-none-eabi/13.3.1/../../../../arm-none-eabi/lib/thumb/v7e-m+fp/hard\libc_nano.a(libc_a-stdio.o)
                0x08008dea                __sseek
 .text.__sclose
                0x08008e0e        0x8 C:/ST/STM32CubeIDE_2.0.0/STM32CubeIDE/plugins/com.st.stm32cube.ide.mcu.externaltools.gnu-tools-for-stm32.13.3.rel1.win32_1.0.100.202509120712/tools/bin/../lib/gcc/arm-none-eabi/13.3.1/../../../../arm-none-eabi/lib/thumb/v7e-m+fp/hard\libc_nano.a(libc_a-stdio.o)
                0x08008e0e                __sclose
 .text.memset   0x08008e16       0x10 C:/ST/STM32CubeIDE_2.0.0/STM32CubeIDE/plugins/com.st.stm32cube.ide.mcu.externaltools.gnu-tools-for-stm32.13.3.rel1.win32_1.0.100.202509120712/tools/bin/../lib/gcc/arm-none-eabi/13.3.1/../../../../arm-none-eabi/lib/thumb/v7e-m+fp/hard\libc_nano.a(libc_a-memset.o)
                0x08008e16                memset
 *fill*         0x08008e26        0x2 
 .text._localeconv_r
                0x08008e28        0x8 C:/ST/STM32CubeIDE_2.0.0/STM32CubeIDE/plugins/com.st.stm32cube.ide.mcu.externaltools.gnu-tools-for-stm32.13.3.rel1.win32_1.0.100.202509120712/tools/bin/../lib/gcc/arm-none-eabi/13.3.1/../../../../arm-none-eabi/lib/thumb/v7e-m+fp/hard\libc_nano.a(libc_a-localeconv.o)
                0x08008e28                _localeconv_r
 .text._close_r
                0x08008e30       0x20 C:/ST/STM32CubeIDE_2.0.0/STM32CubeIDE/plugins/com.st.stm32cube.ide.mcu.externaltools.gnu-tools-for-stm32.13.3.rel1.win32_1.0.100.202509120712/tools/bin/../lib/gcc/arm-none-eabi/13.3.1/../../../../arm-none-eabi/lib/thumb/v7e-m+fp/hard\libc_nano.a(libc_a-closer.o)
                0x08008e30                _close_r
 .text._lseek_r
                0x08008e50       0x24 C:/ST/STM32CubeIDE_2.0.0/STM32CubeIDE/plugins/com.st.stm32cube.ide.mcu.externaltools.gnu-tools-for-stm32.13.3.rel1.win32_1.0.100.202509120712/tools/bin/../lib/gcc/arm-none-eabi/13.3.1/../../../../arm-none-eabi/lib/thumb/v7e-m+fp/hard\libc_nano.a(libc_a-lseekr.o)
                0x08008e50                _lseek_r
 .text._read_r  0x08008e74       0x24 C:/ST/STM32CubeIDE_2.0.0/STM32CubeIDE/plugins/com.st.stm32cube.ide.mcu.externaltools.gnu-tools-for-stm32.13.3.rel1.win32_1.0.100.202509120712/tools/bin/../lib/gcc/arm-none-eabi/13.3.1/../../../../arm-none-eabi/lib/thumb/v7e-m+fp/hard\libc_nano.a(libc_a-readr.o)
                0x08008e74                _read_r
 .text._write_r
                0x08008e98       0x24 C:/ST/STM32CubeIDE_2.0.0/STM32CubeIDE/plugins/com.st.stm32cube.ide.mcu.externaltools.gnu-tools-for-stm32.13.3.rel1.win32_1.0.100.202509120712/tools/bin/../lib/gcc/arm-none-eabi/13.3.1/../../../../arm-none-eabi/lib/thumb/v7e-m+fp/hard\libc_nano.a(libc_a-writer.o)
                0x08008e98                _write_r
 .text.__errno  0x08008ebc        0xc C:/ST/STM32CubeIDE_2.0.0/STM32CubeIDE/plugins/com.st.stm32cube.ide.mcu.externaltools.gnu-tools-for-stm32.13.3.rel1.win32_1.0.100.202509120712/tools/bin/../lib/gcc/arm-none-eabi/13.3.1/../../../../arm-none-eabi/lib/thumb/v7e-m+fp/hard\libc_nano.a(libc_a-errno.o)
                0x08008ebc                __errno
 .text.__libc_init_array
                0x08008ec8       0x48 C:/ST/STM32CubeIDE_2.0.0/STM32CubeIDE/plugins/com.st.stm32cube.ide.mcu.externaltools.gnu-tools-for-stm32.13.3.rel1.win32_1.0.100.202509120712/tools/bin/../lib/gcc/arm-none-eabi/13.3.1/../../../../arm-none-eabi/lib/thumb/v7e-m+fp/hard\libc_nano.a(libc_a-init.o)
                0x08008ec8                __libc_init_array
 .text.__retarget_lock_init_recursive
                0x08008f10        0x2 C:/ST/STM32CubeIDE_2.0.0/STM32CubeIDE/plugins/com.st.stm32cube.ide.mcu.externaltools.gnu-tools-for-stm32.13.3.rel1.win32_1.0.100.202509120712/tools/bin/../lib/gcc/arm-none-eabi/13.3.1/../../../../arm-none-eabi/lib/thumb/v7e-m+fp/hard\libc_nano.a(libc_a-lock.o)
                0x08008f10                __retarget_lock_init_recursive
 .text.__retarget_lock_acquire_recursive
                0x08008f12        0x2 C:/ST/STM32CubeIDE_2.0.0/STM32CubeIDE/plugins/com.st.stm32cube.ide.mcu.externaltools.gnu-tools-for-stm32.13.3.rel1.win32_1.0.100.202509120712/tools/bin/../lib/gcc/arm-none-eabi/13.3.1/../../../../arm-none-eabi/lib/thumb/v7e-m+fp/hard\libc_nano.a(libc_a-lock.o)
                0x08008f12                __retarget_lock_acquire_recursive
 .text.__retarget_lock_release_recursive
                0x08008f14        0x2 C:/ST/STM32CubeIDE_2.0.0/STM32CubeIDE/plugins/com.st.stm32cube.ide.mcu.externaltools.gnu-tools-for-stm32.13.3.rel1.win32_1.0.100.202509120712/tools/bin/../lib/gcc/arm-none-eabi/13.3.1/../../../../arm-none-eabi/lib/thumb/v7e-m+fp/hard\libc_nano.a(libc_a-lock.o)
                0x08008f14                __retarget_lock_release_recursive
 .text.abort    0x08008f16        0xe C:/ST/STM32CubeIDE_2.0.0/STM32CubeIDE/plugins/com.st.stm32cube.ide.mcu.externaltools.gnu-tools-for-stm32.13.3.rel1.win32_1.0.100.202509120712/tools/bin/../lib/gcc/arm-none-eabi/13.3.1/../../../../arm-none-eabi/lib/thumb/v7e-m+fp/hard\libc_nano.a(libc_a-abort.o)
                0x08008f16                abort
 .text.quorem   0x08008f24      0x110 C:/ST/STM32CubeIDE_2.0.0/STM32CubeIDE/plugins/com.st.stm32cube.ide.mcu.externaltools.gnu-tools-for-stm32.13.3.rel1.win32_1.0.100.202509120712/tools/bin/../lib/gcc/arm-none-eabi/13.3.1/../../../../arm-none-eabi/lib/thumb/v7e-m+fp/hard\libc_nano.a(libc_a-dtoa.o)
 *fill*         0x08009034        0x4 
 .text._dtoa_r  0x08009038      0xba0 C:/ST/STM32CubeIDE_2.0.0/STM32CubeIDE/plugins/com.st.stm32cube.ide.mcu.externaltools.gnu-tools-for-stm32.13.3.rel1.win32_1.0.100.202509120712/tools/bin/../lib/gcc/arm-none-eabi/13.3.1/../../../../arm-none-eabi/lib/thumb/v7e-m+fp/hard\libc_nano.a(libc_a-dtoa.o)
                0x08009038                _dtoa_r
 .text._free_r  0x08009bd8       0x94 C:/ST/STM32CubeIDE_2.0.0/STM32CubeIDE/plugins/com.st.stm32cube.ide.mcu.externaltools.gnu-tools-for-stm32.13.3.rel1.win32_1.0.100.202509120712/tools/bin/../lib/gcc/arm-none-eabi/13.3.1/../../../../arm-none-eabi/lib/thumb/v7e-m+fp/hard\libc_nano.a(libc_a-freer.o)
                0x08009bd8                _free_r
 .text.malloc   0x08009c6c       0x10 C:/ST/STM32CubeIDE_2.0.0/STM32CubeIDE/plugins/com.st.stm32cube.ide.mcu.externaltools.gnu-tools-for-stm32.13.3.rel1.win32_1.0.100.202509120712/tools/bin/../lib/gcc/arm-none-eabi/13.3.1/../../../../arm-none-eabi/lib/thumb/v7e-m+fp/hard\libc_nano.a(libc_a-malloc.o)
                0x08009c6c                malloc
 .text.sbrk_aligned
                0x08009c7c       0x44 C:/ST/STM32CubeIDE_2.0.0/STM32CubeIDE/plugins/com.st.stm32cube.ide.mcu.externaltools.gnu-tools-for-stm32.13.3.rel1.win32_1.0.100.202509120712/tools/bin/../lib/gcc/arm-none-eabi/13.3.1/../../../../arm-none-eabi/lib/thumb/v7e-m+fp/hard\libc_nano.a(libc_a-mallocr.o)
 .text._malloc_r
                0x08009cc0      0x100 C:/ST/STM32CubeIDE_2.0.0/STM32CubeIDE/plugins/com.st.stm32cube.ide.mcu.externaltools.gnu-tools-for-stm32.13.3.rel1.win32_1.0.100.202509120712/tools/bin/../lib/gcc/arm-none-eabi/13.3.1/../../../../arm-none-eabi/lib/thumb/v7e-m+fp/hard\libc_nano.a(libc_a-mallocr.o)
                0x08009cc0                _malloc_r
 .text.__malloc_lock
                0x08009dc0        0xc C:/ST/STM32CubeIDE_2.0.0/STM32CubeIDE/plugins/com.st.stm32cube.ide.mcu.externaltools.gnu-tools-for-stm32.13.3.rel1.win32_1.0.100.202509120712/tools/bin/../lib/gcc/arm-none-eabi/13.3.1/../../../../arm-none-eabi/lib/thumb/v7e-m+fp/hard\libc_nano.a(libc_a-mlock.o)
                0x08009dc0                __malloc_lock
 .text.__malloc_unlock
                0x08009dcc        0xc C:/ST/STM32CubeIDE_2.0.0/STM32CubeIDE/plugins/com.st.stm32cube.ide.mcu.externaltools.gnu-tools-for-stm32.13.3.rel1.win32_1.0.100.202509120712/tools/bin/../lib/gcc/arm-none-eabi/13.3.1/../../../../arm-none-eabi/lib/thumb/v7e-m+fp/hard\libc_nano.a(libc_a-mlock.o)
                0x08009dcc                __malloc_unlock
 .text._Balloc  0x08009dd8       0x80 C:/ST/STM32CubeIDE_2.0.0/STM32CubeIDE/plugins/com.st.stm32cube.ide.mcu.externaltools.gnu-tools-for-stm32.13.3.rel1.win32_1.0.100.202509120712/tools/bin/../lib/gcc/arm-none-eabi/13.3.1/../../../../arm-none-eabi/lib/thumb/v7e-m+fp/hard\libc_nano.a(libc_a-mprec.o)
                0x08009dd8                _Balloc
 .text._Bfree   0x08009e58       0x44 C:/ST/STM32CubeIDE_2.0.0/STM32CubeIDE/plugins/com.st.stm32cube.ide.mcu.externaltools.gnu-tools-for-stm32.13.3.rel1.win32_1.0.100.202509120712/tools/bin/../lib/gcc/arm-none-eabi/13.3.1/../../../../arm-none-eabi/lib/thumb/v7e-m+fp/hard\libc_nano.a(libc_a-mprec.o)
                0x08009e58                _Bfree
 .text.__multadd
                0x08009e9c       0x8c C:/ST/STM32CubeIDE_2.0.0/STM32CubeIDE/plugins/com.st.stm32cube.ide.mcu.externaltools.gnu-tools-for-stm32.13.3.rel1.win32_1.0.100.202509120712/tools/bin/../lib/gcc/arm-none-eabi/13.3.1/../../../../arm-none-eabi/lib/thumb/v7e-m+fp/hard\libc_nano.a(libc_a-mprec.o)
                0x08009e9c                __multadd
 .text.__hi0bits
                0x08009f28       0x3e C:/ST/STM32CubeIDE_2.0.0/STM32CubeIDE/plugins/com.st.stm32cube.ide.mcu.externaltools.gnu-tools-for-stm32.13.3.rel1.win32_1.0.100.202509120712/tools/bin/../lib/gcc/arm-none-eabi/13.3.1/../../../../arm-none-eabi/lib/thumb/v7e-m+fp/hard\libc_nano.a(libc_a-mprec.o)
                0x08009f28                __hi0bits
 .text.__lo0bits
                0x08009f66       0x5a C:/ST/STM32CubeIDE_2.0.0/STM32CubeIDE/plugins/com.st.stm32cube.ide.mcu.externaltools.gnu-tools-for-stm32.13.3.rel1.win32_1.0.100.202509120712/tools/bin/../lib/gcc/arm-none-eabi/13.3.1/../../../../arm-none-eabi/lib/thumb/v7e-m+fp/hard\libc_nano.a(libc_a-mprec.o)
                0x08009f66                __lo0bits
 .text.__i2b    0x08009fc0       0x2c C:/ST/STM32CubeIDE_2.0.0/STM32CubeIDE/plugins/com.st.stm32cube.ide.mcu.externaltools.gnu-tools-for-stm32.13.3.rel1.win32_1.0.100.202509120712/tools/bin/../lib/gcc/arm-none-eabi/13.3.1/../../../../arm-none-eabi/lib/thumb/v7e-m+fp/hard\libc_nano.a(libc_a-mprec.o)
                0x08009fc0                __i2b
 .text.__multiply
                0x08009fec      0x144 C:/ST/STM32CubeIDE_2.0.0/STM32CubeIDE/plugins/com.st.stm32cube.ide.mcu.externaltools.gnu-tools-for-stm32.13.3.rel1.win32_1.0.100.202509120712/tools/bin/../lib/gcc/arm-none-eabi/13.3.1/../../../../arm-none-eabi/lib/thumb/v7e-m+fp/hard\libc_nano.a(libc_a-mprec.o)
                0x08009fec                __multiply
 .text.__pow5mult
                0x0800a130       0xb4 C:/ST/STM32CubeIDE_2.0.0/STM32CubeIDE/plugins/com.st.stm32cube.ide.mcu.externaltools.gnu-tools-for-stm32.13.3.rel1.win32_1.0.100.202509120712/tools/bin/../lib/gcc/arm-none-eabi/13.3.1/../../../../arm-none-eabi/lib/thumb/v7e-m+fp/hard\libc_nano.a(libc_a-mprec.o)
                0x0800a130                __pow5mult
 .text.__lshift
                0x0800a1e4       0xd8 C:/ST/STM32CubeIDE_2.0.0/STM32CubeIDE/plugins/com.st.stm32cube.ide.mcu.externaltools.gnu-tools-for-stm32.13.3.rel1.win32_1.0.100.202509120712/tools/bin/../lib/gcc/arm-none-eabi/13.3.1/../../../../arm-none-eabi/lib/thumb/v7e-m+fp/hard\libc_nano.a(libc_a-mprec.o)
                0x0800a1e4                __lshift
 .text.__mcmp   0x0800a2bc       0x36 C:/ST/STM32CubeIDE_2.0.0/STM32CubeIDE/plugins/com.st.stm32cube.ide.mcu.externaltools.gnu-tools-for-stm32.13.3.rel1.win32_1.0.100.202509120712/tools/bin/../lib/gcc/arm-none-eabi/13.3.1/../../../../arm-none-eabi/lib/thumb/v7e-m+fp/hard\libc_nano.a(libc_a-mprec.o)
                0x0800a2bc                __mcmp
 *fill*         0x0800a2f2        0x2 
 .text.__mdiff  0x0800a2f4      0x128 C:/ST/STM32CubeIDE_2.0.0/STM32CubeIDE/plugins/com.st.stm32cube.ide.mcu.externaltools.gnu-tools-for-stm32.13.3.rel1.win32_1.0.100.202509120712/tools/bin/../lib/gcc/arm-none-eabi/13.3.1/../../../../arm-none-eabi/lib/thumb/v7e-m+fp/hard\libc_nano.a(libc_a-mprec.o)
                0x0800a2f4                __mdiff
 .text.__d2b    0x0800a41c       0xb0 C:/ST/STM32CubeIDE_2.0.0/STM32CubeIDE/plugins/com.st.stm32cube.ide.mcu.externaltools.gnu-tools-for-stm32.13.3.rel1.win32_1.0.100.202509120712/tools/bin/../lib/gcc/arm-none-eabi/13.3.1/../../../../arm-none-eabi/lib/thumb/v7e-m+fp/hard\libc_nano.a(libc_a-mprec.o)
                0x0800a41c                __d2b
 .text.__sfputc_r
                0x0800a4cc       0x2e C:/ST/STM32CubeIDE_2.0.0/STM32CubeIDE/plugins/com.st.stm32cube.ide.mcu.externaltools.gnu-tools-for-stm32.13.3.rel1.win32_1.0.100.202509120712/tools/bin/../lib/gcc/arm-none-eabi/13.3.1/../../../../arm-none-eabi/lib/thumb/v7e-m+fp/hard\libc_nano.a(libc_a-nano-vfprintf.o)
 .text.__sfputs_r
                0x0800a4fa       0x24 C:/ST/STM32CubeIDE_2.0.0/STM32CubeIDE/plugins/com.st.stm32cube.ide.mcu.externaltools.gnu-tools-for-stm32.13.3.rel1.win32_1.0.100.202509120712/tools/bin/../lib/gcc/arm-none-eabi/13.3.1/../../../../arm-none-eabi/lib/thumb/v7e-m+fp/hard\libc_nano.a(libc_a-nano-vfprintf.o)
                0x0800a4fa                __sfputs_r
 *fill*         0x0800a51e        0x2 
 .text._vfprintf_r
                0x0800a520      0x230 C:/ST/STM32CubeIDE_2.0.0/STM32CubeIDE/plugins/com.st.stm32cube.ide.mcu.externaltools.gnu-tools-for-stm32.13.3.rel1.win32_1.0.100.202509120712/tools/bin/../lib/gcc/arm-none-eabi/13.3.1/../../../../arm-none-eabi/lib/thumb/v7e-m+fp/hard\libc_nano.a(libc_a-nano-vfprintf.o)
                0x0800a520                _vfprintf_r
                0x0800a520                _vfiprintf_r
 .text.__sflush_r
                0x0800a750      0x108 C:/ST/STM32CubeIDE_2.0.0/STM32CubeIDE/plugins/com.st.stm32cube.ide.mcu.externaltools.gnu-tools-for-stm32.13.3.rel1.win32_1.0.100.202509120712/tools/bin/../lib/gcc/arm-none-eabi/13.3.1/../../../../arm-none-eabi/lib/thumb/v7e-m+fp/hard\libc_nano.a(libc_a-fflush.o)
                0x0800a750                __sflush_r
 .text._fflush_r
                0x0800a858       0x50 C:/ST/STM32CubeIDE_2.0.0/STM32CubeIDE/plugins/com.st.stm32cube.ide.mcu.externaltools.gnu-tools-for-stm32.13.3.rel1.win32_1.0.100.202509120712/tools/bin/../lib/gcc/arm-none-eabi/13.3.1/../../../../arm-none-eabi/lib/thumb/v7e-m+fp/hard\libc_nano.a(libc_a-fflush.o)
                0x0800a858                _fflush_r
 .text.__swhatbuf_r
                0x0800a8a8       0x4c C:/ST/STM32CubeIDE_2.0.0/STM32CubeIDE/plugins/com.st.stm32cube.ide.mcu.externaltools.gnu-tools-for-stm32.13.3.rel1.win32_1.0.100.202509120712/tools/bin/../lib/gcc/arm-none-eabi/13.3.1/../../../../arm-none-eabi/lib/thumb/v7e-m+fp/hard\libc_nano.a(libc_a-makebuf.o)
                0x0800a8a8                __swhatbuf_r
 .text.__smakebuf_r
                0x0800a8f4       0x78 C:/ST/STM32CubeIDE_2.0.0/STM32CubeIDE/plugins/com.st.stm32cube.ide.mcu.externaltools.gnu-tools-for-stm32.13.3.rel1.win32_1.0.100.202509120712/tools/bin/../lib/gcc/arm-none-eabi/13.3.1/../../../../arm-none-eabi/lib/thumb/v7e-m+fp/hard\libc_nano.a(libc_a-makebuf.o)
                0x0800a8f4                __smakebuf_r
 .text.__swbuf_r
                0x0800a96c       0x7c C:/ST/STM32CubeIDE_2.0.0/STM32CubeIDE/plugins/com.st.stm32cube.ide.mcu.externaltools.gnu-tools-for-stm32.13.3.rel1.win32_1.0.100.202509120712/tools/bin/../lib/gcc/arm-none-eabi/13.3.1/../../../../arm-none-eabi/lib/thumb/v7e-m+fp/hard\libc_nano.a(libc_a-wbuf.o)
                0x0800a96c                __swbuf_r
 .text.__swsetup_r
                0x0800a9e8       0xac C:/ST/STM32CubeIDE_2.0.0/STM32CubeIDE/plugins/com.st.stm32cube.ide.mcu.externaltools.gnu-tools-for-stm32.13.3.rel1.win32_1.0.100.202509120712/tools/bin/../lib/gcc/arm-none-eabi/13.3.1/../../../../arm-none-eabi/lib/thumb/v7e-m+fp/hard\libc_nano.a(libc_a-wsetup.o)
                0x0800a9e8                __swsetup_r
 .text._raise_r
                0x0800aa94       0x50 C:/ST/STM32CubeIDE_2.0.0/STM32CubeIDE/plugins/com.st.stm32cube.ide.mcu.externaltools.gnu-tools-for-stm32.13.3.rel1.win32_1.0.100.202509120712/tools/bin/../lib/gcc/arm-none-eabi/13.3.1/../../../../arm-none-eabi/lib/thumb/v7e-m+fp/hard\libc_nano.a(libc_a-signal.o)
                0x0800aa94                _raise_r
 .text.raise    0x0800aae4       0x10 C:/ST/STM32CubeIDE_2.0.0/STM32CubeIDE/plugins/com.st.stm32cube.ide.mcu.externaltools.gnu-tools-for-stm32.13.3.rel1.win32_1.0.100.202509120712/tools/bin/../lib/gcc/arm-none-eabi/13.3.1/../../../../arm-none-eabi/lib/thumb/v7e-m+fp/hard\libc_nano.a(libc_a-signal.o)
                0x0800aae4                raise
 .text._fstat_r
                0x0800aaf4       0x24 C:/ST/STM32CubeIDE_2.0.0/STM32CubeIDE/plugins/com.st.stm32cube.ide.mcu.externaltools.gnu-tools-for-stm32.13.3.rel1.win32_1.0.100.202509120712/tools/bin/../lib/gcc/arm-none-eabi/13.3.1/../../../../arm-none-eabi/lib/thumb/v7e-m+fp/hard\libc_nano.a(libc_a-fstatr.o)
                0x0800aaf4                _fstat_r
 .text._isatty_r
                0x0800ab18       0x20 C:/ST/STM32CubeIDE_2.0.0/STM32CubeIDE/plugins/com.st.stm32cube.ide.mcu.externaltools.gnu-tools-for-stm32.13.3.rel1.win32_1.0.100.202509120712/tools/bin/../lib/gcc/arm-none-eabi/13.3.1/../../../../arm-none-eabi/lib/thumb/v7e-m+fp/hard\libc_nano.a(libc_a-isattyr.o)
                0x0800ab18                _isatty_r
 .text._kill_r  0x0800ab38       0x24 C:/ST/STM32CubeIDE_2.0.0/STM32CubeIDE/plugins/com.st.stm32cube.ide.mcu.externaltools.gnu-tools-for-stm32.13.3.rel1.win32_1.0.100.202509120712/tools/bin/../lib/gcc/arm-none-eabi/13.3.1/../../../../arm-none-eabi/lib/thumb/v7e-m+fp/hard\libc_nano.a(libc_a-signalr.o)
                0x0800ab38                _kill_r
 .text._getpid_r
                0x0800ab5c        0x4 C:/ST/STM32CubeIDE_2.0.0/STM32CubeIDE/plugins/com.st.stm32cube.ide.mcu.externaltools.gnu-tools-for-stm32.13.3.rel1.win32_1.0.100.202509120712/tools/bin/../lib/gcc/arm-none-eabi/13.3.1/../../../../arm-none-eabi/lib/thumb/v7e-m+fp/hard\libc_nano.a(libc_a-signalr.o)
                0x0800ab5c                _getpid_r
 .text._sbrk_r  0x0800ab60       0x20 C:/ST/STM32CubeIDE_2.0.0/STM32CubeIDE/plugins/com.st.stm32cube.ide.mcu.externaltools.gnu-tools-for-stm32.13.3.rel1.win32_1.0.100.202509120712/tools/bin/../lib/gcc/arm-none-eabi/13.3.1/../../../../arm-none-eabi/lib/thumb/v7e-m+fp/hard\libc_nano.a(libc_a-sbrkr.o)
                0x0800ab60                _sbrk_r
 .text.memcpy   0x0800ab80       0x1c C:/ST/STM32CubeIDE_2.0.0/STM32CubeIDE/plugins/com.st.stm32cube.ide.mcu.externaltools.gnu-tools-for-stm32.13.3.rel1.win32_1.0.100.202509120712/tools/bin/../lib/gcc/arm-none-eabi/13.3.1/../../../../arm-none-eabi/lib/thumb/v7e-m+fp/hard\libc_nano.a(libc_a-memcpy-stub.o)
                0x0800ab80                memcpy
 .text._calloc_r
                0x0800ab9c       0x28 C:/ST/STM32CubeIDE_2.0.0/STM32CubeIDE/plugins/com.st.stm32cube.ide.mcu.externaltools.gnu-tools-for-stm32.13.3.rel1.win32_1.0.100.202509120712/tools/bin/../lib/gcc/arm-none-eabi/13.3.1/../../../../arm-none-eabi/lib/thumb/v7e-m+fp/hard\libc_nano.a(libc_a-callocr.o)
                0x0800ab9c                _calloc_r
 .text.__ascii_mbtowc
                0x0800abc4       0x24 C:/ST/STM32CubeIDE_2.0.0/STM32CubeIDE/plugins/com.st.stm32cube.ide.mcu.externaltools.gnu-tools-for-stm32.13.3.rel1.win32_1.0.100.202509120712/tools/bin/../lib/gcc/arm-none-eabi/13.3.1/../../../../arm-none-eabi/lib/thumb/v7e-m+fp/hard\libc_nano.a(libc_a-mbtowc_r.o)
                0x0800abc4                __ascii_mbtowc
 .text.__ascii_wctomb
                0x0800abe8       0x1a C:/ST/STM32CubeIDE_2.0.0/STM32CubeIDE/plugins/com.st.stm32cube.ide.mcu.externaltools.gnu-tools-for-stm32.13.3.rel1.win32_1.0.100.202509120712/tools/bin/../lib/gcc/arm-none-eabi/13.3.1/../../../../arm-none-eabi/lib/thumb/v7e-m+fp/hard\libc_nano.a(libc_a-wctomb_r.o)
                0x0800abe8                __ascii_wctomb
 *fill*         0x0800ac02        0x2 
 .text.findslot
                0x0800ac04       0x34 C:/ST/STM32CubeIDE_2.0.0/STM32CubeIDE/plugins/com.st.stm32cube.ide.mcu.externaltools.gnu-tools-for-stm32.13.3.rel1.win32_1.0.100.202509120712/tools/bin/../lib/gcc/arm-none-eabi/13.3.1/../../../../arm-none-eabi/lib/thumb/v7e-m+fp/hard\librdimon_nano.a(arm_librdimon_a-syscalls.o)
 .text.error    0x0800ac38       0x1c C:/ST/STM32CubeIDE_2.0.0/STM32CubeIDE/plugins/com.st.stm32cube.ide.mcu.externaltools.gnu-tools-for-stm32.13.3.rel1.win32_1.0.100.202509120712/tools/bin/../lib/gcc/arm-none-eabi/13.3.1/../../../../arm-none-eabi/lib/thumb/v7e-m+fp/hard\librdimon_nano.a(arm_librdimon_a-syscalls.o)
 .text.checkerror
                0x0800ac54        0xa C:/ST/STM32CubeIDE_2.0.0/STM32CubeIDE/plugins/com.st.stm32cube.ide.mcu.externaltools.gnu-tools-for-stm32.13.3.rel1.win32_1.0.100.202509120712/tools/bin/../lib/gcc/arm-none-eabi/13.3.1/../../../../arm-none-eabi/lib/thumb/v7e-m+fp/hard\librdimon_nano.a(arm_librdimon_a-syscalls.o)
 .text._swilseek
                0x0800ac5e       0x78 C:/ST/STM32CubeIDE_2.0.0/STM32CubeIDE/plugins/com.st.stm32cube.ide.mcu.externaltools.gnu-tools-for-stm32.13.3.rel1.win32_1.0.100.202509120712/tools/bin/../lib/gcc/arm-none-eabi/13.3.1/../../../../arm-none-eabi/lib/thumb/v7e-m+fp/hard\librdimon_nano.a(arm_librdimon_a-syscalls.o)
                0x0800ac5e                _swilseek
 .text._lseek   0x0800acd6        0x4 C:/ST/STM32CubeIDE_2.0.0/STM32CubeIDE/plugins/com.st.stm32cube.ide.mcu.externaltools.gnu-tools-for-stm32.13.3.rel1.win32_1.0.100.202509120712/tools/bin/../lib/gcc/arm-none-eabi/13.3.1/../../../../arm-none-eabi/lib/thumb/v7e-m+fp/hard\librdimon_nano.a(arm_librdimon_a-syscalls.o)
                0x0800acd6                _lseek
 .text._swiclose
                0x0800acda       0x1a C:/ST/STM32CubeIDE_2.0.0/STM32CubeIDE/plugins/com.st.stm32cube.ide.mcu.externaltools.gnu-tools-for-stm32.13.3.rel1.win32_1.0.100.202509120712/tools/bin/../lib/gcc/arm-none-eabi/13.3.1/../../../../arm-none-eabi/lib/thumb/v7e-m+fp/hard\librdimon_nano.a(arm_librdimon_a-syscalls.o)
                0x0800acda                _swiclose
 .text._close   0x0800acf4       0x4c C:/ST/STM32CubeIDE_2.0.0/STM32CubeIDE/plugins/com.st.stm32cube.ide.mcu.externaltools.gnu-tools-for-stm32.13.3.rel1.win32_1.0.100.202509120712/tools/bin/../lib/gcc/arm-none-eabi/13.3.1/../../../../arm-none-eabi/lib/thumb/v7e-m+fp/hard\librdimon_nano.a(arm_librdimon_a-syscalls.o)
                0x0800acf4                _close
 .text._isatty  0x0800ad40       0x3a C:/ST/STM32CubeIDE_2.0.0/STM32CubeIDE/plugins/com.st.stm32cube.ide.mcu.externaltools.gnu-tools-for-stm32.13.3.rel1.win32_1.0.100.202509120712/tools/bin/../lib/gcc/arm-none-eabi/13.3.1/../../../../arm-none-eabi/lib/thumb/v7e-m+fp/hard\librdimon_nano.a(arm_librdimon_a-syscalls.o)
                0x0800ad40                _isatty
 *(.glue_7)
 .glue_7        0x0800ad7a        0x0 linker stubs
 *(.glue_7t)
 .glue_7t       0x0800ad7a        0x0 linker stubs
 *(.eh_frame)
 *fill*         0x0800ad7a        0x2 
 .eh_frame      0x0800ad7c        0x0 C:/ST/STM32CubeIDE_2.0.0/STM32CubeIDE/plugins/com.st.stm32cube.ide.mcu.externaltools.gnu-tools-for-stm32.13.3.rel1.win32_1.0.100.202509120712/tools/bin/../lib/gcc/arm-none-eabi/13.3.1/thumb/v7e-m+fp/hard/crtbegin.o
 *(.init)
 .init          0x0800ad7c        0x4 C:/ST/STM32CubeIDE_2.0.0/STM32CubeIDE/plugins/com.st.stm32cube.ide.mcu.externaltools.gnu-tools-for-stm32.13.3.rel1.win32_1.0.100.202509120712/tools/bin/../lib/gcc/arm-none-eabi/13.3.1/thumb/v7e-m+fp/hard/crti.o
                0x0800ad7c                _init
 .init          0x0800ad80        0x8 C:/ST/STM32CubeIDE_2.0.0/STM32CubeIDE/plugins/com.st.stm32cube.ide.mcu.externaltools.gnu-tools-for-stm32.13.3.rel1.win32_1.0.100.202509120712/tools/bin/../lib/gcc/arm-none-eabi/13.3.1/thumb/v7e-m+fp/hard/crtn.o
 *(.fini)
 .fini          0x0800ad88        0x4 C:/ST/STM32CubeIDE_2.0.0/STM32CubeIDE/plugins/com.st.stm32cube.ide.mcu.externaltools.gnu-tools-for-stm32.13.3.rel1.win32_1.0.100.202509120712/tools/bin/../lib/gcc/arm-none-eabi/13.3.1/thumb/v7e-m+fp/hard/crti.o
                0x0800ad88                _fini
 .fini          0x0800ad8c        0x8 C:/ST/STM32CubeIDE_2.0.0/STM32CubeIDE/plugins/com.st.stm32cube.ide.mcu.externaltools.gnu-tools-for-stm32.13.3.rel1.win32_1.0.100.202509120712/tools/bin/../lib/gcc/arm-none-eabi/13.3.1/thumb/v7e-m+fp/hard/crtn.o
                0x0800ad94                        . = ALIGN (0x4)
                0x0800ad94                        _etext = .

.vfp11_veneer   0x0800ad94        0x0
 .vfp11_veneer  0x0800ad94        0x0 linker stubs

.v4_bx          0x0800ad94        0x0
 .v4_bx         0x0800ad94        0x0 linker stubs

.iplt           0x0800ad94        0x0
 .iplt          0x0800ad94        0x0 C:/ST/STM32CubeIDE_2.0.0/STM32CubeIDE/plugins/com.st.stm32cube.ide.mcu.externaltools.gnu-tools-for-stm32.13.3.rel1.win32_1.0.100.202509120712/tools/bin/../lib/gcc/arm-none-eabi/13.3.1/thumb/v7e-m+fp/hard/crtbegin.o

.rodata         0x0800ad98      0x5b4
                0x0800ad98                        . = ALIGN (0x4)
 *(.rodata)
 .rodata        0x0800ad98      0x117 ./drivers/bsp/stm32g4_spi.o
 *fill*         0x0800aeaf        0x1 
 .rodata        0x0800aeb0       0x48 ./drivers/bsp/stm32g4_uart.o
 *(.rodata*)
 .rodata.ball_colors
                0x0800aef8        0x6 ./app/display.o
 *fill*         0x0800aefe        0x2 
 .rodata.AHBPrescTable
                0x0800af00       0x10 ./core/Src/system_stm32g4xx.o
                0x0800af00                AHBPrescTable
 .rodata.APBPrescTable
                0x0800af10        0x8 ./core/Src/system_stm32g4xx.o
                0x0800af10                APBPrescTable
 .rodata.__func__.7
                0x0800af18        0xd ./drivers/bsp/stm32g4_spi.o
 *fill*         0x0800af25        0x3 
 .rodata.__func__.4
                0x0800af28       0x18 ./drivers/bsp/stm32g4_spi.o
 .rodata.__func__.3
                0x0800af40       0x1d ./drivers/bsp/stm32g4_spi.o
 *fill*         0x0800af5d        0x3 
 .rodata.nvic_IRQ_array
                0x0800af60        0x2 ./drivers/bsp/stm32g4_uart.o
 *fill*         0x0800af62        0x2 
 .rodata.__func__.7
                0x0800af64       0x14 ./drivers/bsp/stm32g4_uart.o
 .rodata.__func__.6
                0x0800af78       0x17 ./drivers/bsp/stm32g4_uart.o
 *fill*         0x0800af8f        0x1 
 .rodata.__func__.5
                0x0800af90        0xe ./drivers/bsp/stm32g4_uart.o
 *fill*         0x0800af9e        0x2 
 .rodata.__func__.3
                0x0800afa0        0xe ./drivers/bsp/stm32g4_uart.o
 *fill*         0x0800afae        0x2 
 .rodata.UARTPrescTable
                0x0800afb0       0x18 ./drivers/stm32g4xx_hal/Src/stm32g4xx_hal_uart.o
                0x0800afb0                UARTPrescTable
 .rodata.numerator.1
                0x0800afc8        0x8 ./drivers/stm32g4xx_hal/Src/stm32g4xx_hal_uart_ex.o
 .rodata.denominator.0
                0x0800afd0        0x8 ./drivers/stm32g4xx_hal/Src/stm32g4xx_hal_uart_ex.o
 .rodata.__assert_func.str1.1
                0x0800afd8      0x171 C:/ST/STM32CubeIDE_2.0.0/STM32CubeIDE/plugins/com.st.stm32cube.ide.mcu.externaltools.gnu-tools-for-stm32.13.3.rel1.win32_1.0.100.202509120712/tools/bin/../lib/gcc/arm-none-eabi/13.3.1/../../../../arm-none-eabi/lib/thumb/v7e-m+fp/hard\libc_nano.a(libc_a-assert.o)
                                 0x3d (size before relaxing)
 .rodata._printf_float.str1.1
                0x0800b149        0x0 C:/ST/STM32CubeIDE_2.0.0/STM32CubeIDE/plugins/com.st.stm32cube.ide.mcu.externaltools.gnu-tools-for-stm32.13.3.rel1.win32_1.0.100.202509120712/tools/bin/../lib/gcc/arm-none-eabi/13.3.1/../../../../arm-none-eabi/lib/thumb/v7e-m+fp/hard\libc_nano.a(libc_a-nano-vfprintf_float.o)
                                 0x12 (size before relaxing)
 .rodata._printf_i.str1.1
                0x0800b149        0x0 C:/ST/STM32CubeIDE_2.0.0/STM32CubeIDE/plugins/com.st.stm32cube.ide.mcu.externaltools.gnu-tools-for-stm32.13.3.rel1.win32_1.0.100.202509120712/tools/bin/../lib/gcc/arm-none-eabi/13.3.1/../../../../arm-none-eabi/lib/thumb/v7e-m+fp/hard\libc_nano.a(libc_a-nano-vfprintf_i.o)
                                 0x22 (size before relaxing)
 .rodata._dtoa_r.str1.1
                0x0800b149        0x0 C:/ST/STM32CubeIDE_2.0.0/STM32CubeIDE/plugins/com.st.stm32cube.ide.mcu.externaltools.gnu-tools-for-stm32.13.3.rel1.win32_1.0.100.202509120712/tools/bin/../lib/gcc/arm-none-eabi/13.3.1/../../../../arm-none-eabi/lib/thumb/v7e-m+fp/hard\libc_nano.a(libc_a-dtoa.o)
                                 0x8f (size before relaxing)
 .rodata._Balloc.str1.1
                0x0800b149        0x0 C:/ST/STM32CubeIDE_2.0.0/STM32CubeIDE/plugins/com.st.stm32cube.ide.mcu.externaltools.gnu-tools-for-stm32.13.3.rel1.win32_1.0.100.202509120712/tools/bin/../lib/gcc/arm-none-eabi/13.3.1/../../../../arm-none-eabi/lib/thumb/v7e-m+fp/hard\libc_nano.a(libc_a-mprec.o)
                                 0x70 (size before relaxing)
 .rodata.__multadd.str1.1
                0x0800b149        0x0 C:/ST/STM32CubeIDE_2.0.0/STM32CubeIDE/plugins/com.st.stm32cube.ide.mcu.externaltools.gnu-tools-for-stm32.13.3.rel1.win32_1.0.100.202509120712/tools/bin/../lib/gcc/arm-none-eabi/13.3.1/../../../../arm-none-eabi/lib/thumb/v7e-m+fp/hard\libc_nano.a(libc_a-mprec.o)
                                 0x11 (size before relaxing)
 *fill*         0x0800b149        0x3 
 .rodata.p05.0  0x0800b14c        0xc C:/ST/STM32CubeIDE_2.0.0/STM32CubeIDE/plugins/com.st.stm32cube.ide.mcu.externaltools.gnu-tools-for-stm32.13.3.rel1.win32_1.0.100.202509120712/tools/bin/../lib/gcc/arm-none-eabi/13.3.1/../../../../arm-none-eabi/lib/thumb/v7e-m+fp/hard\libc_nano.a(libc_a-mprec.o)
 .rodata.__mprec_bigtens
                0x0800b158       0x28 C:/ST/STM32CubeIDE_2.0.0/STM32CubeIDE/plugins/com.st.stm32cube.ide.mcu.externaltools.gnu-tools-for-stm32.13.3.rel1.win32_1.0.100.202509120712/tools/bin/../lib/gcc/arm-none-eabi/13.3.1/../../../../arm-none-eabi/lib/thumb/v7e-m+fp/hard\libc_nano.a(libc_a-mprec.o)
                0x0800b158                __mprec_bigtens
 .rodata.__mprec_tens
                0x0800b180       0xc8 C:/ST/STM32CubeIDE_2.0.0/STM32CubeIDE/plugins/com.st.stm32cube.ide.mcu.externaltools.gnu-tools-for-stm32.13.3.rel1.win32_1.0.100.202509120712/tools/bin/../lib/gcc/arm-none-eabi/13.3.1/../../../../arm-none-eabi/lib/thumb/v7e-m+fp/hard\libc_nano.a(libc_a-mprec.o)
                0x0800b180                __mprec_tens
 .rodata._vfprintf_r.str1.1
                0x0800b248        0x0 C:/ST/STM32CubeIDE_2.0.0/STM32CubeIDE/plugins/com.st.stm32cube.ide.mcu.externaltools.gnu-tools-for-stm32.13.3.rel1.win32_1.0.100.202509120712/tools/bin/../lib/gcc/arm-none-eabi/13.3.1/../../../../arm-none-eabi/lib/thumb/v7e-m+fp/hard\libc_nano.a(libc_a-nano-vfprintf.o)
                                 0x11 (size before relaxing)
 .rodata._setlocale_r.str1.1
                0x0800b248        0x0 C:/ST/STM32CubeIDE_2.0.0/STM32CubeIDE/plugins/com.st.stm32cube.ide.mcu.externaltools.gnu-tools-for-stm32.13.3.rel1.win32_1.0.100.202509120712/tools/bin/../lib/gcc/arm-none-eabi/13.3.1/../../../../arm-none-eabi/lib/thumb/v7e-m+fp/hard\libc_nano.a(libc_a-locale.o)
                                  0x9 (size before relaxing)
 .rodata.str1.1
                0x0800b248        0x0 C:/ST/STM32CubeIDE_2.0.0/STM32CubeIDE/plugins/com.st.stm32cube.ide.mcu.externaltools.gnu-tools-for-stm32.13.3.rel1.win32_1.0.100.202509120712/tools/bin/../lib/gcc/arm-none-eabi/13.3.1/../../../../arm-none-eabi/lib/thumb/v7e-m+fp/hard\libc_nano.a(libc_a-locale.o)
                                  0x2 (size before relaxing)
 .rodata._ctype_
                0x0800b248      0x101 C:/ST/STM32CubeIDE_2.0.0/STM32CubeIDE/plugins/com.st.stm32cube.ide.mcu.externaltools.gnu-tools-for-stm32.13.3.rel1.win32_1.0.100.202509120712/tools/bin/../lib/gcc/arm-none-eabi/13.3.1/../../../../arm-none-eabi/lib/thumb/v7e-m+fp/hard\libc_nano.a(libc_a-ctype_.o)
                0x0800b248                _ctype_
                0x0800b34c                        . = ALIGN (0x4)
 *fill*         0x0800b349        0x3 

.ARM.extab      0x0800b34c        0x0
                0x0800b34c                        . = ALIGN (0x4)
 *(.ARM.extab* .gnu.linkonce.armextab.*)
                0x0800b34c                        . = ALIGN (0x4)

.ARM            0x0800b34c        0x8
                0x0800b34c                        . = ALIGN (0x4)
                0x0800b34c                        __exidx_start = .
 *(.ARM.exidx*)
 .ARM.exidx     0x0800b34c        0x8 C:/ST/STM32CubeIDE_2.0.0/STM32CubeIDE/plugins/com.st.stm32cube.ide.mcu.externaltools.gnu-tools-for-stm32.13.3.rel1.win32_1.0.100.202509120712/tools/bin/../lib/gcc/arm-none-eabi/13.3.1/../../../../arm-none-eabi/lib/thumb/v7e-m+fp/hard\libc_nano.a(libc_a-memchr.o)
 .ARM.exidx     0x0800b354        0x0 C:/ST/STM32CubeIDE_2.0.0/STM32CubeIDE/plugins/com.st.stm32cube.ide.mcu.externaltools.gnu-tools-for-stm32.13.3.rel1.win32_1.0.100.202509120712/tools/bin/../lib/gcc/arm-none-eabi/13.3.1/../../../../arm-none-eabi/lib/thumb/v7e-m+fp/hard\libc_nano.a(libc_a-strlen.o)
                                  0x8 (size before relaxing)
 .ARM.exidx     0x0800b354        0x0 C:/ST/STM32CubeIDE_2.0.0/STM32CubeIDE/plugins/com.st.stm32cube.ide.mcu.externaltools.gnu-tools-for-stm32.13.3.rel1.win32_1.0.100.202509120712/tools/bin/../lib/gcc/arm-none-eabi/13.3.1/thumb/v7e-m+fp/hard\libgcc.a(_udivmoddi4.o)
                                  0x8 (size before relaxing)
                0x0800b354                        __exidx_end = .
                0x0800b354                        . = ALIGN (0x4)

.preinit_array  0x0800b354        0x0
                0x0800b354                        . = ALIGN (0x4)
                0x0800b354                        PROVIDE (__preinit_array_start = .)
 *(.preinit_array*)
                0x0800b354                        PROVIDE (__preinit_array_end = .)
                0x0800b354                        . = ALIGN (0x4)

.init_array     0x0800b354        0x4
                0x0800b354                        . = ALIGN (0x4)
                0x0800b354                        PROVIDE (__init_array_start = .)
 *(SORT_BY_NAME(.init_array.*))
 *(.init_array*)
 .init_array    0x0800b354        0x4 C:/ST/STM32CubeIDE_2.0.0/STM32CubeIDE/plugins/com.st.stm32cube.ide.mcu.externaltools.gnu-tools-for-stm32.13.3.rel1.win32_1.0.100.202509120712/tools/bin/../lib/gcc/arm-none-eabi/13.3.1/thumb/v7e-m+fp/hard/crtbegin.o
                0x0800b358                        PROVIDE (__init_array_end = .)
                0x0800b358                        . = ALIGN (0x4)

.fini_array     0x0800b358        0x4
                0x0800b358                        . = ALIGN (0x4)
                [!provide]                        PROVIDE (__fini_array_start = .)
 *(SORT_BY_NAME(.fini_array.*))
 *(.fini_array*)
 .fini_array    0x0800b358        0x4 C:/ST/STM32CubeIDE_2.0.0/STM32CubeIDE/plugins/com.st.stm32cube.ide.mcu.externaltools.gnu-tools-for-stm32.13.3.rel1.win32_1.0.100.202509120712/tools/bin/../lib/gcc/arm-none-eabi/13.3.1/thumb/v7e-m+fp/hard/crtbegin.o
                [!provide]                        PROVIDE (__fini_array_end = .)
                0x0800b35c                        . = ALIGN (0x4)
                0x0800b35c                        _sidata = LOADADDR (.data)

.rel.dyn        0x0800b35c        0x0
 .rel.iplt      0x0800b35c        0x0 C:/ST/STM32CubeIDE_2.0.0/STM32CubeIDE/plugins/com.st.stm32cube.ide.mcu.externaltools.gnu-tools-for-stm32.13.3.rel1.win32_1.0.100.202509120712/tools/bin/../lib/gcc/arm-none-eabi/13.3.1/thumb/v7e-m+fp/hard/crtbegin.o

.data           0x20000000      0x1dc load address 0x0800b35c
                0x20000000                        . = ALIGN (0x4)
                0x20000000                        _sdata = .
 *(.data)
 *(.data*)
 .data.SystemCoreClock
                0x20000000        0x4 ./core/Src/system_stm32g4xx.o
                0x20000000                SystemCoreClock
 .data.instances_array
                0x20000004        0x8 ./drivers/bsp/stm32g4_uart.o
 .data.uwTickPrio
                0x2000000c        0x4 ./drivers/stm32g4xx_hal/Src/stm32g4xx_hal.o
                0x2000000c                uwTickPrio
 .data.uwTickFreq
                0x20000010        0x4 ./drivers/stm32g4xx_hal/Src/stm32g4xx_hal.o
                0x20000010                uwTickFreq
 .data.__sglue  0x20000014        0xc C:/ST/STM32CubeIDE_2.0.0/STM32CubeIDE/plugins/com.st.stm32cube.ide.mcu.externaltools.gnu-tools-for-stm32.13.3.rel1.win32_1.0.100.202509120712/tools/bin/../lib/gcc/arm-none-eabi/13.3.1/../../../../arm-none-eabi/lib/thumb/v7e-m+fp/hard\libc_nano.a(libc_a-findfp.o)
                0x20000014                __sglue
 .data._impure_ptr
                0x20000020        0x4 C:/ST/STM32CubeIDE_2.0.0/STM32CubeIDE/plugins/com.st.stm32cube.ide.mcu.externaltools.gnu-tools-for-stm32.13.3.rel1.win32_1.0.100.202509120712/tools/bin/../lib/gcc/arm-none-eabi/13.3.1/../../../../arm-none-eabi/lib/thumb/v7e-m+fp/hard\libc_nano.a(libc_a-impure.o)
                0x20000020                _impure_ptr
 .data._impure_data
                0x20000024       0x4c C:/ST/STM32CubeIDE_2.0.0/STM32CubeIDE/plugins/com.st.stm32cube.ide.mcu.externaltools.gnu-tools-for-stm32.13.3.rel1.win32_1.0.100.202509120712/tools/bin/../lib/gcc/arm-none-eabi/13.3.1/../../../../arm-none-eabi/lib/thumb/v7e-m+fp/hard\libc_nano.a(libc_a-impure.o)
                0x20000024                _impure_data
 .data.__global_locale
                0x20000070      0x16c C:/ST/STM32CubeIDE_2.0.0/STM32CubeIDE/plugins/com.st.stm32cube.ide.mcu.externaltools.gnu-tools-for-stm32.13.3.rel1.win32_1.0.100.202509120712/tools/bin/../lib/gcc/arm-none-eabi/13.3.1/../../../../arm-none-eabi/lib/thumb/v7e-m+fp/hard\libc_nano.a(libc_a-locale.o)
                0x20000070                __global_locale
 *(.RamFunc)
 *(.RamFunc*)
                0x200001dc                        . = ALIGN (0x4)
                0x200001dc                        _edata = .

.igot.plt       0x200001dc        0x0 load address 0x0800b538
 .igot.plt      0x200001dc        0x0 C:/ST/STM32CubeIDE_2.0.0/STM32CubeIDE/plugins/com.st.stm32cube.ide.mcu.externaltools.gnu-tools-for-stm32.13.3.rel1.win32_1.0.100.202509120712/tools/bin/../lib/gcc/arm-none-eabi/13.3.1/thumb/v7e-m+fp/hard/crtbegin.o
                0x200001dc                        . = ALIGN (0x4)

.bss            0x200001dc      0x7c0 load address 0x0800b538
                0x200001dc                        _sbss = .
                0x200001dc                        __bss_start__ = _sbss
 *(.bss)
 .bss           0x200001dc       0x1c C:/ST/STM32CubeIDE_2.0.0/STM32CubeIDE/plugins/com.st.stm32cube.ide.mcu.externaltools.gnu-tools-for-stm32.13.3.rel1.win32_1.0.100.202509120712/tools/bin/../lib/gcc/arm-none-eabi/13.3.1/thumb/v7e-m+fp/hard/crtbegin.o
 *(.bss*)
 .bss.ball      0x200001f8       0x10 ./app/breakbricks.o
 .bss.t         0x20000208        0x4 ./app/button.o
 .bss.displayed_ball.1
                0x2000020c       0x10 ./app/display.o
 .bss.displayed_ball_valid.0
                0x2000021c        0x1 ./app/display.o
 *fill*         0x2000021d        0x3 
 .bss.__sbrk_heap_end
                0x20000220        0x4 ./core/Src/sysmem.o
 .bss.ILI9341_x
                0x20000224        0x2 ./drivers/bsp/TFT_ili9341/stm32g4_ili9341.o
                0x20000224                ILI9341_x
 .bss.ILI9341_y
                0x20000226        0x2 ./drivers/bsp/TFT_ili9341/stm32g4_ili9341.o
                0x20000226                ILI9341_y
 .bss.ILI9341_Opts
                0x20000228        0x6 ./drivers/bsp/TFT_ili9341/stm32g4_ili9341.o
                0x20000228                ILI9341_Opts
 *fill*         0x2000022e        0x2 
 .bss.callbacks
                0x20000230       0x40 ./drivers/bsp/stm32g4_extit.o
 .bss.enables   0x20000270        0x2 ./drivers/bsp/stm32g4_extit.o
 .bss.initialized
                0x20000272        0x1 ./drivers/bsp/stm32g4_gpio.o
 *fill*         0x20000273        0x1 
 .bss.hSPI      0x20000274      0x12c ./drivers/bsp/stm32g4_spi.o
 .bss.stdout_usart
                0x200003a0        0x1 ./drivers/bsp/stm32g4_sys.o
 .bss.stderr_usart
                0x200003a1        0x1 ./drivers/bsp/stm32g4_sys.o
 .bss.stdin_usart
                0x200003a2        0x1 ./drivers/bsp/stm32g4_sys.o
 *fill*         0x200003a3        0x1 
 .bss.uart_initialized
                0x200003a4        0x4 ./drivers/bsp/stm32g4_sys.o
 .bss.callback_functions
                0x200003a8       0x40 ./drivers/bsp/stm32g4_systick.o
 .bss.initialized
                0x200003e8        0x1 ./drivers/bsp/stm32g4_systick.o
 *fill*         0x200003e9        0x3 
 .bss.structure_handles
                0x200003ec      0x17c ./drivers/bsp/stm32g4_timer.o
 .bss.structure_handles
                0x20000568      0x128 ./drivers/bsp/stm32g4_uart.o
 .bss.buffer_rx
                0x20000690      0x100 ./drivers/bsp/stm32g4_uart.o
 .bss.buffer_rx_write_index
                0x20000790        0x2 ./drivers/bsp/stm32g4_uart.o
 *fill*         0x20000792        0x2 
 .bss.buffer_rx_read_index
                0x20000794        0x8 ./drivers/bsp/stm32g4_uart.o
 .bss.buffer_rx_data_ready
                0x2000079c        0x2 ./drivers/bsp/stm32g4_uart.o
 *fill*         0x2000079e        0x2 
 .bss.uart_initialized
                0x200007a0        0x2 ./drivers/bsp/stm32g4_uart.o
 *fill*         0x200007a2        0x2 
 .bss.callback_uart_rx
                0x200007a4        0x8 ./drivers/bsp/stm32g4_uart.o
 .bss.uwTick    0x200007ac        0x4 ./drivers/stm32g4xx_hal/Src/stm32g4xx_hal.o
                0x200007ac                uwTick
 .bss.__sf      0x200007b0      0x138 C:/ST/STM32CubeIDE_2.0.0/STM32CubeIDE/plugins/com.st.stm32cube.ide.mcu.externaltools.gnu-tools-for-stm32.13.3.rel1.win32_1.0.100.202509120712/tools/bin/../lib/gcc/arm-none-eabi/13.3.1/../../../../arm-none-eabi/lib/thumb/v7e-m+fp/hard\libc_nano.a(libc_a-findfp.o)
                0x200007b0                __sf
 .bss.__stdio_exit_handler
                0x200008e8        0x4 C:/ST/STM32CubeIDE_2.0.0/STM32CubeIDE/plugins/com.st.stm32cube.ide.mcu.externaltools.gnu-tools-for-stm32.13.3.rel1.win32_1.0.100.202509120712/tools/bin/../lib/gcc/arm-none-eabi/13.3.1/../../../../arm-none-eabi/lib/thumb/v7e-m+fp/hard\libc_nano.a(libc_a-findfp.o)
                0x200008e8                __stdio_exit_handler
 .bss.errno     0x200008ec        0x4 C:/ST/STM32CubeIDE_2.0.0/STM32CubeIDE/plugins/com.st.stm32cube.ide.mcu.externaltools.gnu-tools-for-stm32.13.3.rel1.win32_1.0.100.202509120712/tools/bin/../lib/gcc/arm-none-eabi/13.3.1/../../../../arm-none-eabi/lib/thumb/v7e-m+fp/hard\libc_nano.a(libc_a-reent.o)
                0x200008ec                errno
 .bss.__lock___malloc_recursive_mutex
                0x200008f0        0x1 C:/ST/STM32CubeIDE_2.0.0/STM32CubeIDE/plugins/com.st.stm32cube.ide.mcu.externaltools.gnu-tools-for-stm32.13.3.rel1.win32_1.0.100.202509120712/tools/bin/../lib/gcc/arm-none-eabi/13.3.1/../../../../arm-none-eabi/lib/thumb/v7e-m+fp/hard\libc_nano.a(libc_a-lock.o)
                0x200008f0                __lock___malloc_recursive_mutex
 .bss.__lock___sfp_recursive_mutex
                0x200008f1        0x1 C:/ST/STM32CubeIDE_2.0.0/STM32CubeIDE/plugins/com.st.stm32cube.ide.mcu.externaltools.gnu-tools-for-stm32.13.3.rel1.win32_1.0.100.202509120712/tools/bin/../lib/gcc/arm-none-eabi/13.3.1/../../../../arm-none-eabi/lib/thumb/v7e-m+fp/hard\libc_nano.a(libc_a-lock.o)
                0x200008f1                __lock___sfp_recursive_mutex
 *fill*         0x200008f2        0x2 
 .bss.__malloc_sbrk_start
                0x200008f4        0x4 C:/ST/STM32CubeIDE_2.0.0/STM32CubeIDE/plugins/com.st.stm32cube.ide.mcu.externaltools.gnu-tools-for-stm32.13.3.rel1.win32_1.0.100.202509120712/tools/bin/../lib/gcc/arm-none-eabi/13.3.1/../../../../arm-none-eabi/lib/thumb/v7e-m+fp/hard\libc_nano.a(libc_a-mallocr.o)
                0x200008f4                __malloc_sbrk_start
 .bss.__malloc_free_list
                0x200008f8        0x4 C:/ST/STM32CubeIDE_2.0.0/STM32CubeIDE/plugins/com.st.stm32cube.ide.mcu.externaltools.gnu-tools-for-stm32.13.3.rel1.win32_1.0.100.202509120712/tools/bin/../lib/gcc/arm-none-eabi/13.3.1/../../../../arm-none-eabi/lib/thumb/v7e-m+fp/hard\libc_nano.a(libc_a-mallocr.o)
                0x200008f8                __malloc_free_list
 .bss.openfiles
                0x200008fc       0xa0 C:/ST/STM32CubeIDE_2.0.0/STM32CubeIDE/plugins/com.st.stm32cube.ide.mcu.externaltools.gnu-tools-for-stm32.13.3.rel1.win32_1.0.100.202509120712/tools/bin/../lib/gcc/arm-none-eabi/13.3.1/../../../../arm-none-eabi/lib/thumb/v7e-m+fp/hard\librdimon_nano.a(arm_librdimon_a-syscalls.o)
 *(COMMON)
                0x2000099c                        . = ALIGN (0x4)
                0x2000099c                        _ebss = .
                0x2000099c                        __bss_end__ = _ebss

._user_heap_stack
                0x2000099c      0x604 load address 0x0800b538
                0x200009a0                        . = ALIGN (0x8)
 *fill*         0x2000099c        0x4 
                0x200009a0                        PROVIDE (end = .)
                0x200009a0                        PROVIDE (_end = .)
                0x20000ba0                        . = (. + _Min_Heap_Size)
 *fill*         0x200009a0      0x200 
                0x20000fa0                        . = (. + _Min_Stack_Size)
 *fill*         0x20000ba0      0x400 
                0x20000fa0                        . = ALIGN (0x8)

/DISCARD/
 libc.a(*)
 libm.a(*)
 libgcc.a(*)

.ARM.attributes
                0x00000000       0x30
 *(.ARM.attributes)
 .ARM.attributes
                0x00000000       0x22 C:/ST/STM32CubeIDE_2.0.0/STM32CubeIDE/plugins/com.st.stm32cube.ide.mcu.externaltools.gnu-tools-for-stm32.13.3.rel1.win32_1.0.100.202509120712/tools/bin/../lib/gcc/arm-none-eabi/13.3.1/thumb/v7e-m+fp/hard/crti.o
 .ARM.attributes
                0x00000022       0x34 C:/ST/STM32CubeIDE_2.0.0/STM32CubeIDE/plugins/com.st.stm32cube.ide.mcu.externaltools.gnu-tools-for-stm32.13.3.rel1.win32_1.0.100.202509120712/tools/bin/../lib/gcc/arm-none-eabi/13.3.1/thumb/v7e-m+fp/hard/crtbegin.o
 .ARM.attributes
                0x00000056       0x34 ./app/breakbricks.o
 .ARM.attributes
                0x0000008a       0x34 ./app/button.o
 .ARM.attributes
                0x000000be       0x34 ./app/display.o
 .ARM.attributes
                0x000000f2       0x34 ./app/main.o
 .ARM.attributes
                0x00000126       0x34 ./core/Src/stm32g4xx_it.o
 .ARM.attributes
                0x0000015a       0x34 ./core/Src/syscalls.o
 .ARM.attributes
                0x0000018e       0x34 ./core/Src/sysmem.o
 .ARM.attributes
                0x000001c2       0x34 ./core/Src/system_stm32g4xx.o
 .ARM.attributes
                0x000001f6       0x34 ./core/Startup/bootloader.o
 .ARM.attributes
                0x0000022a       0x21 ./core/Startup/startup_stm32g431kbtx.o
 .ARM.attributes
                0x0000024b       0x34 ./drivers/bsp/TFT_ili9341/stm32g4_ili9341.o
 .ARM.attributes
                0x0000027f       0x34 ./drivers/bsp/stm32g4_extit.o
 .ARM.attributes
                0x000002b3       0x34 ./drivers/bsp/stm32g4_gpio.o
 .ARM.attributes
                0x000002e7       0x34 ./drivers/bsp/stm32g4_spi.o
 .ARM.attributes
                0x0000031b       0x34 ./drivers/bsp/stm32g4_sys.o
 .ARM.attributes
                0x0000034f       0x34 ./drivers/bsp/stm32g4_systick.o
 .ARM.attributes