Archive member included to satisfy reference by file (symbol)

C:/STM32CubeIDE_2.0.0/STM32CubeIDE/plugins/com.st.stm32cube.ide.mcu.externaltools.gnu-tools-for-stm32.13.3.rel1.win32_1.0.100.202509120712/tools/bin/../lib/gcc/arm-none-eabi/13.3.1/../../../../arm-none-eabi/lib/thumb/v7e-m+fp/hard\libc_nano.a(libc_a-assert.o)
                              ./drivers/bsp/stm32g4_spi.o (__assert_func)
C:/STM32CubeIDE_2.0.0/STM32CubeIDE/plugins/com.st.stm32cube.ide.mcu.externaltools.gnu-tools-for-stm32.13.3.rel1.win32_1.0.100.202509120712/tools/bin/../lib/gcc/arm-none-eabi/13.3.1/../../../../arm-none-eabi/lib/thumb/v7e-m+fp/hard\libc_nano.a(libc_a-exit.o)
                              C:/STM32CubeIDE_2.0.0/STM32CubeIDE/plugins/com.st.stm32cube.ide.mcu.externaltools.gnu-tools-for-stm32.13.3.rel1.win32_1.0.100.202509120712/tools/bin/../lib/gcc/arm-none-eabi/13.3.1/../../../../arm-none-eabi/lib/thumb/v7e-m+fp/hard/rdimon-crt0.o (exit)
C:/STM32CubeIDE_2.0.0/STM32CubeIDE/plugins/com.st.stm32cube.ide.mcu.externaltools.gnu-tools-for-stm32.13.3.rel1.win32_1.0.100.202509120712/tools/bin/../lib/gcc/arm-none-eabi/13.3.1/../../../../arm-none-eabi/lib/thumb/v7e-m+fp/hard\libc_nano.a(libc_a-nano-vfprintf_float.o)
                              (_printf_float)
C:/STM32CubeIDE_2.0.0/STM32CubeIDE/plugins/com.st.stm32cube.ide.mcu.externaltools.gnu-tools-for-stm32.13.3.rel1.win32_1.0.100.202509120712/tools/bin/../lib/gcc/arm-none-eabi/13.3.1/../../../../arm-none-eabi/lib/thumb/v7e-m+fp/hard\libc_nano.a(libc_a-nano-vfprintf_i.o)
                              C:/STM32CubeIDE_2.0.0/STM32CubeIDE/plugins/com.st.stm32cube.ide.mcu.externaltools.gnu-tools-for-stm32.13.3.rel1.win32_1.0.100.202509120712/tools/bin/../lib/gcc/arm-none-eabi/13.3.1/../../../../arm-none-eabi/lib/thumb/v7e-m+fp/hard\libc_nano.a(libc_a-nano-vfprintf_float.o) (_printf_common)
C:/STM32CubeIDE_2.0.0/STM32CubeIDE/plugins/com.st.stm32cube.ide.mcu.externaltools.gnu-tools-for-stm32.13.3.rel1.win32_1.0.100.202509120712/tools/bin/../lib/gcc/arm-none-eabi/13.3.1/../../../../arm-none-eabi/lib/thumb/v7e-m+fp/hard\libc_nano.a(libc_a-findfp.o)
                              C:/STM32CubeIDE_2.0.0/STM32CubeIDE/plugins/com.st.stm32cube.ide.mcu.externaltools.gnu-tools-for-stm32.13.3.rel1.win32_1.0.100.202509120712/tools/bin/../lib/gcc/arm-none-eabi/13.3.1/../../../../arm-none-eabi/lib/thumb/v7e-m+fp/hard\libc_nano.a(libc_a-exit.o) (__stdio_exit_handler)
C:/STM32CubeIDE_2.0.0/STM32CubeIDE/plugins/com.st.stm32cube.ide.mcu.externaltools.gnu-tools-for-stm32.13.3.rel1.win32_1.0.100.202509120712/tools/bin/../lib/gcc/arm-none-eabi/13.3.1/../../../../arm-none-eabi/lib/thumb/v7e-m+fp/hard\libc_nano.a(libc_a-fprintf.o)
                              C:/STM32CubeIDE_2.0.0/STM32CubeIDE/plugins/com.st.stm32cube.ide.mcu.externaltools.gnu-tools-for-stm32.13.3.rel1.win32_1.0.100.202509120712/tools/bin/../lib/gcc/arm-none-eabi/13.3.1/../../../../arm-none-eabi/lib/thumb/v7e-m+fp/hard\libc_nano.a(libc_a-assert.o) (fiprintf)
C:/STM32CubeIDE_2.0.0/STM32CubeIDE/plugins/com.st.stm32cube.ide.mcu.externaltools.gnu-tools-for-stm32.13.3.rel1.win32_1.0.100.202509120712/tools/bin/../lib/gcc/arm-none-eabi/13.3.1/../../../../arm-none-eabi/lib/thumb/v7e-m+fp/hard\libc_nano.a(libc_a-fwalk.o)
                              C:/STM32CubeIDE_2.0.0/STM32CubeIDE/plugins/com.st.stm32cube.ide.mcu.externaltools.gnu-tools-for-stm32.13.3.rel1.win32_1.0.100.202509120712/tools/bin/../lib/gcc/arm-none-eabi/13.3.1/../../../../arm-none-eabi/lib/thumb/v7e-m+fp/hard\libc_nano.a(libc_a-findfp.o) (_fwalk_sglue)
C:/STM32CubeIDE_2.0.0/STM32CubeIDE/plugins/com.st.stm32cube.ide.mcu.externaltools.gnu-tools-for-stm32.13.3.rel1.win32_1.0.100.202509120712/tools/bin/../lib/gcc/arm-none-eabi/13.3.1/../../../../arm-none-eabi/lib/thumb/v7e-m+fp/hard\libc_nano.a(libc_a-setvbuf.o)
                              ./drivers/bsp/stm32g4_uart.o (setvbuf)
C:/STM32CubeIDE_2.0.0/STM32CubeIDE/plugins/com.st.stm32cube.ide.mcu.externaltools.gnu-tools-for-stm32.13.3.rel1.win32_1.0.100.202509120712/tools/bin/../lib/gcc/arm-none-eabi/13.3.1/../../../../arm-none-eabi/lib/thumb/v7e-m+fp/hard\libc_nano.a(libc_a-stdio.o)
                              C:/STM32CubeIDE_2.0.0/STM32CubeIDE/plugins/com.st.stm32cube.ide.mcu.externaltools.gnu-tools-for-stm32.13.3.rel1.win32_1.0.100.202509120712/tools/bin/../lib/gcc/arm-none-eabi/13.3.1/../../../../arm-none-eabi/lib/thumb/v7e-m+fp/hard\libc_nano.a(libc_a-findfp.o) (__sread)
C:/STM32CubeIDE_2.0.0/STM32CubeIDE/plugins/com.st.stm32cube.ide.mcu.externaltools.gnu-tools-for-stm32.13.3.rel1.win32_1.0.100.202509120712/tools/bin/../lib/gcc/arm-none-eabi/13.3.1/../../../../arm-none-eabi/lib/thumb/v7e-m+fp/hard\libc_nano.a(libc_a-vsnprintf.o)
                              ./drivers/bsp/TFT_ili9341/stm32g4_ili9341.o (vsnprintf)
[...]
Memory Configuration

Name             Origin             Length             Attributes
RAM              0x20000000         0x00008000         xrw
START            0x08000000         0x00000800         xr
BOOTLOADER       0x08000800         0x00000800         xr
FLASH            0x08001000         0x0001e800         xr
VIRTUAL_EEPROM   0x0801f800         0x00000800         xr
*default*        0x00000000         0xffffffff

Linker script and memory map

LOAD C:/STM32CubeIDE_2.0.0/STM32CubeIDE/plugins/com.st.stm32cube.ide.mcu.externaltools.gnu-tools-for-stm32.13.3.rel1.win32_1.0.100.202509120712/tools/bin/../lib/gcc/arm-none-eabi/13.3.1/thumb/v7e-m+fp/hard/crti.o
LOAD C:/STM32CubeIDE_2.0.0/STM32CubeIDE/plugins/com.st.stm32cube.ide.mcu.externaltools.gnu-tools-for-stm32.13.3.rel1.win32_1.0.100.202509120712/tools/bin/../lib/gcc/arm-none-eabi/13.3.1/thumb/v7e-m+fp/hard/crtbegin.o
LOAD C:/STM32CubeIDE_2.0.0/STM32CubeIDE/plugins/com.st.stm32cube.ide.mcu.externaltools.gnu-tools-for-stm32.13.3.rel1.win32_1.0.100.202509120712/tools/bin/../lib/gcc/arm-none-eabi/13.3.1/../../../../arm-none-eabi/lib/thumb/v7e-m+fp/hard/rdimon-crt0.o
LOAD ./app/breakbricks.o
LOAD ./app/button.o
LOAD ./app/display.o
LOAD ./app/main.o
LOAD ./core/Src/stm32g4xx_it.o
LOAD ./core/Src/syscalls.o
LOAD ./core/Src/sysmem.o
LOAD ./core/Src/system_stm32g4xx.o
LOAD ./core/Startup/bootloader.o
LOAD ./core/Startup/startup_stm32g431kbtx.o
LOAD ./drivers/bsp/TFT_ili9341/stm32g4_fonts.o
LOAD ./drivers/bsp/TFT_ili9341/stm32g4_ili9341.o
LOAD ./drivers/bsp/TFT_ili9341/stm32g4_xpt2046.o
LOAD ./drivers/bsp/stm32g4_adc.o
LOAD ./drivers/bsp/stm32g4_extit.o
LOAD ./drivers/bsp/stm32g4_gpio.o
LOAD ./drivers/bsp/stm32g4_i2c.o
LOAD ./drivers/bsp/stm32g4_spi.o
LOAD ./drivers/bsp/stm32g4_sys.o
LOAD ./drivers/bsp/stm32g4_systick.o
LOAD ./drivers/bsp/stm32g4_timer.o
LOAD ./drivers/bsp/stm32g4_uart.o
LOAD ./drivers/stm32g4xx_hal/Src/stm32g4xx_hal.o
LOAD ./drivers/stm32g4xx_hal/Src/stm32g4xx_hal_adc.o
LOAD ./drivers/stm32g4xx_hal/Src/stm32g4xx_hal_adc_ex.o
LOAD ./drivers/stm32g4xx_hal/Src/stm32g4xx_hal_cortex.o
LOAD ./drivers/stm32g4xx_hal/Src/stm32g4xx_hal_dac.o
LOAD ./drivers/stm32g4xx_hal/Src/stm32g4xx_hal_dac_ex.o
LOAD ./drivers/stm32g4xx_hal/Src/stm32g4xx_hal_dma.o
LOAD ./drivers/stm32g4xx_hal/Src/stm32g4xx_hal_dma_ex.o
LOAD ./drivers/stm32g4xx_hal/Src/stm32g4xx_hal_exti.o
LOAD ./drivers/stm32g4xx_hal/Src/stm32g4xx_hal_flash.o
LOAD ./drivers/stm32g4xx_hal/Src/stm32g4xx_hal_flash_ex.o
LOAD ./drivers/stm32g4xx_hal/Src/stm32g4xx_hal_flash_ramfunc.o
LOAD ./drivers/stm32g4xx_hal/Src/stm32g4xx_hal_gpio.o
LOAD ./drivers/stm32g4xx_hal/Src/stm32g4xx_hal_i2c.o
LOAD ./drivers/stm32g4xx_hal/Src/stm32g4xx_hal_i2c_ex.o
LOAD ./drivers/stm32g4xx_hal/Src/stm32g4xx_hal_pwr.o
LOAD ./drivers/stm32g4xx_hal/Src/stm32g4xx_hal_pwr_ex.o
LOAD ./drivers/stm32g4xx_hal/Src/stm32g4xx_hal_rcc.o
LOAD ./drivers/stm32g4xx_hal/Src/stm32g4xx_hal_rcc_ex.o
LOAD ./drivers/stm32g4xx_hal/Src/stm32g4xx_hal_rng.o
LOAD ./drivers/stm32g4xx_hal/Src/stm32g4xx_hal_rtc.o
LOAD ./drivers/stm32g4xx_hal/Src/stm32g4xx_hal_rtc_ex.o
LOAD ./drivers/stm32g4xx_hal/Src/stm32g4xx_hal_spi.o
LOAD ./drivers/stm32g4xx_hal/Src/stm32g4xx_hal_spi_ex.o
LOAD ./drivers/stm32g4xx_hal/Src/stm32g4xx_hal_tim.o
LOAD ./drivers/stm32g4xx_hal/Src/stm32g4xx_hal_tim_ex.o
LOAD ./drivers/stm32g4xx_hal/Src/stm32g4xx_hal_uart.o
LOAD ./drivers/stm32g4xx_hal/Src/stm32g4xx_hal_uart_ex.o
LOAD ./drivers/stm32g4xx_hal/Src/stm32g4xx_ll_adc.o
LOAD C:/STM32CubeIDE_2.0.0/STM32CubeIDE/plugins/com.st.stm32cube.ide.mcu.externaltools.gnu-tools-for-stm32.13.3.rel1.win32_1.0.100.202509120712/tools/bin/../lib/gcc/arm-none-eabi/13.3.1/../../../../arm-none-eabi/lib/thumb/v7e-m+fp/hard\libc_nano.a
LOAD C:/STM32CubeIDE_2.0.0/STM32CubeIDE/plugins/com.st.stm32cube.ide.mcu.externaltools.gnu-tools-for-stm32.13.3.rel1.win32_1.0.100.202509120712/tools/bin/../lib/gcc/arm-none-eabi/13.3.1/../../../../arm-none-eabi/lib/thumb/v7e-m+fp/hard\librdimon_nano.a
START GROUP
LOAD C:/STM32CubeIDE_2.0.0/STM32CubeIDE/plugins/com.st.stm32cube.ide.mcu.externaltools.gnu-tools-for-stm32.13.3.rel1.win32_1.0.100.202509120712/tools/bin/../lib/gcc/arm-none-eabi/13.3.1/../../../../arm-none-eabi/lib/thumb/v7e-m+fp/hard\libc_nano.a
LOAD C:/STM32CubeIDE_2.0.0/STM32CubeIDE/plugins/com.st.stm32cube.ide.mcu.externaltools.gnu-tools-for-stm32.13.3.rel1.win32_1.0.100.202509120712/tools/bin/../lib/gcc/arm-none-eabi/13.3.1/../../../../arm-none-eabi/lib/thumb/v7e-m+fp/hard\libm.a
END GROUP
START GROUP
LOAD C:/STM32CubeIDE_2.0.0/STM32CubeIDE/plugins/com.st.stm32cube.ide.mcu.externaltools.gnu-tools-for-stm32.13.3.rel1.win32_1.0.100.202509120712/tools/bin/../lib/gcc/arm-none-eabi/13.3.1/thumb/v7e-m+fp/hard\libgcc.a
LOAD C:/STM32CubeIDE_2.0.0/STM32CubeIDE/plugins/com.st.stm32cube.ide.mcu.externaltools.gnu-tools-for-stm32.13.3.rel1.win32_1.0.100.202509120712/tools/bin/../lib/gcc/arm-none-eabi/13.3.1/../../../../arm-none-eabi/lib/thumb/v7e-m+fp/hard\libc_nano.a
END GROUP
START GROUP
LOAD C:/STM32CubeIDE_2.0.0/STM32CubeIDE/plugins/com.st.stm32cube.ide.mcu.externaltools.gnu-tools-for-stm32.13.3.rel1.win32_1.0.100.202509120712/tools/bin/../lib/gcc/arm-none-eabi/13.3.1/thumb/v7e-m+fp/hard\libgcc.a
LOAD C:/STM32CubeIDE_2.0.0/STM32CubeIDE/plugins/com.st.stm32cube.ide.mcu.externaltools.gnu-tools-for-stm32.13.3.rel1.win32_1.0.100.202509120712/tools/bin/../lib/gcc/arm-none-eabi/13.3.1/../../../../arm-none-eabi/lib/thumb/v7e-m+fp/hard\libc_nano.a
LOAD C:/STM32CubeIDE_2.0.0/STM32CubeIDE/plugins/com.st.stm32cube.ide.mcu.externaltools.gnu-tools-for-stm32.13.3.rel1.win32_1.0.100.202509120712/tools/bin/../lib/gcc/arm-none-eabi/13.3.1/../../../../arm-none-eabi/lib/thumb/v7e-m+fp/hard\libnosys.a
END GROUP
START GROUP
LOAD C:/STM32CubeIDE_2.0.0/STM32CubeIDE/plugins/com.st.stm32cube.ide.mcu.externaltools.gnu-tools-for-stm32.13.3.rel1.win32_1.0.100.202509120712/tools/bin/../lib/gcc/arm-none-eabi/13.3.1/thumb/v7e-m+fp/hard\libgcc.a
LOAD C:/STM32CubeIDE_2.0.0/STM32CubeIDE/plugins/com.st.stm32cube.ide.mcu.externaltools.gnu-tools-for-stm32.13.3.rel1.win32_1.0.100.202509120712/tools/bin/../lib/gcc/arm-none-eabi/13.3.1/../../../../arm-none-eabi/lib/thumb/v7e-m+fp/hard\libc_nano.a
LOAD C:/STM32CubeIDE_2.0.0/STM32CubeIDE/plugins/com.st.stm32cube.ide.mcu.externaltools.gnu-tools-for-stm32.13.3.rel1.win32_1.0.100.202509120712/tools/bin/../lib/gcc/arm-none-eabi/13.3.1/../../../../arm-none-eabi/lib/thumb/v7e-m+fp/hard\librdimon_nano.a
END GROUP
START GROUP
LOAD C:/STM32CubeIDE_2.0.0/STM32CubeIDE/plugins/com.st.stm32cube.ide.mcu.externaltools.gnu-tools-for-stm32.13.3.rel1.win32_1.0.100.202509120712/tools/bin/../lib/gcc/arm-none-eabi/13.3.1/thumb/v7e-m+fp/hard\libgcc.a
LOAD C:/STM32CubeIDE_2.0.0/STM32CubeIDE/plugins/com.st.stm32cube.ide.mcu.externaltools.gnu-tools-for-stm32.13.3.rel1.win32_1.0.100.202509120712/tools/bin/../lib/gcc/arm-none-eabi/13.3.1/../../../../arm-none-eabi/lib/thumb/v7e-m+fp/hard\libc_nano.a
LOAD C:/STM32CubeIDE_2.0.0/STM32CubeIDE/plugins/com.st.stm32cube.ide.mcu.externaltools.gnu-tools-for-stm32.13.3.rel1.win32_1.0.100.202509120712/tools/bin/../lib/gcc/arm-none-eabi/13.3.1/../../../../arm-none-eabi/lib/thumb/v7e-m+fp/hard\librdimon_nano.a
LOAD C:/STM32CubeIDE_2.0.0/STM32CubeIDE/plugins/com.st.stm32cube.ide.mcu.externaltools.gnu-tools-for-stm32.13.3.rel1.win32_1.0.100.202509120712/tools/bin/../lib/gcc/arm-none-eabi/13.3.1/../../../../arm-none-eabi/lib/thumb/v7e-m+fp/hard\libnosys.a
END GROUP
LOAD C:/STM32CubeIDE_2.0.0/STM32CubeIDE/plugins/com.st.stm32cube.ide.mcu.externaltools.gnu-tools-for-stm32.13.3.rel1.win32_1.0.100.202509120712/tools/bin/../lib/gcc/arm-none-eabi/13.3.1/thumb/v7e-m+fp/hard/crtend.o
LOAD C:/STM32CubeIDE_2.0.0/STM32CubeIDE/plugins/com.st.stm32cube.ide.mcu.externaltools.gnu-tools-for-stm32.13.3.rel1.win32_1.0.100.202509120712/tools/bin/../lib/gcc/arm-none-eabi/13.3.1/thumb/v7e-m+fp/hard/crtn.o
                0x20008000                        _estack = (ORIGIN (RAM) + LENGTH (RAM))
                0x00000200                        _Min_Heap_Size = 0x200
                0x00000400                        _Min_Stack_Size = 0x400
                0x20007c00                        __Stack_Init = (_estack - _Min_Stack_Size)

.isr_vector     0x08000000      0x1d8
                0x08000000                        . = ALIGN (0x4)
 *(.isr_vector)
 .isr_vector    0x08000000      0x1d8 ./core/Startup/startup_stm32g431kbtx.o
                0x08000000                g_pfnVectors
                0x080001d8                        . = ALIGN (0x4)

.startup        0x080001d8       0x84
                0x080001d8                        . = ALIGN (0x4)
 *(.startup)
 .startup       0x080001d8        0xe ./core/Startup/startup_stm32g431kbtx.o
                0x080001d8                Delay_us
 *(.startup*)
 *fill*         0x080001e6        0x2 
 .startup.Reset_Handler
                0x080001e8       0x70 ./core/Startup/startup_stm32g431kbtx.o
                0x080001e8                Reset_Handler
 .startup.Default_Handler
                0x08000258        0x2 ./core/Startup/startup_stm32g431kbtx.o
                0x08000258                RTC_Alarm_IRQHandler
                0x08000258                TIM8_TRG_COM_IRQHandler
                0x08000258                TIM8_CC_IRQHandler
                0x08000258                TIM1_CC_IRQHandler
                0x08000258                USB_HP_IRQHandler
                0x08000258                CORDIC_IRQHandler
                0x08000258                I2C3_ER_IRQHandler
                0x08000258                I2C2_EV_IRQHandler
                0x08000258                FPU_IRQHandler
                0x08000258                FDCAN1_IT1_IRQHandler
                0x08000258                ADC1_2_IRQHandler
                0x08000258                SPI1_IRQHandler
                0x08000258                TIM8_UP_IRQHandler
                0x08000258                DMA2_Channel2_IRQHandler
                0x08000258                DMA1_Channel4_IRQHandler
                0x08000258                USART3_IRQHandler
                0x08000258                DMA2_Channel1_IRQHandler
                0x08000258                I2C1_EV_IRQHandler
                0x08000258                DMA1_Channel6_IRQHandler
                0x08000258                UART4_IRQHandler
                0x08000258                DMA2_Channel4_IRQHandler
                0x08000258                RCC_IRQHandler
                0x08000258                DMA1_Channel1_IRQHandler
                0x08000258                Default_Handler
                0x08000258                RTC_TAMP_LSECSS_IRQHandler
                0x08000258                FMAC_IRQHandler
                0x08000258                TIM7_IRQHandler
                0x08000258                UCPD1_IRQHandler
                0x08000258                I2C3_EV_IRQHandler
                0x08000258                RTC_WKUP_IRQHandler
                0x08000258                PVD_PVM_IRQHandler
                0x08000258                SPI2_IRQHandler
                0x08000258                DMA2_Channel5_IRQHandler
                0x08000258                CRS_IRQHandler
                0x08000258                DMA1_Channel5_IRQHandler
                0x08000258                USB_LP_IRQHandler
                0x08000258                RNG_IRQHandler
                0x08000258                TIM1_TRG_COM_TIM17_IRQHandler
                0x08000258                DMA1_Channel3_IRQHandler
                0x08000258                WWDG_IRQHandler
                0x08000258                LPUART1_IRQHandler
                0x08000258                DMA2_Channel6_IRQHandler
                0x08000258                FDCAN1_IT0_IRQHandler
                0x08000258                COMP1_2_3_IRQHandler
                0x08000258                I2C2_ER_IRQHandler
                0x08000258                DMA1_Channel2_IRQHandler
                0x08000258                TIM8_BRK_IRQHandler
                0x08000258                FLASH_IRQHandler
                0x08000258                SPI3_IRQHandler
                0x08000258                I2C1_ER_IRQHandler
                0x08000258                LPTIM1_IRQHandler
                0x08000258                DMAMUX_OVR_IRQHandler
                0x08000258                USBWakeUp_IRQHandler
                0x08000258                SAI1_IRQHandler
                0x08000258                DMA2_Channel3_IRQHandler
                0x08000258                COMP4_IRQHandler
                0x08000258                TIM1_BRK_TIM15_IRQHandler
                0x0800025c                        . = ALIGN (0x4)
 *fill*         0x0800025a        0x2 

.bootloader     0x08000800      0x690
                0x08000800                        . = ALIGN (0x4)
 *(.bootloader.begin)
 .bootloader.begin
                0x08000800      0x27c ./core/Startup/bootloader.o
                0x08000800                bootloader
 *(.bootloader)
 .bootloader    0x08000a7c      0x414 ./core/Startup/bootloader.o
                0x08000e90                        . = ALIGN (0x4)

.text           0x08001000     0xa93c
                0x08001000                        . = ALIGN (0x4)
 *(.text)
 .text          0x08001000       0x40 C:/STM32CubeIDE_2.0.0/STM32CubeIDE/plugins/com.st.stm32cube.ide.mcu.externaltools.gnu-tools-for-stm32.13.3.rel1.win32_1.0.100.202509120712/tools/bin/../lib/gcc/arm-none-eabi/13.3.1/thumb/v7e-m+fp/hard/crtbegin.o
 .text          0x08001040       0xa0 C:/STM32CubeIDE_2.0.0/STM32CubeIDE/plugins/com.st.stm32cube.ide.mcu.externaltools.gnu-tools-for-stm32.13.3.rel1.win32_1.0.100.202509120712/tools/bin/../lib/gcc/arm-none-eabi/13.3.1/../../../../arm-none-eabi/lib/thumb/v7e-m+fp/hard\libc_nano.a(libc_a-memchr.o)
                0x08001040                memchr
 .text          0x080010e0       0x10 C:/STM32CubeIDE_2.0.0/STM32CubeIDE/plugins/com.st.stm32cube.ide.mcu.externaltools.gnu-tools-for-stm32.13.3.rel1.win32_1.0.100.202509120712/tools/bin/../lib/gcc/arm-none-eabi/13.3.1/../../../../arm-none-eabi/lib/thumb/v7e-m+fp/hard\libc_nano.a(libc_a-strlen.o)
                0x080010e0                strlen
 .text          0x080010f0      0x378 C:/STM32CubeIDE_2.0.0/STM32CubeIDE/plugins/com.st.stm32cube.ide.mcu.externaltools.gnu-tools-for-stm32.13.3.rel1.win32_1.0.100.202509120712/tools/bin/../lib/gcc/arm-none-eabi/13.3.1/thumb/v7e-m+fp/hard\libgcc.a(_arm_addsubdf3.o)
                0x080010f0                __aeabi_drsub
                0x080010f8                __aeabi_dsub
                0x080010f8                __subdf3
                0x080010fc                __aeabi_dadd
                0x080010fc                __adddf3
                0x08001374                __floatunsidf
                0x08001374                __aeabi_ui2d
                0x08001394                __floatsidf
                0x08001394                __aeabi_i2d
                0x080013b8                __aeabi_f2d
                0x080013b8                __extendsfdf2
                0x080013fc                __floatundidf
                0x080013fc                __aeabi_ul2d
                0x0800140c                __floatdidf
                0x0800140c                __aeabi_l2d
 .text          0x08001468      0x424 C:/STM32CubeIDE_2.0.0/STM32CubeIDE/plugins/com.st.stm32cube.ide.mcu.externaltools.gnu-tools-for-stm32.13.3.rel1.win32_1.0.100.202509120712/tools/bin/../lib/gcc/arm-none-eabi/13.3.1/thumb/v7e-m+fp/hard\libgcc.a(_arm_muldivdf3.o)
                0x08001468                __aeabi_dmul
                0x08001468                __muldf3
                0x080016bc                __divdf3
                0x080016bc                __aeabi_ddiv
 .text          0x0800188c      0x110 C:/STM32CubeIDE_2.0.0/STM32CubeIDE/plugins/com.st.stm32cube.ide.mcu.externaltools.gnu-tools-for-stm32.13.3.rel1.win32_1.0.100.202509120712/tools/bin/../lib/gcc/arm-none-eabi/13.3.1/thumb/v7e-m+fp/hard\libgcc.a(_arm_cmpdf2.o)
                0x0800188c                __gtdf2
                0x0800188c                __gedf2
                0x08001894                __ltdf2
                0x08001894                __ledf2
                0x0800189c                __nedf2
                0x0800189c                __eqdf2
                0x0800189c                __cmpdf2
                0x08001918                __aeabi_cdrcmple
                0x08001928                __aeabi_cdcmpeq
                0x08001928                __aeabi_cdcmple
                0x08001938                __aeabi_dcmpeq
                0x0800194c                __aeabi_dcmplt
                0x08001960                __aeabi_dcmple
                0x08001974                __aeabi_dcmpge
                0x08001988                __aeabi_dcmpgt
 .text          0x0800199c       0x2c C:/STM32CubeIDE_2.0.0/STM32CubeIDE/plugins/com.st.stm32cube.ide.mcu.externaltools.gnu-tools-for-stm32.13.3.rel1.win32_1.0.100.202509120712/tools/bin/../lib/gcc/arm-none-eabi/13.3.1/thumb/v7e-m+fp/hard\libgcc.a(_arm_unorddf2.o)
                0x0800199c                __unorddf2
                0x0800199c                __aeabi_dcmpun
 .text          0x080019c8       0x50 C:/STM32CubeIDE_2.0.0/STM32CubeIDE/plugins/com.st.stm32cube.ide.mcu.externaltools.gnu-tools-for-stm32.13.3.rel1.win32_1.0.100.202509120712/tools/bin/../lib/gcc/arm-none-eabi/13.3.1/thumb/v7e-m+fp/hard\libgcc.a(_arm_fixdfsi.o)
                0x080019c8                __aeabi_d2iz
                0x080019c8                __fixdfsi
 .text          0x08001a18       0x30 C:/STM32CubeIDE_2.0.0/STM32CubeIDE/plugins/com.st.stm32cube.ide.mcu.externaltools.gnu-tools-for-stm32.13.3.rel1.win32_1.0.100.202509120712/tools/bin/../lib/gcc/arm-none-eabi/13.3.1/thumb/v7e-m+fp/hard\libgcc.a(_aeabi_uldivmod.o)
                0x08001a18                __aeabi_uldivmod
 .text          0x08001a48      0x2f8 C:/STM32CubeIDE_2.0.0/STM32CubeIDE/plugins/com.st.stm32cube.ide.mcu.externaltools.gnu-tools-for-stm32.13.3.rel1.win32_1.0.100.202509120712/tools/bin/../lib/gcc/arm-none-eabi/13.3.1/thumb/v7e-m+fp/hard\libgcc.a(_udivmoddi4.o)
                0x08001a48                __udivmoddi4
 .text          0x08001d40        0x4 C:/STM32CubeIDE_2.0.0/STM32CubeIDE/plugins/com.st.stm32cube.ide.mcu.externaltools.gnu-tools-for-stm32.13.3.rel1.win32_1.0.100.202509120712/tools/bin/../lib/gcc/arm-none-eabi/13.3.1/thumb/v7e-m+fp/hard\libgcc.a(_dvmd_tls.o)
                0x08001d40                __aeabi_idiv0
                0x08001d40                __aeabi_ldiv0
 *(.text*)
 .text.BREAKBRICKS_init
                0x08001d44      0x1a8 ./app/breakbricks.o
                0x08001d44                BREAKBRICKS_init
 .text.BREAKBRICKS_process_main
                0x08001eec       0x98 ./app/breakbricks.o
                0x08001eec                BREAKBRICKS_process_main
 .text.BREAKBRICKS_process_ms
                0x08001f84       0x60 ./app/breakbricks.o
 .text.BREAKBRICKS_racket_update
                0x08001fe4       0xc4 ./app/breakbricks.o
 .text.BREAKBRICKS_ball_update
                0x080020a8      0x1b8 ./app/breakbricks.o
 .text.BREAKBRICKS_check_collision
                0x08002260      0x388 ./app/breakbricks.o
 .text.BREAKBRICKS_breaks
                0x080025e8       0x50 ./app/breakbricks.o
 .text.BUTTONS_init
                0x08002638       0x8c ./app/button.o
                0x08002638                BUTTONS_init
 .text.BUTTONS_process_ms
                0x080026c4       0x24 ./app/button.o
                0x080026c4                BUTTONS_process_ms
 .text.BUTTON_left_read
                0x080026e8       0x20 ./app/button.o
                0x080026e8                BUTTON_left_read
 .text.BUTTON_right_read
                0x08002708       0x20 ./app/button.o
                0x08002708                BUTTON_right_read
 .text.BUTTON_center_read
                0x08002728       0x20 ./app/button.o
                0x08002728                BUTTON_center_read
 .text.DISPLAY_init
                0x08002748       0x1a ./app/display.o
                0x08002748                DISPLAY_init
 *fill*         0x08002762        0x2 
 .text.DISPLAY_refresh_ball
                0x08002764       0xd8 ./app/display.o
                0x08002764                DISPLAY_refresh_ball
 .text.DISPLAY_refresh_racket
                0x0800283c      0x1b4 ./app/display.o
                0x0800283c                DISPLAY_refresh_racket
 .text.DISPLAY_refresh_grid
                0x080029f0      0x114 ./app/display.o
                0x080029f0                DISPLAY_refresh_grid
 .text.main     0x08002b04       0x44 ./app/main.o
                0x08002b04                main
 .text.NMI_Handler
                0x08002b48        0x8 ./core/Src/stm32g4xx_it.o
                0x08002b48                NMI_Handler
 .text.HardFault_Handler
                0x08002b50        0x8 ./core/Src/stm32g4xx_it.o
                0x08002b50                HardFault_Handler
 .text.MemManage_Handler
                0x08002b58        0x8 ./core/Src/stm32g4xx_it.o
                0x08002b58                MemManage_Handler
 .text.BusFault_Handler
                0x08002b60        0x8 ./core/Src/stm32g4xx_it.o
                0x08002b60                BusFault_Handler
 .text.UsageFault_Handler
                0x08002b68        0x8 ./core/Src/stm32g4xx_it.o
                0x08002b68                UsageFault_Handler
 .text.SVC_Handler
                0x08002b70        0xe ./core/Src/stm32g4xx_it.o
                0x08002b70                SVC_Handler
 .text.DebugMon_Handler
                0x08002b7e        0xe ./core/Src/stm32g4xx_it.o
                0x08002b7e                DebugMon_Handler
 .text.PendSV_Handler
                0x08002b8c        0xe ./core/Src/stm32g4xx_it.o
                0x08002b8c                PendSV_Handler
 .text._getpid  0x08002b9a       0x10 ./core/Src/syscalls.o
                0x08002b9a                _getpid
 .text._kill    0x08002baa       0x20 ./core/Src/syscalls.o
                0x08002baa                _kill
 .text._exit    0x08002bca       0x16 ./core/Src/syscalls.o
                0x08002bca                _exit
 .text._fstat   0x08002be0       0x20 ./core/Src/syscalls.o
                0x08002be0                _fstat
 .text._sbrk    0x08002c00       0x6c ./core/Src/sysmem.o
                0x08002c00                _sbrk
 .text.SystemInit
                0x08002c6c       0x24 ./core/Src/system_stm32g4xx.o
                0x08002c6c                SystemInit
 .text.ILI9341_Init
                0x08002c90       0x98 ./drivers/bsp/TFT_ili9341/stm32g4_ili9341.o
                0x08002c90                ILI9341_Init
 .text.ILI9341_InitLCD
                0x08002d28      0x26c ./drivers/bsp/TFT_ili9341/stm32g4_ili9341.o
                0x08002d28                ILI9341_InitLCD
 .text.ILI9341_SendCommand
                0x08002f94       0x48 ./drivers/bsp/TFT_ili9341/stm32g4_ili9341.o
                0x08002f94                ILI9341_SendCommand
 .text.ILI9341_SendData
                0x08002fdc       0x48 ./drivers/bsp/TFT_ili9341/stm32g4_ili9341.o
                0x08002fdc                ILI9341_SendData
 .text.ILI9341_DrawPixel
                0x08003024       0x44 ./drivers/bsp/TFT_ili9341/stm32g4_ili9341.o
                0x08003024                ILI9341_DrawPixel
 .text.ILI9341_SetCursorPosition
                0x08003068       0x92 ./drivers/bsp/TFT_ili9341/stm32g4_ili9341.o
                0x08003068                ILI9341_SetCursorPosition
 *fill*         0x080030fa        0x2 
 .text.ILI9341_Fill
                0x080030fc       0x30 ./drivers/bsp/TFT_ili9341/stm32g4_ili9341.o
                0x080030fc                ILI9341_Fill
 .text.ILI9341_INT_Fill
                0x0800312c       0xc0 ./drivers/bsp/TFT_ili9341/stm32g4_ili9341.o
                0x0800312c                ILI9341_INT_Fill
 .text.ILI9341_Rotate
                0x080031ec       0x84 ./drivers/bsp/TFT_ili9341/stm32g4_ili9341.o
                0x080031ec                ILI9341_Rotate
 .text.ILI9341_DrawLine
                0x08003270      0x1c0 ./drivers/bsp/TFT_ili9341/stm32g4_ili9341.o
                0x08003270                ILI9341_DrawLine
 .text.ILI9341_DrawRectangle
                0x08003430       0x6e ./drivers/bsp/TFT_ili9341/stm32g4_ili9341.o
                0x08003430                ILI9341_DrawRectangle
 .text.ILI9341_DrawFilledRectangle
                0x0800349e       0x6c ./drivers/bsp/TFT_ili9341/stm32g4_ili9341.o
                0x0800349e                ILI9341_DrawFilledRectangle
 .text.ILI9341_DrawCircle
                0x0800350a      0x1a8 ./drivers/bsp/TFT_ili9341/stm32g4_ili9341.o
                0x0800350a                ILI9341_DrawCircle
 *fill*         0x080036b2        0x2 
 .text.call_extit_user_callback
                0x080036b4       0x64 ./drivers/bsp/stm32g4_extit.o
 .text.EXTI0_IRQHandler
                0x08003718        0xe ./drivers/bsp/stm32g4_extit.o
                0x08003718                EXTI0_IRQHandler
 .text.EXTI1_IRQHandler
                0x08003726        0xe ./drivers/bsp/stm32g4_extit.o
                0x08003726                EXTI1_IRQHandler
 .text.EXTI2_IRQHandler
                0x08003734        0xe ./drivers/bsp/stm32g4_extit.o
                0x08003734                EXTI2_IRQHandler
 .text.EXTI3_IRQHandler
                0x08003742        0xe ./drivers/bsp/stm32g4_extit.o
                0x08003742                EXTI3_IRQHandler
 .text.EXTI4_IRQHandler
                0x08003750        0xe ./drivers/bsp/stm32g4_extit.o
                0x08003750                EXTI4_IRQHandler
 .text.EXTI9_5_IRQHandler
                0x0800375e       0x26 ./drivers/bsp/stm32g4_extit.o
                0x0800375e                EXTI9_5_IRQHandler
 .text.EXTI15_10_IRQHandler
                0x08003784       0x2c ./drivers/bsp/stm32g4_extit.o
                0x08003784                EXTI15_10_IRQHandler
 .text.BSP_GPIO_enable
                0x080037b0       0x80 ./drivers/bsp/stm32g4_gpio.o
                0x080037b0                BSP_GPIO_enable
 .text.BSP_GPIO_pin_config
                0x08003830       0x5c ./drivers/bsp/stm32g4_gpio.o
                0x08003830                BSP_GPIO_pin_config
 .text.BSP_SPI_Init
                0x0800388c      0x2c8 ./drivers/bsp/stm32g4_spi.o
                0x0800388c                BSP_SPI_Init
 .text.SPI_GPIO_FULLDUPLEX_config
                0x08003b54      0x13c ./drivers/bsp/stm32g4_spi.o
                0x08003b54                SPI_GPIO_FULLDUPLEX_config
 .text.SPI_GPIO_HALFDUPLEX_or_TRANSMITONLY_config
                0x08003c90      0x1cc ./drivers/bsp/stm32g4_spi.o
                0x08003c90                SPI_GPIO_HALFDUPLEX_or_TRANSMITONLY_config
 .text.SPI_GPIO_RECEIVEONLY_config
                0x08003e5c      0x1cc ./drivers/bsp/stm32g4_spi.o
                0x08003e5c                SPI_GPIO_RECEIVEONLY_config
 .text.BSP_SPI_WriteNoRegister
                0x08004028       0x88 ./drivers/bsp/stm32g4_spi.o
                0x08004028                BSP_SPI_WriteNoRegister
 .text.BSP_SPI_WriteMultiNoRegister
                0x080040b0       0x8c ./drivers/bsp/stm32g4_spi.o
                0x080040b0                BSP_SPI_WriteMultiNoRegister
 .text.BSP_SPI_SetDataSize
                0x0800413c       0x74 ./drivers/bsp/stm32g4_spi.o
                0x0800413c                BSP_SPI_SetDataSize
 .text.BSP_SYS_set_std_usart
                0x080041b0       0x4c ./drivers/bsp/stm32g4_sys.o
                0x080041b0                BSP_SYS_set_std_usart
 .text.HAL_MspInit
                0x080041fc       0x48 ./drivers/bsp/stm32g4_sys.o
                0x080041fc                HAL_MspInit
 .text.SystemClock_Config
                0x08004244       0x96 ./drivers/bsp/stm32g4_sys.o
                0x08004244                SystemClock_Config
 *fill*         0x080042da        0x2 
 .text._read    0x080042dc       0x80 ./drivers/bsp/stm32g4_sys.o
                0x080042dc                _read
 .text._write   0x0800435c       0x8c ./drivers/bsp/stm32g4_sys.o
                0x0800435c                _write
 .text.Error_Handler
                0x080043e8        0xc ./drivers/bsp/stm32g4_sys.o
                0x080043e8                Error_Handler
 .text.BSP_systick_init
                0x080043f4       0x44 ./drivers/bsp/stm32g4_systick.o
                0x080043f4                BSP_systick_init
 .text.BSP_systick_add_callback_function
                0x08004438       0x58 ./drivers/bsp/stm32g4_systick.o
                0x08004438                BSP_systick_add_callback_function
 .text.SysTick_Handler
                0x08004490       0x58 ./drivers/bsp/stm32g4_systick.o
                0x08004490                SysTick_Handler
 .text.TIMER1_user_handler_it
                0x080044e8        0xe ./drivers/bsp/stm32g4_timer.o
                0x080044e8                TIMER1_user_handler_it
 .text.TIMER2_user_handler_it
                0x080044f6        0xe ./drivers/bsp/stm32g4_timer.o
                0x080044f6                TIMER2_user_handler_it
 .text.TIMER3_user_handler_it
                0x08004504        0xe ./drivers/bsp/stm32g4_timer.o
                0x08004504                TIMER3_user_handler_it
 .text.TIMER4_user_handler_it
                0x08004512        0xe ./drivers/bsp/stm32g4_timer.o
                0x08004512                TIMER4_user_handler_it
 .text.TIMER6_user_handler_it
                0x08004520        0xe ./drivers/bsp/stm32g4_timer.o
                0x08004520                TIMER6_user_handler_it
 *fill*         0x0800452e        0x2 
 .text.TIM1_UP_TIM16_IRQHandler
                0x08004530       0x28 ./drivers/bsp/stm32g4_timer.o
                0x08004530                TIM1_UP_TIM16_IRQHandler
 .text.TIM2_IRQHandler
                0x08004558       0x28 ./drivers/bsp/stm32g4_timer.o
                0x08004558                TIM2_IRQHandler
 .text.TIM3_IRQHandler
                0x08004580       0x2c ./drivers/bsp/stm32g4_timer.o
                0x08004580                TIM3_IRQHandler
 .text.TIM4_IRQHandler
                0x080045ac       0x2c ./drivers/bsp/stm32g4_timer.o
                0x080045ac                TIM4_IRQHandler
 .text.TIM6_DAC_IRQHandler
                0x080045d8       0x2c ./drivers/bsp/stm32g4_timer.o
                0x080045d8                TIM6_DAC_IRQHandler
 .text.__NVIC_EnableIRQ
                0x08004604       0x3c ./drivers/bsp/stm32g4_uart.o
 .text.__NVIC_DisableIRQ
                0x08004640       0x48 ./drivers/bsp/stm32g4_uart.o
 .text.BSP_UART_data_ready
                0x08004688       0x3c ./drivers/bsp/stm32g4_uart.o
                0x08004688                BSP_UART_data_ready
 .text.BSP_UART_get_next_byte
                0x080046c4       0xbc ./drivers/bsp/stm32g4_uart.o
                0x080046c4                BSP_UART_get_next_byte
 .text.BSP_UART_putc
                0x08004780       0x8c ./drivers/bsp/stm32g4_uart.o
                0x08004780                BSP_UART_putc
 .text.BSP_UART_init
                0x0800480c      0x244 ./drivers/bsp/stm32g4_uart.o
                0x0800480c                BSP_UART_init
 .text.HAL_UART_MspInit
                0x08004a50      0x104 ./drivers/bsp/stm32g4_uart.o
                0x08004a50                HAL_UART_MspInit
 .text.USART1_IRQHandler
                0x08004b54       0x14 ./drivers/bsp/stm32g4_uart.o
                0x08004b54                USART1_IRQHandler
 .text.USART2_IRQHandler
                0x08004b68       0x14 ./drivers/bsp/stm32g4_uart.o
                0x08004b68                USART2_IRQHandler
 .text.HAL_UART_ErrorCallback
                0x08004b7c       0x4c ./drivers/bsp/stm32g4_uart.o
                0x08004b7c                HAL_UART_ErrorCallback
 .text.HAL_UART_RxCpltCallback
                0x08004bc8       0xac ./drivers/bsp/stm32g4_uart.o
                0x08004bc8                HAL_UART_RxCpltCallback
 .text.HAL_Init
                0x08004c74       0x30 ./drivers/stm32g4xx_hal/Src/stm32g4xx_hal.o
                0x08004c74                HAL_Init
 .text.HAL_InitTick
                0x08004ca4       0x74 ./drivers/stm32g4xx_hal/Src/stm32g4xx_hal.o
                0x08004ca4                HAL_InitTick
 .text.HAL_IncTick
                0x08004d18       0x24 ./drivers/stm32g4xx_hal/Src/stm32g4xx_hal.o
                0x08004d18                HAL_IncTick
 .text.HAL_GetTick
                0x08004d3c       0x18 ./drivers/stm32g4xx_hal/Src/stm32g4xx_hal.o
                0x08004d3c                HAL_GetTick
 .text.HAL_Delay
                0x08004d54       0x44 ./drivers/stm32g4xx_hal/Src/stm32g4xx_hal.o
                0x08004d54                HAL_Delay
 .text.__NVIC_SetPriorityGrouping
                0x08004d98       0x48 ./drivers/stm32g4xx_hal/Src/stm32g4xx_hal_cortex.o
 .text.__NVIC_GetPriorityGrouping
                0x08004de0       0x1c ./drivers/stm32g4xx_hal/Src/stm32g4xx_hal_cortex.o
 .text.__NVIC_EnableIRQ
                0x08004dfc       0x3c ./drivers/stm32g4xx_hal/Src/stm32g4xx_hal_cortex.o
 .text.__NVIC_SetPriority
                0x08004e38       0x54 ./drivers/stm32g4xx_hal/Src/stm32g4xx_hal_cortex.o
 .text.NVIC_EncodePriority
                0x08004e8c       0x66 ./drivers/stm32g4xx_hal/Src/stm32g4xx_hal_cortex.o
 *fill*         0x08004ef2        0x2 
 .text.SysTick_Config
                0x08004ef4       0x44 ./drivers/stm32g4xx_hal/Src/stm32g4xx_hal_cortex.o
 .text.HAL_NVIC_SetPriorityGrouping
                0x08004f38       0x16 ./drivers/stm32g4xx_hal/Src/stm32g4xx_hal_cortex.o
                0x08004f38                HAL_NVIC_SetPriorityGrouping
 .text.HAL_NVIC_SetPriority
                0x08004f4e       0x34 ./drivers/stm32g4xx_hal/Src/stm32g4xx_hal_cortex.o
                0x08004f4e                HAL_NVIC_SetPriority
 .text.HAL_NVIC_EnableIRQ
                0x08004f82       0x1c ./drivers/stm32g4xx_hal/Src/stm32g4xx_hal_cortex.o
                0x08004f82                HAL_NVIC_EnableIRQ
 .text.HAL_SYSTICK_Config
                0x08004f9e       0x18 ./drivers/stm32g4xx_hal/Src/stm32g4xx_hal_cortex.o
                0x08004f9e                HAL_SYSTICK_Config
 .text.HAL_DMA_Abort
                0x08004fb6       0xb2 ./drivers/stm32g4xx_hal/Src/stm32g4xx_hal_dma.o
                0x08004fb6                HAL_DMA_Abort
 .text.HAL_DMA_Abort_IT
                0x08005068       0xce ./drivers/stm32g4xx_hal/Src/stm32g4xx_hal_dma.o
                0x08005068                HAL_DMA_Abort_IT
 *fill*         0x08005136        0x2 
 .text.HAL_GPIO_Init
                0x08005138      0x304 ./drivers/stm32g4xx_hal/Src/stm32g4xx_hal_gpio.o
                0x08005138                HAL_GPIO_Init
 .text.HAL_GPIO_ReadPin
                0x0800543c       0x30 ./drivers/stm32g4xx_hal/Src/stm32g4xx_hal_gpio.o
                0x0800543c                HAL_GPIO_ReadPin
 .text.HAL_GPIO_WritePin
                0x0800546c       0x30 ./drivers/stm32g4xx_hal/Src/stm32g4xx_hal_gpio.o
                0x0800546c                HAL_GPIO_WritePin
 .text.HAL_PWREx_ControlVoltageScaling
                0x0800549c      0x148 ./drivers/stm32g4xx_hal/Src/stm32g4xx_hal_pwr_ex.o
                0x0800549c                HAL_PWREx_ControlVoltageScaling
 .text.HAL_PWREx_DisableUCPDDeadBattery
                0x080055e4       0x20 ./drivers/stm32g4xx_hal/Src/stm32g4xx_hal_pwr_ex.o
                0x080055e4                HAL_PWREx_DisableUCPDDeadBattery
 .text.HAL_RCC_OscConfig
                0x08005604      0x624 ./drivers/stm32g4xx_hal/Src/stm32g4xx_hal_rcc.o
                0x08005604                HAL_RCC_OscConfig
 .text.HAL_RCC_ClockConfig
                0x08005c28      0x278 ./drivers/stm32g4xx_hal/Src/stm32g4xx_hal_rcc.o
                0x08005c28                HAL_RCC_ClockConfig
 .text.HAL_RCC_GetSysClockFreq
                0x08005ea0       0xc4 ./drivers/stm32g4xx_hal/Src/stm32g4xx_hal_rcc.o
                0x08005ea0                HAL_RCC_GetSysClockFreq
 .text.HAL_RCC_GetHCLKFreq
                0x08005f64       0x18 ./drivers/stm32g4xx_hal/Src/stm32g4xx_hal_rcc.o
                0x08005f64                HAL_RCC_GetHCLKFreq
 .text.HAL_RCC_GetPCLK1Freq
                0x08005f7c       0x2c ./drivers/stm32g4xx_hal/Src/stm32g4xx_hal_rcc.o
                0x08005f7c                HAL_RCC_GetPCLK1Freq
 .text.HAL_RCC_GetPCLK2Freq
                0x08005fa8       0x2c ./drivers/stm32g4xx_hal/Src/stm32g4xx_hal_rcc.o
                0x08005fa8                HAL_RCC_GetPCLK2Freq
 .text.RCC_GetSysClockFreqFromPLLSource
                0x08005fd4       0x8c ./drivers/stm32g4xx_hal/Src/stm32g4xx_hal_rcc.o
 .text.HAL_RCCEx_PeriphCLKConfig
                0x08006060      0x3e0 ./drivers/stm32g4xx_hal/Src/stm32g4xx_hal_rcc_ex.o
                0x08006060                HAL_RCCEx_PeriphCLKConfig
 .text.HAL_SPI_Init
                0x08006440      0x156 ./drivers/stm32g4xx_hal/Src/stm32g4xx_hal_spi.o
                0x08006440                HAL_SPI_Init
 .text.HAL_SPI_MspInit
                0x08006596       0x14 ./drivers/stm32g4xx_hal/Src/stm32g4xx_hal_spi.o
                0x08006596                HAL_SPI_MspInit
 .text.HAL_SPI_Transmit
                0x080065aa      0x2ea ./drivers/stm32g4xx_hal/Src/stm32g4xx_hal_spi.o
                0x080065aa                HAL_SPI_Transmit
 .text.SPI_WaitFlagStateUntilTimeout
                0x08006894      0x110 ./drivers/stm32g4xx_hal/Src/stm32g4xx_hal_spi.o
 .text.SPI_WaitFifoStateUntilTimeout
                0x080069a4      0x12c ./drivers/stm32g4xx_hal/Src/stm32g4xx_hal_spi.o
 .text.SPI_EndRxTxTransaction
                0x08006ad0       0x8c ./drivers/stm32g4xx_hal/Src/stm32g4xx_hal_spi.o
 .text.HAL_UART_Init
                0x08006b5c       0xa0 ./drivers/stm32g4xx_hal/Src/stm32g4xx_hal_uart.o
                0x08006b5c                HAL_UART_Init
 .text.HAL_UART_Transmit
                0x08006bfc      0x11c ./drivers/stm32g4xx_hal/Src/stm32g4xx_hal_uart.o
                0x08006bfc                HAL_UART_Transmit
 .text.HAL_UART_Receive_IT
                0x08006d18       0x98 ./drivers/stm32g4xx_hal/Src/stm32g4xx_hal_uart.o
                0x08006d18                HAL_UART_Receive_IT
 .text.HAL_UART_IRQHandler
                0x08006db0      0x648 ./drivers/stm32g4xx_hal/Src/stm32g4xx_hal_uart.o
                0x08006db0                HAL_UART_IRQHandler
 .text.HAL_UART_TxCpltCallback
                0x080073f8       0x14 ./drivers/stm32g4xx_hal/Src/stm32g4xx_hal_uart.o
                0x080073f8                HAL_UART_TxCpltCallback
 .text.HAL_UARTEx_RxEventCallback
                0x0800740c       0x18 ./drivers/stm32g4xx_hal/Src/stm32g4xx_hal_uart.o
                0x0800740c                HAL_UARTEx_RxEventCallback
 .text.UART_SetConfig
                0x08007424      0x598 ./drivers/stm32g4xx_hal/Src/stm32g4xx_hal_uart.o
                0x08007424                UART_SetConfig
 .text.UART_AdvFeatureConfig
                0x080079bc      0x144 ./drivers/stm32g4xx_hal/Src/stm32g4xx_hal_uart.o
                0x080079bc                UART_AdvFeatureConfig
 .text.UART_CheckIdleState
                0x08007b00      0x154 ./drivers/stm32g4xx_hal/Src/stm32g4xx_hal_uart.o
                0x08007b00                UART_CheckIdleState
 .text.UART_WaitOnFlagUntilTimeout
                0x08007c54       0xda ./drivers/stm32g4xx_hal/Src/stm32g4xx_hal_uart.o
                0x08007c54                UART_WaitOnFlagUntilTimeout
 *fill*         0x08007d2e        0x2 
 .text.UART_Start_Receive_IT
                0x08007d30      0x244 ./drivers/stm32g4xx_hal/Src/stm32g4xx_hal_uart.o
                0x08007d30                UART_Start_Receive_IT
 .text.UART_EndRxTransfer
                0x08007f74       0xcc ./drivers/stm32g4xx_hal/Src/stm32g4xx_hal_uart.o
 .text.UART_DMAAbortOnError
                0x08008040       0x2c ./drivers/stm32g4xx_hal/Src/stm32g4xx_hal_uart.o
 .text.UART_EndTransmit_IT
                0x0800806c       0x56 ./drivers/stm32g4xx_hal/Src/stm32g4xx_hal_uart.o
 *fill*         0x080080c2        0x2 
 .text.UART_RxISR_8BIT
                0x080080c4      0x1b8 ./drivers/stm32g4xx_hal/Src/stm32g4xx_hal_uart.o
 .text.UART_RxISR_16BIT
                0x0800827c      0x1b8 ./drivers/stm32g4xx_hal/Src/stm32g4xx_hal_uart.o
 .text.UART_RxISR_8BIT_FIFOEN
                0x08008434      0x360 ./drivers/stm32g4xx_hal/Src/stm32g4xx_hal_uart.o
 .text.UART_RxISR_16BIT_FIFOEN
                0x08008794      0x368 ./drivers/stm32g4xx_hal/Src/stm32g4xx_hal_uart.o
 .text.HAL_UARTEx_WakeupCallback
                0x08008afc       0x14 ./drivers/stm32g4xx_hal/Src/stm32g4xx_hal_uart_ex.o
                0x08008afc                HAL_UARTEx_WakeupCallback
 .text.HAL_UARTEx_RxFifoFullCallback
                0x08008b10       0x14 ./drivers/stm32g4xx_hal/Src/stm32g4xx_hal_uart_ex.o
                0x08008b10                HAL_UARTEx_RxFifoFullCallback
 .text.HAL_UARTEx_TxFifoEmptyCallback
                0x08008b24       0x14 ./drivers/stm32g4xx_hal/Src/stm32g4xx_hal_uart_ex.o
                0x08008b24                HAL_UARTEx_TxFifoEmptyCallback
 .text.HAL_UARTEx_DisableFifoMode
                0x08008b38       0x72 ./drivers/stm32g4xx_hal/Src/stm32g4xx_hal_uart_ex.o
                0x08008b38                HAL_UARTEx_DisableFifoMode
 .text.HAL_UARTEx_SetTxFifoThreshold
                0x08008baa       0x7c ./drivers/stm32g4xx_hal/Src/stm32g4xx_hal_uart_ex.o
                0x08008baa                HAL_UARTEx_SetTxFifoThreshold
 .text.HAL_UARTEx_SetRxFifoThreshold
                0x08008c26       0x7c ./drivers/stm32g4xx_hal/Src/stm32g4xx_hal_uart_ex.o
                0x08008c26                HAL_UARTEx_SetRxFifoThreshold
 *fill*         0x08008ca2        0x2 
 .text.UARTEx_SetNbDataToProcess
                0x08008ca4       0x9c ./drivers/stm32g4xx_hal/Src/stm32g4xx_hal_uart_ex.o
 .text.__assert_func
                0x08008d40       0x3c C:/STM32CubeIDE_2.0.0/STM32CubeIDE/plugins/com.st.stm32cube.ide.mcu.externaltools.gnu-tools-for-stm32.13.3.rel1.win32_1.0.100.202509120712/tools/bin/../lib/gcc/arm-none-eabi/13.3.1/../../../../arm-none-eabi/lib/thumb/v7e-m+fp/hard\libc_nano.a(libc_a-assert.o)
                0x08008d40                __assert_func
 .text.__cvt    0x08008d7c       0xca C:/STM32CubeIDE_2.0.0/STM32CubeIDE/plugins/com.st.stm32cube.ide.mcu.externaltools.gnu-tools-for-stm32.13.3.rel1.win32_1.0.100.202509120712/tools/bin/../lib/gcc/arm-none-eabi/13.3.1/../../../../arm-none-eabi/lib/thumb/v7e-m+fp/hard\libc_nano.a(libc_a-nano-vfprintf_float.o)
                0x08008d7c                __cvt
 .text.__exponent
                0x08008e46       0x74 C:/STM32CubeIDE_2.0.0/STM32CubeIDE/plugins/com.st.stm32cube.ide.mcu.externaltools.gnu-tools-for-stm32.13.3.rel1.win32_1.0.100.202509120712/tools/bin/../lib/gcc/arm-none-eabi/13.3.1/../../../../arm-none-eabi/lib/thumb/v7e-m+fp/hard\libc_nano.a(libc_a-nano-vfprintf_float.o)
                0x08008e46                __exponent
 *fill*         0x08008eba        0x2 
 .text._printf_float
                0x08008ebc      0x454 C:/STM32CubeIDE_2.0.0/STM32CubeIDE/plugins/com.st.stm32cube.ide.mcu.externaltools.gnu-tools-for-stm32.13.3.rel1.win32_1.0.100.202509120712/tools/bin/../lib/gcc/arm-none-eabi/13.3.1/../../../../arm-none-eabi/lib/thumb/v7e-m+fp/hard\libc_nano.a(libc_a-nano-vfprintf_float.o)
                0x08008ebc                _printf_float
 .text._printf_common
                0x08009310       0xda C:/STM32CubeIDE_2.0.0/STM32CubeIDE/plugins/com.st.stm32cube.ide.mcu.externaltools.gnu-tools-for-stm32.13.3.rel1.win32_1.0.100.202509120712/tools/bin/../lib/gcc/arm-none-eabi/13.3.1/../../../../arm-none-eabi/lib/thumb/v7e-m+fp/hard\libc_nano.a(libc_a-nano-vfprintf_i.o)
                0x08009310                _printf_common
 *fill*         0x080093ea        0x2 
 .text._printf_i
                0x080093ec      0x23c C:/STM32CubeIDE_2.0.0/STM32CubeIDE/plugins/com.st.stm32cube.ide.mcu.externaltools.gnu-tools-for-stm32.13.3.rel1.win32_1.0.100.202509120712/tools/bin/../lib/gcc/arm-none-eabi/13.3.1/../../../../arm-none-eabi/lib/thumb/v7e-m+fp/hard\libc_nano.a(libc_a-nano-vfprintf_i.o)
                0x080093ec                _printf_i
 .text.std      0x08009628       0x6c C:/STM32CubeIDE_2.0.0/STM32CubeIDE/plugins/com.st.stm32cube.ide.mcu.externaltools.gnu-tools-for-stm32.13.3.rel1.win32_1.0.100.202509120712/tools/bin/../lib/gcc/arm-none-eabi/13.3.1/../../../../arm-none-eabi/lib/thumb/v7e-m+fp/hard\libc_nano.a(libc_a-findfp.o)
 .text.stdio_exit_handler
                0x08009694       0x18 C:/STM32CubeIDE_2.0.0/STM32CubeIDE/plugins/com.st.stm32cube.ide.mcu.externaltools.gnu-tools-for-stm32.13.3.rel1.win32_1.0.100.202509120712/tools/bin/../lib/gcc/arm-none-eabi/13.3.1/../../../../arm-none-eabi/lib/thumb/v7e-m+fp/hard\libc_nano.a(libc_a-findfp.o)
 .text.cleanup_stdio
                0x080096ac       0x40 C:/STM32CubeIDE_2.0.0/STM32CubeIDE/plugins/com.st.stm32cube.ide.mcu.externaltools.gnu-tools-for-stm32.13.3.rel1.win32_1.0.100.202509120712/tools/bin/../lib/gcc/arm-none-eabi/13.3.1/../../../../arm-none-eabi/lib/thumb/v7e-m+fp/hard\libc_nano.a(libc_a-findfp.o)
 .text.global_stdio_init.part.0
                0x080096ec       0x3c C:/STM32CubeIDE_2.0.0/STM32CubeIDE/plugins/com.st.stm32cube.ide.mcu.externaltools.gnu-tools-for-stm32.13.3.rel1.win32_1.0.100.202509120712/tools/bin/../lib/gcc/arm-none-eabi/13.3.1/../../../../arm-none-eabi/lib/thumb/v7e-m+fp/hard\libc_nano.a(libc_a-findfp.o)
 .text.__sfp_lock_acquire
                0x08009728        0xc C:/STM32CubeIDE_2.0.0/STM32CubeIDE/plugins/com.st.stm32cube.ide.mcu.externaltools.gnu-tools-for-stm32.13.3.rel1.win32_1.0.100.202509120712/tools/bin/../lib/gcc/arm-none-eabi/13.3.1/../../../../arm-none-eabi/lib/thumb/v7e-m+fp/hard\libc_nano.a(libc_a-findfp.o)
                0x08009728                __sfp_lock_acquire
 .text.__sfp_lock_release
                0x08009734        0xc C:/STM32CubeIDE_2.0.0/STM32CubeIDE/plugins/com.st.stm32cube.ide.mcu.externaltools.gnu-tools-for-stm32.13.3.rel1.win32_1.0.100.202509120712/tools/bin/../lib/gcc/arm-none-eabi/13.3.1/../../../../arm-none-eabi/lib/thumb/v7e-m+fp/hard\libc_nano.a(libc_a-findfp.o)
                0x08009734                __sfp_lock_release
 .text.__sinit  0x08009740       0x30 C:/STM32CubeIDE_2.0.0/STM32CubeIDE/plugins/com.st.stm32cube.ide.mcu.externaltools.gnu-tools-for-stm32.13.3.rel1.win32_1.0.100.202509120712/tools/bin/../lib/gcc/arm-none-eabi/13.3.1/../../../../arm-none-eabi/lib/thumb/v7e-m+fp/hard\libc_nano.a(libc_a-findfp.o)
                0x08009740                __sinit
 .text.fprintf  0x08009770       0x24 C:/STM32CubeIDE_2.0.0/STM32CubeIDE/plugins/com.st.stm32cube.ide.mcu.externaltools.gnu-tools-for-stm32.13.3.rel1.win32_1.0.100.202509120712/tools/bin/../lib/gcc/arm-none-eabi/13.3.1/../../../../arm-none-eabi/lib/thumb/v7e-m+fp/hard\libc_nano.a(libc_a-fprintf.o)
                0x08009770                fiprintf
                0x08009770                fprintf
 .text._fwalk_sglue
                0x08009794       0x3c C:/STM32CubeIDE_2.0.0/STM32CubeIDE/plugins/com.st.stm32cube.ide.mcu.externaltools.gnu-tools-for-stm32.13.3.rel1.win32_1.0.100.202509120712/tools/bin/../lib/gcc/arm-none-eabi/13.3.1/../../../../arm-none-eabi/lib/thumb/v7e-m+fp/hard\libc_nano.a(libc_a-fwalk.o)
                0x08009794                _fwalk_sglue
 .text.setvbuf  0x080097d0      0x168 C:/STM32CubeIDE_2.0.0/STM32CubeIDE/plugins/com.st.stm32cube.ide.mcu.externaltools.gnu-tools-for-stm32.13.3.rel1.win32_1.0.100.202509120712/tools/bin/../lib/gcc/arm-none-eabi/13.3.1/../../../../arm-none-eabi/lib/thumb/v7e-m+fp/hard\libc_nano.a(libc_a-setvbuf.o)
                0x080097d0                setvbuf
 .text.__sread  0x08009938       0x22 C:/STM32CubeIDE_2.0.0/STM32CubeIDE/plugins/com.st.stm32cube.ide.mcu.externaltools.gnu-tools-for-stm32.13.3.rel1.win32_1.0.100.202509120712/tools/bin/../lib/gcc/arm-none-eabi/13.3.1/../../../../arm-none-eabi/lib/thumb/v7e-m+fp/hard\libc_nano.a(libc_a-stdio.o)
                0x08009938                __sread
 .text.__swrite
                0x0800995a       0x38 C:/STM32CubeIDE_2.0.0/STM32CubeIDE/plugins/com.st.stm32cube.ide.mcu.externaltools.gnu-tools-for-stm32.13.3.rel1.win32_1.0.100.202509120712/tools/bin/../lib/gcc/arm-none-eabi/13.3.1/../../../../arm-none-eabi/lib/thumb/v7e-m+fp/hard\libc_nano.a(libc_a-stdio.o)
                0x0800995a                __swrite
 .text.__sseek  0x08009992       0x24 C:/STM32CubeIDE_2.0.0/STM32CubeIDE/plugins/com.st.stm32cube.ide.mcu.externaltools.gnu-tools-for-stm32.13.3.rel1.win32_1.0.100.202509120712/tools/bin/../lib/gcc/arm-none-eabi/13.3.1/../../../../arm-none-eabi/lib/thumb/v7e-m+fp/hard\libc_nano.a(libc_a-stdio.o)
                0x08009992                __sseek
 .text.__sclose
                0x080099b6        0x8 C:/STM32CubeIDE_2.0.0/STM32CubeIDE/plugins/com.st.stm32cube.ide.mcu.externaltools.gnu-tools-for-stm32.13.3.rel1.win32_1.0.100.202509120712/tools/bin/../lib/gcc/arm-none-eabi/13.3.1/../../../../arm-none-eabi/lib/thumb/v7e-m+fp/hard\libc_nano.a(libc_a-stdio.o)
                0x080099b6                __sclose
 .text.memset   0x080099be       0x10 C:/STM32CubeIDE_2.0.0/STM32CubeIDE/plugins/com.st.stm32cube.ide.mcu.externaltools.gnu-tools-for-stm32.13.3.rel1.win32_1.0.100.202509120712/tools/bin/../lib/gcc/arm-none-eabi/13.3.1/../../../../arm-none-eabi/lib/thumb/v7e-m+fp/hard\libc_nano.a(libc_a-memset.o)
                0x080099be                memset
 *fill*         0x080099ce        0x2 
 .text._localeconv_r
                0x080099d0        0x8 C:/STM32CubeIDE_2.0.0/STM32CubeIDE/plugins/com.st.stm32cube.ide.mcu.externaltools.gnu-tools-for-stm32.13.3.rel1.win32_1.0.100.202509120712/tools/bin/../lib/gcc/arm-none-eabi/13.3.1/../../../../arm-none-eabi/lib/thumb/v7e-m+fp/hard\libc_nano.a(libc_a-localeconv.o)
                0x080099d0                _localeconv_r
 .text._close_r
                0x080099d8       0x20 C:/STM32CubeIDE_2.0.0/STM32CubeIDE/plugins/com.st.stm32cube.ide.mcu.externaltools.gnu-tools-for-stm32.13.3.rel1.win32_1.0.100.202509120712/tools/bin/../lib/gcc/arm-none-eabi/13.3.1/../../../../arm-none-eabi/lib/thumb/v7e-m+fp/hard\libc_nano.a(libc_a-closer.o)
                0x080099d8                _close_r
 .text._lseek_r
                0x080099f8       0x24 C:/STM32CubeIDE_2.0.0/STM32CubeIDE/plugins/com.st.stm32cube.ide.mcu.externaltools.gnu-tools-for-stm32.13.3.rel1.win32_1.0.100.202509120712/tools/bin/../lib/gcc/arm-none-eabi/13.3.1/../../../../arm-none-eabi/lib/thumb/v7e-m+fp/hard\libc_nano.a(libc_a-lseekr.o)
                0x080099f8                _lseek_r
 .text._read_r  0x08009a1c       0x24 C:/STM32CubeIDE_2.0.0/STM32CubeIDE/plugins/com.st.stm32cube.ide.mcu.externaltools.gnu-tools-for-stm32.13.3.rel1.win32_1.0.100.202509120712/tools/bin/../lib/gcc/arm-none-eabi/13.3.1/../../../../arm-none-eabi/lib/thumb/v7e-m+fp/hard\libc_nano.a(libc_a-readr.o)
                0x08009a1c                _read_r
 .text._write_r
                0x08009a40       0x24 C:/STM32CubeIDE_2.0.0/STM32CubeIDE/plugins/com.st.stm32cube.ide.mcu.externaltools.gnu-tools-for-stm32.13.3.rel1.win32_1.0.100.202509120712/tools/bin/../lib/gcc/arm-none-eabi/13.3.1/../../../../arm-none-eabi/lib/thumb/v7e-m+fp/hard\libc_nano.a(libc_a-writer.o)
                0x08009a40                _write_r
 .text.__errno  0x08009a64        0xc C:/STM32CubeIDE_2.0.0/STM32CubeIDE/plugins/com.st.stm32cube.ide.mcu.externaltools.gnu-tools-for-stm32.13.3.rel1.win32_1.0.100.202509120712/tools/bin/../lib/gcc/arm-none-eabi/13.3.1/../../../../arm-none-eabi/lib/thumb/v7e-m+fp/hard\libc_nano.a(libc_a-errno.o)
                0x08009a64                __errno
 .text.__libc_init_array
                0x08009a70       0x48 C:/STM32CubeIDE_2.0.0/STM32CubeIDE/plugins/com.st.stm32cube.ide.mcu.externaltools.gnu-tools-for-stm32.13.3.rel1.win32_1.0.100.202509120712/tools/bin/../lib/gcc/arm-none-eabi/13.3.1/../../../../arm-none-eabi/lib/thumb/v7e-m+fp/hard\libc_nano.a(libc_a-init.o)
                0x08009a70                __libc_init_array
 .text.__retarget_lock_init_recursive
                0x08009ab8        0x2 C:/STM32CubeIDE_2.0.0/STM32CubeIDE/plugins/com.st.stm32cube.ide.mcu.externaltools.gnu-tools-for-stm32.13.3.rel1.win32_1.0.100.202509120712/tools/bin/../lib/gcc/arm-none-eabi/13.3.1/../../../../arm-none-eabi/lib/thumb/v7e-m+fp/hard\libc_nano.a(libc_a-lock.o)
                0x08009ab8                __retarget_lock_init_recursive
 .text.__retarget_lock_acquire_recursive
                0x08009aba        0x2 C:/STM32CubeIDE_2.0.0/STM32CubeIDE/plugins/com.st.stm32cube.ide.mcu.externaltools.gnu-tools-for-stm32.13.3.rel1.win32_1.0.100.202509120712/tools/bin/../lib/gcc/arm-none-eabi/13.3.1/../../../../arm-none-eabi/lib/thumb/v7e-m+fp/hard\libc_nano.a(libc_a-lock.o)
                0x08009aba                __retarget_lock_acquire_recursive
 .text.__retarget_lock_release_recursive
                0x08009abc        0x2 C:/STM32CubeIDE_2.0.0/STM32CubeIDE/plugins/com.st.stm32cube.ide.mcu.externaltools.gnu-tools-for-stm32.13.3.rel1.win32_1.0.100.202509120712/tools/bin/../lib/gcc/arm-none-eabi/13.3.1/../../../../arm-none-eabi/lib/thumb/v7e-m+fp/hard\libc_nano.a(libc_a-lock.o)
                0x08009abc                __retarget_lock_release_recursive
 .text.abort    0x08009abe        0xe C:/STM32CubeIDE_2.0.0/STM32CubeIDE/plugins/com.st.stm32cube.ide.mcu.externaltools.gnu-tools-for-stm32.13.3.rel1.win32_1.0.100.202509120712/tools/bin/../lib/gcc/arm-none-eabi/13.3.1/../../../../arm-none-eabi/lib/thumb/v7e-m+fp/hard\libc_nano.a(libc_a-abort.o)
                0x08009abe                abort
 .text.quorem   0x08009acc      0x110 C:/STM32CubeIDE_2.0.0/STM32CubeIDE/plugins/com.st.stm32cube.ide.mcu.externaltools.gnu-tools-for-stm32.13.3.rel1.win32_1.0.100.202509120712/tools/bin/../lib/gcc/arm-none-eabi/13.3.1/../../../../arm-none-eabi/lib/thumb/v7e-m+fp/hard\libc_nano.a(libc_a-dtoa.o)
 *fill*         0x08009bdc        0x4 
 .text._dtoa_r  0x08009be0      0xba0 C:/STM32CubeIDE_2.0.0/STM32CubeIDE/plugins/com.st.stm32cube.ide.mcu.externaltools.gnu-tools-for-stm32.13.3.rel1.win32_1.0.100.202509120712/tools/bin/../lib/gcc/arm-none-eabi/13.3.1/../../../../arm-none-eabi/lib/thumb/v7e-m+fp/hard\libc_nano.a(libc_a-dtoa.o)
                0x08009be0                _dtoa_r
 .text._free_r  0x0800a780       0x94 C:/STM32CubeIDE_2.0.0/STM32CubeIDE/plugins/com.st.stm32cube.ide.mcu.externaltools.gnu-tools-for-stm32.13.3.rel1.win32_1.0.100.202509120712/tools/bin/../lib/gcc/arm-none-eabi/13.3.1/../../../../arm-none-eabi/lib/thumb/v7e-m+fp/hard\libc_nano.a(libc_a-freer.o)
                0x0800a780                _free_r
 .text.malloc   0x0800a814       0x10 C:/STM32CubeIDE_2.0.0/STM32CubeIDE/plugins/com.st.stm32cube.ide.mcu.externaltools.gnu-tools-for-stm32.13.3.rel1.win32_1.0.100.202509120712/tools/bin/../lib/gcc/arm-none-eabi/13.3.1/../../../../arm-none-eabi/lib/thumb/v7e-m+fp/hard\libc_nano.a(libc_a-malloc.o)
                0x0800a814                malloc
 .text.sbrk_aligned
                0x0800a824       0x44 C:/STM32CubeIDE_2.0.0/STM32CubeIDE/plugins/com.st.stm32cube.ide.mcu.externaltools.gnu-tools-for-stm32.13.3.rel1.win32_1.0.100.202509120712/tools/bin/../lib/gcc/arm-none-eabi/13.3.1/../../../../arm-none-eabi/lib/thumb/v7e-m+fp/hard\libc_nano.a(libc_a-mallocr.o)
 .text._malloc_r
                0x0800a868      0x100 C:/STM32CubeIDE_2.0.0/STM32CubeIDE/plugins/com.st.stm32cube.ide.mcu.externaltools.gnu-tools-for-stm32.13.3.rel1.win32_1.0.100.202509120712/tools/bin/../lib/gcc/arm-none-eabi/13.3.1/../../../../arm-none-eabi/lib/thumb/v7e-m+fp/hard\libc_nano.a(libc_a-mallocr.o)
                0x0800a868                _malloc_r
 .text.__malloc_lock
                0x0800a968        0xc C:/STM32CubeIDE_2.0.0/STM32CubeIDE/plugins/com.st.stm32cube.ide.mcu.externaltools.gnu-tools-for-stm32.13.3.rel1.win32_1.0.100.202509120712/tools/bin/../lib/gcc/arm-none-eabi/13.3.1/../../../../arm-none-eabi/lib/thumb/v7e-m+fp/hard\libc_nano.a(libc_a-mlock.o)
                0x0800a968                __malloc_lock
 .text.__malloc_unlock
                0x0800a974        0xc C:/STM32CubeIDE_2.0.0/STM32CubeIDE/plugins/com.st.stm32cube.ide.mcu.externaltools.gnu-tools-for-stm32.13.3.rel1.win32_1.0.100.202509120712/tools/bin/../lib/gcc/arm-none-eabi/13.3.1/../../../../arm-none-eabi/lib/thumb/v7e-m+fp/hard\libc_nano.a(libc_a-mlock.o)
                0x0800a974                __malloc_unlock
 .text._Balloc  0x0800a980       0x80 C:/STM32CubeIDE_2.0.0/STM32CubeIDE/plugins/com.st.stm32cube.ide.mcu.externaltools.gnu-tools-for-stm32.13.3.rel1.win32_1.0.100.202509120712/tools/bin/../lib/gcc/arm-none-eabi/13.3.1/../../../../arm-none-eabi/lib/thumb/v7e-m+fp/hard\libc_nano.a(libc_a-mprec.o)
                0x0800a980                _Balloc
 .text._Bfree   0x0800aa00       0x44 C:/STM32CubeIDE_2.0.0/STM32CubeIDE/plugins/com.st.stm32cube.ide.mcu.externaltools.gnu-tools-for-stm32.13.3.rel1.win32_1.0.100.202509120712/tools/bin/../lib/gcc/arm-none-eabi/13.3.1/../../../../arm-none-eabi/lib/thumb/v7e-m+fp/hard\libc_nano.a(libc_a-mprec.o)
                0x0800aa00                _Bfree
 .text.__multadd
                0x0800aa44       0x8c C:/STM32CubeIDE_2.0.0/STM32CubeIDE/plugins/com.st.stm32cube.ide.mcu.externaltools.gnu-tools-for-stm32.13.3.rel1.win32_1.0.100.202509120712/tools/bin/../lib/gcc/arm-none-eabi/13.3.1/../../../../arm-none-eabi/lib/thumb/v7e-m+fp/hard\libc_nano.a(libc_a-mprec.o)
                0x0800aa44                __multadd
 .text.__hi0bits
                0x0800aad0       0x3e C:/STM32CubeIDE_2.0.0/STM32CubeIDE/plugins/com.st.stm32cube.ide.mcu.externaltools.gnu-tools-for-stm32.13.3.rel1.win32_1.0.100.202509120712/tools/bin/../lib/gcc/arm-none-eabi/13.3.1/../../../../arm-none-eabi/lib/thumb/v7e-m+fp/hard\libc_nano.a(libc_a-mprec.o)
                0x0800aad0                __hi0bits
 .text.__lo0bits
                0x0800ab0e       0x5a C:/STM32CubeIDE_2.0.0/STM32CubeIDE/plugins/com.st.stm32cube.ide.mcu.externaltools.gnu-tools-for-stm32.13.3.rel1.win32_1.0.100.202509120712/tools/bin/../lib/gcc/arm-none-eabi/13.3.1/../../../../arm-none-eabi/lib/thumb/v7e-m+fp/hard\libc_nano.a(libc_a-mprec.o)
                0x0800ab0e                __lo0bits
 .text.__i2b    0x0800ab68       0x2c C:/STM32CubeIDE_2.0.0/STM32CubeIDE/plugins/com.st.stm32cube.ide.mcu.externaltools.gnu-tools-for-stm32.13.3.rel1.win32_1.0.100.202509120712/tools/bin/../lib/gcc/arm-none-eabi/13.3.1/../../../../arm-none-eabi/lib/thumb/v7e-m+fp/hard\libc_nano.a(libc_a-mprec.o)
                0x0800ab68                __i2b
 .text.__multiply
                0x0800ab94      0x144 C:/STM32CubeIDE_2.0.0/STM32CubeIDE/plugins/com.st.stm32cube.ide.mcu.externaltools.gnu-tools-for-stm32.13.3.rel1.win32_1.0.100.202509120712/tools/bin/../lib/gcc/arm-none-eabi/13.3.1/../../../../arm-none-eabi/lib/thumb/v7e-m+fp/hard\libc_nano.a(libc_a-mprec.o)
                0x0800ab94                __multiply
 .text.__pow5mult
                0x0800acd8       0xb4 C:/STM32CubeIDE_2.0.0/STM32CubeIDE/plugins/com.st.stm32cube.ide.mcu.externaltools.gnu-tools-for-stm32.13.3.rel1.win32_1.0.100.202509120712/tools/bin/../lib/gcc/arm-none-eabi/13.3.1/../../../../arm-none-eabi/lib/thumb/v7e-m+fp/hard\libc_nano.a(libc_a-mprec.o)
                0x0800acd8                __pow5mult
 .text.__lshift
                0x0800ad8c       0xd8 C:/STM32CubeIDE_2.0.0/STM32CubeIDE/plugins/com.st.stm32cube.ide.mcu.externaltools.gnu-tools-for-stm32.13.3.rel1.win32_1.0.100.202509120712/tools/bin/../lib/gcc/arm-none-eabi/13.3.1/../../../../arm-none-eabi/lib/thumb/v7e-m+fp/hard\libc_nano.a(libc_a-mprec.o)
                0x0800ad8c                __lshift
 .text.__mcmp   0x0800ae64       0x36 C:/STM32CubeIDE_2.0.0/STM32CubeIDE/plugins/com.st.stm32cube.ide.mcu.externaltools.gnu-tools-for-stm32.13.3.rel1.win32_1.0.100.202509120712/tools/bin/../lib/gcc/arm-none-eabi/13.3.1/../../../../arm-none-eabi/lib/thumb/v7e-m+fp/hard\libc_nano.a(libc_a-mprec.o)
                0x0800ae64                __mcmp
 *fill*         0x0800ae9a        0x2 
 .text.__mdiff  0x0800ae9c      0x128 C:/STM32CubeIDE_2.0.0/STM32CubeIDE/plugins/com.st.stm32cube.ide.mcu.externaltools.gnu-tools-for-stm32.13.3.rel1.win32_1.0.100.202509120712/tools/bin/../lib/gcc/arm-none-eabi/13.3.1/../../../../arm-none-eabi/lib/thumb/v7e-m+fp/hard\libc_nano.a(libc_a-mprec.o)
                0x0800ae9c                __mdiff
 .text.__d2b    0x0800afc4       0xb0 C:/STM32CubeIDE_2.0.0/STM32CubeIDE/plugins/com.st.stm32cube.ide.mcu.externaltools.gnu-tools-for-stm32.13.3.rel1.win32_1.0.100.202509120712/tools/bin/../lib/gcc/arm-none-eabi/13.3.1/../../../../arm-none-eabi/lib/thumb/v7e-m+fp/hard\libc_nano.a(libc_a-mprec.o)
                0x0800afc4                __d2b
 .text.__sfputc_r
                0x0800b074       0x2e C:/STM32CubeIDE_2.0.0/STM32CubeIDE/plugins/com.st.stm32cube.ide.mcu.externaltools.gnu-tools-for-stm32.13.3.rel1.win32_1.0.100.202509120712/tools/bin/../lib/gcc/arm-none-eabi/13.3.1/../../../../arm-none-eabi/lib/thumb/v7e-m+fp/hard\libc_nano.a(libc_a-nano-vfprintf.o)
 .text.__sfputs_r
                0x0800b0a2       0x24 C:/STM32CubeIDE_2.0.0/STM32CubeIDE/plugins/com.st.stm32cube.ide.mcu.externaltools.gnu-tools-for-stm32.13.3.rel1.win32_1.0.100.202509120712/tools/bin/../lib/gcc/arm-none-eabi/13.3.1/../../../../arm-none-eabi/lib/thumb/v7e-m+fp/hard\libc_nano.a(libc_a-nano-vfprintf.o)
                0x0800b0a2                __sfputs_r
 *fill*         0x0800b0c6        0x2 
 .text._vfprintf_r
                0x0800b0c8      0x230 C:/STM32CubeIDE_2.0.0/STM32CubeIDE/plugins/com.st.stm32cube.ide.mcu.externaltools.gnu-tools-for-stm32.13.3.rel1.win32_1.0.100.202509120712/tools/bin/../lib/gcc/arm-none-eabi/13.3.1/../../../../arm-none-eabi/lib/thumb/v7e-m+fp/hard\libc_nano.a(libc_a-nano-vfprintf.o)
                0x0800b0c8                _vfprintf_r
                0x0800b0c8                _vfiprintf_r
 .text.__sflush_r
                0x0800b2f8      0x108 C:/STM32CubeIDE_2.0.0/STM32CubeIDE/plugins/com.st.stm32cube.ide.mcu.externaltools.gnu-tools-for-stm32.13.3.rel1.win32_1.0.100.202509120712/tools/bin/../lib/gcc/arm-none-eabi/13.3.1/../../../../arm-none-eabi/lib/thumb/v7e-m+fp/hard\libc_nano.a(libc_a-fflush.o)
                0x0800b2f8                __sflush_r
 .text._fflush_r
                0x0800b400       0x50 C:/STM32CubeIDE_2.0.0/STM32CubeIDE/plugins/com.st.stm32cube.ide.mcu.externaltools.gnu-tools-for-stm32.13.3.rel1.win32_1.0.100.202509120712/tools/bin/../lib/gcc/arm-none-eabi/13.3.1/../../../../arm-none-eabi/lib/thumb/v7e-m+fp/hard\libc_nano.a(libc_a-fflush.o)
                0x0800b400                _fflush_r
 .text.__swhatbuf_r
                0x0800b450       0x4c C:/STM32CubeIDE_2.0.0/STM32CubeIDE/plugins/com.st.stm32cube.ide.mcu.externaltools.gnu-tools-for-stm32.13.3.rel1.win32_1.0.100.202509120712/tools/bin/../lib/gcc/arm-none-eabi/13.3.1/../../../../arm-none-eabi/lib/thumb/v7e-m+fp/hard\libc_nano.a(libc_a-makebuf.o)
                0x0800b450                __swhatbuf_r
 .text.__smakebuf_r
                0x0800b49c       0x78 C:/STM32CubeIDE_2.0.0/STM32CubeIDE/plugins/com.st.stm32cube.ide.mcu.externaltools.gnu-tools-for-stm32.13.3.rel1.win32_1.0.100.202509120712/tools/bin/../lib/gcc/arm-none-eabi/13.3.1/../../../../arm-none-eabi/lib/thumb/v7e-m+fp/hard\libc_nano.a(libc_a-makebuf.o)
                0x0800b49c                __smakebuf_r
 .text.__swbuf_r
                0x0800b514       0x7c C:/STM32CubeIDE_2.0.0/STM32CubeIDE/plugins/com.st.stm32cube.ide.mcu.externaltools.gnu-tools-for-stm32.13.3.rel1.win32_1.0.100.202509120712/tools/bin/../lib/gcc/arm-none-eabi/13.3.1/../../../../arm-none-eabi/lib/thumb/v7e-m+fp/hard\libc_nano.a(libc_a-wbuf.o)
                0x0800b514                __swbuf_r
 .text.__swsetup_r
                0x0800b590       0xac C:/STM32CubeIDE_2.0.0/STM32CubeIDE/plugins/com.st.stm32cube.ide.mcu.externaltools.gnu-tools-for-stm32.13.3.rel1.win32_1.0.100.202509120712/tools/bin/../lib/gcc/arm-none-eabi/13.3.1/../../../../arm-none-eabi/lib/thumb/v7e-m+fp/hard\libc_nano.a(libc_a-wsetup.o)
                0x0800b590                __swsetup_r
 .text._raise_r
                0x0800b63c       0x50 C:/STM32CubeIDE_2.0.0/STM32CubeIDE/plugins/com.st.stm32cube.ide.mcu.externaltools.gnu-tools-for-stm32.13.3.rel1.win32_1.0.100.202509120712/tools/bin/../lib/gcc/arm-none-eabi/13.3.1/../../../../arm-none-eabi/lib/thumb/v7e-m+fp/hard\libc_nano.a(libc_a-signal.o)
                0x0800b63c                _raise_r
 .text.raise    0x0800b68c       0x10 C:/STM32CubeIDE_2.0.0/STM32CubeIDE/plugins/com.st.stm32cube.ide.mcu.externaltools.gnu-tools-for-stm32.13.3.rel1.win32_1.0.100.202509120712/tools/bin/../lib/gcc/arm-none-eabi/13.3.1/../../../../arm-none-eabi/lib/thumb/v7e-m+fp/hard\libc_nano.a(libc_a-signal.o)
                0x0800b68c                raise
 .text._fstat_r
                0x0800b69c       0x24 C:/STM32CubeIDE_2.0.0/STM32CubeIDE/plugins/com.st.stm32cube.ide.mcu.externaltools.gnu-tools-for-stm32.13.3.rel1.win32_1.0.100.202509120712/tools/bin/../lib/gcc/arm-none-eabi/13.3.1/../../../../arm-none-eabi/lib/thumb/v7e-m+fp/hard\libc_nano.a(libc_a-fstatr.o)
                0x0800b69c                _fstat_r
 .text._isatty_r
                0x0800b6c0       0x20 C:/STM32CubeIDE_2.0.0/STM32CubeIDE/plugins/com.st.stm32cube.ide.mcu.externaltools.gnu-tools-for-stm32.13.3.rel1.win32_1.0.100.202509120712/tools/bin/../lib/gcc/arm-none-eabi/13.3.1/../../../../arm-none-eabi/lib/thumb/v7e-m+fp/hard\libc_nano.a(libc_a-isattyr.o)
                0x0800b6c0                _isatty_r
 .text._kill_r  0x0800b6e0       0x24 C:/STM32CubeIDE_2.0.0/STM32CubeIDE/plugins/com.st.stm32cube.ide.mcu.externaltools.gnu-tools-for-stm32.13.3.rel1.win32_1.0.100.202509120712/tools/bin/../lib/gcc/arm-none-eabi/13.3.1/../../../../arm-none-eabi/lib/thumb/v7e-m+fp/hard\libc_nano.a(libc_a-signalr.o)
                0x0800b6e0                _kill_r
 .text._getpid_r
                0x0800b704        0x4 C:/STM32CubeIDE_2.0.0/STM32CubeIDE/plugins/com.st.stm32cube.ide.mcu.externaltools.gnu-tools-for-stm32.13.3.rel1.win32_1.0.100.202509120712/tools/bin/../lib/gcc/arm-none-eabi/13.3.1/../../../../arm-none-eabi/lib/thumb/v7e-m+fp/hard\libc_nano.a(libc_a-signalr.o)
                0x0800b704                _getpid_r
 .text._sbrk_r  0x0800b708       0x20 C:/STM32CubeIDE_2.0.0/STM32CubeIDE/plugins/com.st.stm32cube.ide.mcu.externaltools.gnu-tools-for-stm32.13.3.rel1.win32_1.0.100.202509120712/tools/bin/../lib/gcc/arm-none-eabi/13.3.1/../../../../arm-none-eabi/lib/thumb/v7e-m+fp/hard\libc_nano.a(libc_a-sbrkr.o)
                0x0800b708                _sbrk_r
 .text.memcpy   0x0800b728       0x1c C:/STM32CubeIDE_2.0.0/STM32CubeIDE/plugins/com.st.stm32cube.ide.mcu.externaltools.gnu-tools-for-stm32.13.3.rel1.win32_1.0.100.202509120712/tools/bin/../lib/gcc/arm-none-eabi/13.3.1/../../../../arm-none-eabi/lib/thumb/v7e-m+fp/hard\libc_nano.a(libc_a-memcpy-stub.o)
                0x0800b728                memcpy
 .text._calloc_r
                0x0800b744       0x28 C:/STM32CubeIDE_2.0.0/STM32CubeIDE/plugins/com.st.stm32cube.ide.mcu.externaltools.gnu-tools-for-stm32.13.3.rel1.win32_1.0.100.202509120712/tools/bin/../lib/gcc/arm-none-eabi/13.3.1/../../../../arm-none-eabi/lib/thumb/v7e-m+fp/hard\libc_nano.a(libc_a-callocr.o)
                0x0800b744                _calloc_r
 .text.__ascii_mbtowc
                0x0800b76c       0x24 C:/STM32CubeIDE_2.0.0/STM32CubeIDE/plugins/com.st.stm32cube.ide.mcu.externaltools.gnu-tools-for-stm32.13.3.rel1.win32_1.0.100.202509120712/tools/bin/../lib/gcc/arm-none-eabi/13.3.1/../../../../arm-none-eabi/lib/thumb/v7e-m+fp/hard\libc_nano.a(libc_a-mbtowc_r.o)
                0x0800b76c                __ascii_mbtowc
 .text.__ascii_wctomb
                0x0800b790       0x1a C:/STM32CubeIDE_2.0.0/STM32CubeIDE/plugins/com.st.stm32cube.ide.mcu.externaltools.gnu-tools-for-stm32.13.3.rel1.win32_1.0.100.202509120712/tools/bin/../lib/gcc/arm-none-eabi/13.3.1/../../../../arm-none-eabi/lib/thumb/v7e-m+fp/hard\libc_nano.a(libc_a-wctomb_r.o)
                0x0800b790                __ascii_wctomb
 *fill*         0x0800b7aa        0x2 
 .text.findslot
                0x0800b7ac       0x34 C:/STM32CubeIDE_2.0.0/STM32CubeIDE/plugins/com.st.stm32cube.ide.mcu.externaltools.gnu-tools-for-stm32.13.3.rel1.win32_1.0.100.202509120712/tools/bin/../lib/gcc/arm-none-eabi/13.3.1/../../../../arm-none-eabi/lib/thumb/v7e-m+fp/hard\librdimon_nano.a(arm_librdimon_a-syscalls.o)
 .text.error    0x0800b7e0       0x1c C:/STM32CubeIDE_2.0.0/STM32CubeIDE/plugins/com.st.stm32cube.ide.mcu.externaltools.gnu-tools-for-stm32.13.3.rel1.win32_1.0.100.202509120712/tools/bin/../lib/gcc/arm-none-eabi/13.3.1/../../../../arm-none-eabi/lib/thumb/v7e-m+fp/hard\librdimon_nano.a(arm_librdimon_a-syscalls.o)
 .text.checkerror
                0x0800b7fc        0xa C:/STM32CubeIDE_2.0.0/STM32CubeIDE/plugins/com.st.stm32cube.ide.mcu.externaltools.gnu-tools-for-stm32.13.3.rel1.win32_1.0.100.202509120712/tools/bin/../lib/gcc/arm-none-eabi/13.3.1/../../../../arm-none-eabi/lib/thumb/v7e-m+fp/hard\librdimon_nano.a(arm_librdimon_a-syscalls.o)
 .text._swilseek
                0x0800b806       0x78 C:/STM32CubeIDE_2.0.0/STM32CubeIDE/plugins/com.st.stm32cube.ide.mcu.externaltools.gnu-tools-for-stm32.13.3.rel1.win32_1.0.100.202509120712/tools/bin/../lib/gcc/arm-none-eabi/13.3.1/../../../../arm-none-eabi/lib/thumb/v7e-m+fp/hard\librdimon_nano.a(arm_librdimon_a-syscalls.o)
                0x0800b806                _swilseek
 .text._lseek   0x0800b87e        0x4 C:/STM32CubeIDE_2.0.0/STM32CubeIDE/plugins/com.st.stm32cube.ide.mcu.externaltools.gnu-tools-for-stm32.13.3.rel1.win32_1.0.100.202509120712/tools/bin/../lib/gcc/arm-none-eabi/13.3.1/../../../../arm-none-eabi/lib/thumb/v7e-m+fp/hard\librdimon_nano.a(arm_librdimon_a-syscalls.o)
                0x0800b87e                _lseek
 .text._swiclose
                0x0800b882       0x1a C:/STM32CubeIDE_2.0.0/STM32CubeIDE/plugins/com.st.stm32cube.ide.mcu.externaltools.gnu-tools-for-stm32.13.3.rel1.win32_1.0.100.202509120712/tools/bin/../lib/gcc/arm-none-eabi/13.3.1/../../../../arm-none-eabi/lib/thumb/v7e-m+fp/hard\librdimon_nano.a(arm_librdimon_a-syscalls.o)
                0x0800b882                _swiclose
 .text._close   0x0800b89c       0x4c C:/STM32CubeIDE_2.0.0/STM32CubeIDE/plugins/com.st.stm32cube.ide.mcu.externaltools.gnu-tools-for-stm32.13.3.rel1.win32_1.0.100.202509120712/tools/bin/../lib/gcc/arm-none-eabi/13.3.1/../../../../arm-none-eabi/lib/thumb/v7e-m+fp/hard\librdimon_nano.a(arm_librdimon_a-syscalls.o)
                0x0800b89c                _close
 .text._isatty  0x0800b8e8       0x3a C:/STM32CubeIDE_2.0.0/STM32CubeIDE/plugins/com.st.stm32cube.ide.mcu.externaltools.gnu-tools-for-stm32.13.3.rel1.win32_1.0.100.202509120712/tools/bin/../lib/gcc/arm-none-eabi/13.3.1/../../../../arm-none-eabi/lib/thumb/v7e-m+fp/hard\librdimon_nano.a(arm_librdimon_a-syscalls.o)
                0x0800b8e8                _isatty
 *(.glue_7)
 .glue_7        0x0800b922        0x0 linker stubs
 *(.glue_7t)
 .glue_7t       0x0800b922        0x0 linker stubs
 *(.eh_frame)
 *fill*         0x0800b922        0x2 
 .eh_frame      0x0800b924        0x0 C:/STM32CubeIDE_2.0.0/STM32CubeIDE/plugins/com.st.stm32cube.ide.mcu.externaltools.gnu-tools-for-stm32.13.3.rel1.win32_1.0.100.202509120712/tools/bin/../lib/gcc/arm-none-eabi/13.3.1/thumb/v7e-m+fp/hard/crtbegin.o
 *(.init)
 .init          0x0800b924        0x4 C:/STM32CubeIDE_2.0.0/STM32CubeIDE/plugins/com.st.stm32cube.ide.mcu.externaltools.gnu-tools-for-stm32.13.3.rel1.win32_1.0.100.202509120712/tools/bin/../lib/gcc/arm-none-eabi/13.3.1/thumb/v7e-m+fp/hard/crti.o
                0x0800b924                _init
 .init          0x0800b928        0x8 C:/STM32CubeIDE_2.0.0/STM32CubeIDE/plugins/com.st.stm32cube.ide.mcu.externaltools.gnu-tools-for-stm32.13.3.rel1.win32_1.0.100.202509120712/tools/bin/../lib/gcc/arm-none-eabi/13.3.1/thumb/v7e-m+fp/hard/crtn.o
 *(.fini)
 .fini          0x0800b930        0x4 C:/STM32CubeIDE_2.0.0/STM32CubeIDE/plugins/com.st.stm32cube.ide.mcu.externaltools.gnu-tools-for-stm32.13.3.rel1.win32_1.0.100.202509120712/tools/bin/../lib/gcc/arm-none-eabi/13.3.1/thumb/v7e-m+fp/hard/crti.o
                0x0800b930                _fini
 .fini          0x0800b934        0x8 C:/STM32CubeIDE_2.0.0/STM32CubeIDE/plugins/com.st.stm32cube.ide.mcu.externaltools.gnu-tools-for-stm32.13.3.rel1.win32_1.0.100.202509120712/tools/bin/../lib/gcc/arm-none-eabi/13.3.1/thumb/v7e-m+fp/hard/crtn.o
                0x0800b93c                        . = ALIGN (0x4)
                0x0800b93c                        _etext = .

.vfp11_veneer   0x0800b93c        0x0
 .vfp11_veneer  0x0800b93c        0x0 linker stubs

.v4_bx          0x0800b93c        0x0
 .v4_bx         0x0800b93c        0x0 linker stubs

.iplt           0x0800b93c        0x0
 .iplt          0x0800b93c        0x0 C:/STM32CubeIDE_2.0.0/STM32CubeIDE/plugins/com.st.stm32cube.ide.mcu.externaltools.gnu-tools-for-stm32.13.3.rel1.win32_1.0.100.202509120712/tools/bin/../lib/gcc/arm-none-eabi/13.3.1/thumb/v7e-m+fp/hard/crtbegin.o

.rodata         0x0800b940      0x5c4
                0x0800b940                        . = ALIGN (0x4)
 *(.rodata)
 .rodata        0x0800b940      0x117 ./drivers/bsp/stm32g4_spi.o
 *fill*         0x0800ba57        0x1 
 .rodata        0x0800ba58       0x48 ./drivers/bsp/stm32g4_uart.o
 *(.rodata*)
 .rodata.ball_colors
                0x0800baa0        0x6 ./app/display.o
 *fill*         0x0800baa6        0x2 
 .rodata.grid_colors
                0x0800baa8       0x10 ./app/display.o
 .rodata.AHBPrescTable
                0x0800bab8       0x10 ./core/Src/system_stm32g4xx.o
                0x0800bab8                AHBPrescTable
 .rodata.APBPrescTable
                0x0800bac8        0x8 ./core/Src/system_stm32g4xx.o
                0x0800bac8                APBPrescTable
 .rodata.__func__.7
                0x0800bad0        0xd ./drivers/bsp/stm32g4_spi.o
 *fill*         0x0800badd        0x3 
 .rodata.__func__.4
                0x0800bae0       0x18 ./drivers/bsp/stm32g4_spi.o
 .rodata.__func__.3
                0x0800baf8       0x1d ./drivers/bsp/stm32g4_spi.o
 *fill*         0x0800bb15        0x3 
 .rodata.nvic_IRQ_array
                0x0800bb18        0x2 ./drivers/bsp/stm32g4_uart.o
 *fill*         0x0800bb1a        0x2 
 .rodata.__func__.7
                0x0800bb1c       0x14 ./drivers/bsp/stm32g4_uart.o
 .rodata.__func__.6
                0x0800bb30       0x17 ./drivers/bsp/stm32g4_uart.o
 *fill*         0x0800bb47        0x1 
 .rodata.__func__.5
                0x0800bb48        0xe ./drivers/bsp/stm32g4_uart.o
 *fill*         0x0800bb56        0x2 
 .rodata.__func__.3
                0x0800bb58        0xe ./drivers/bsp/stm32g4_uart.o
 *fill*         0x0800bb66        0x2 
 .rodata.UARTPrescTable
                0x0800bb68       0x18 ./drivers/stm32g4xx_hal/Src/stm32g4xx_hal_uart.o
                0x0800bb68                UARTPrescTable
 .rodata.numerator.1
                0x0800bb80        0x8 ./drivers/stm32g4xx_hal/Src/stm32g4xx_hal_uart_ex.o
 .rodata.denominator.0
                0x0800bb88        0x8 ./drivers/stm32g4xx_hal/Src/stm32g4xx_hal_uart_ex.o
 .rodata.__assert_func.str1.1
                0x0800bb90      0x171 C:/STM32CubeIDE_2.0.0/STM32CubeIDE/plugins/com.st.stm32cube.ide.mcu.externaltools.gnu-tools-for-stm32.13.3.rel1.win32_1.0.100.202509120712/tools/bin/../lib/gcc/arm-none-eabi/13.3.1/../../../../arm-none-eabi/lib/thumb/v7e-m+fp/hard\libc_nano.a(libc_a-assert.o)
                                 0x3d (size before relaxing)
 .rodata._printf_float.str1.1
                0x0800bd01        0x0 C:/STM32CubeIDE_2.0.0/STM32CubeIDE/plugins/com.st.stm32cube.ide.mcu.externaltools.gnu-tools-for-stm32.13.3.rel1.win32_1.0.100.202509120712/tools/bin/../lib/gcc/arm-none-eabi/13.3.1/../../../../arm-none-eabi/lib/thumb/v7e-m+fp/hard\libc_nano.a(libc_a-nano-vfprintf_float.o)
                                 0x12 (size before relaxing)
 .rodata._printf_i.str1.1
                0x0800bd01        0x0 C:/STM32CubeIDE_2.0.0/STM32CubeIDE/plugins/com.st.stm32cube.ide.mcu.externaltools.gnu-tools-for-stm32.13.3.rel1.win32_1.0.100.202509120712/tools/bin/../lib/gcc/arm-none-eabi/13.3.1/../../../../arm-none-eabi/lib/thumb/v7e-m+fp/hard\libc_nano.a(libc_a-nano-vfprintf_i.o)
                                 0x22 (size before relaxing)
 .rodata._dtoa_r.str1.1
                0x0800bd01        0x0 C:/STM32CubeIDE_2.0.0/STM32CubeIDE/plugins/com.st.stm32cube.ide.mcu.externaltools.gnu-tools-for-stm32.13.3.rel1.win32_1.0.100.202509120712/tools/bin/../lib/gcc/arm-none-eabi/13.3.1/../../../../arm-none-eabi/lib/thumb/v7e-m+fp/hard\libc_nano.a(libc_a-dtoa.o)
                                 0x8f (size before relaxing)
 .rodata._Balloc.str1.1
                0x0800bd01        0x0 C:/STM32CubeIDE_2.0.0/STM32CubeIDE/plugins/com.st.stm32cube.ide.mcu.externaltools.gnu-tools-for-stm32.13.3.rel1.win32_1.0.100.202509120712/tools/bin/../lib/gcc/arm-none-eabi/13.3.1/../../../../arm-none-eabi/lib/thumb/v7e-m+fp/hard\libc_nano.a(libc_a-mprec.o)
                                 0x70 (size before relaxing)
 .rodata.__multadd.str1.1
                0x0800bd01        0x0 C:/STM32CubeIDE_2.0.0/STM32CubeIDE/plugins/com.st.stm32cube.ide.mcu.externaltools.gnu-tools-for-stm32.13.3.rel1.win32_1.0.100.202509120712/tools/bin/../lib/gcc/arm-none-eabi/13.3.1/../../../../arm-none-eabi/lib/thumb/v7e-m+fp/hard\libc_nano.a(libc_a-mprec.o)
                                 0x11 (size before relaxing)
 *fill*         0x0800bd01        0x3 
 .rodata.p05.0  0x0800bd04        0xc C:/STM32CubeIDE_2.0.0/STM32CubeIDE/plugins/com.st.stm32cube.ide.mcu.externaltools.gnu-tools-for-stm32.13.3.rel1.win32_1.0.100.202509120712/tools/bin/../lib/gcc/arm-none-eabi/13.3.1/../../../../arm-none-eabi/lib/thumb/v7e-m+fp/hard\libc_nano.a(libc_a-mprec.o)
 .rodata.__mprec_bigtens
                0x0800bd10       0x28 C:/STM32CubeIDE_2.0.0/STM32CubeIDE/plugins/com.st.stm32cube.ide.mcu.externaltools.gnu-tools-for-stm32.13.3.rel1.win32_1.0.100.202509120712/tools/bin/../lib/gcc/arm-none-eabi/13.3.1/../../../../arm-none-eabi/lib/thumb/v7e-m+fp/hard\libc_nano.a(libc_a-mprec.o)
                0x0800bd10                __mprec_bigtens
 .rodata.__mprec_tens
                0x0800bd38       0xc8 C:/STM32CubeIDE_2.0.0/STM32CubeIDE/plugins/com.st.stm32cube.ide.mcu.externaltools.gnu-tools-for-stm32.13.3.rel1.win32_1.0.100.202509120712/tools/bin/../lib/gcc/arm-none-eabi/13.3.1/../../../../arm-none-eabi/lib/thumb/v7e-m+fp/hard\libc_nano.a(libc_a-mprec.o)
                0x0800bd38                __mprec_tens
 .rodata._vfprintf_r.str1.1
                0x0800be00        0x0 C:/STM32CubeIDE_2.0.0/STM32CubeIDE/plugins/com.st.stm32cube.ide.mcu.externaltools.gnu-tools-for-stm32.13.3.rel1.win32_1.0.100.202509120712/tools/bin/../lib/gcc/arm-none-eabi/13.3.1/../../../../arm-none-eabi/lib/thumb/v7e-m+fp/hard\libc_nano.a(libc_a-nano-vfprintf.o)
                                 0x11 (size before relaxing)
 .rodata._setlocale_r.str1.1
                0x0800be00        0x0 C:/STM32CubeIDE_2.0.0/STM32CubeIDE/plugins/com.st.stm32cube.ide.mcu.externaltools.gnu-tools-for-stm32.13.3.rel1.win32_1.0.100.202509120712/tools/bin/../lib/gcc/arm-none-eabi/13.3.1/../../../../arm-none-eabi/lib/thumb/v7e-m+fp/hard\libc_nano.a(libc_a-locale.o)
                                  0x9 (size before relaxing)
 .rodata.str1.1
                0x0800be00        0x0 C:/STM32CubeIDE_2.0.0/STM32CubeIDE/plugins/com.st.stm32cube.ide.mcu.externaltools.gnu-tools-for-stm32.13.3.rel1.win32_1.0.100.202509120712/tools/bin/../lib/gcc/arm-none-eabi/13.3.1/../../../../arm-none-eabi/lib/thumb/v7e-m+fp/hard\libc_nano.a(libc_a-locale.o)
                                  0x2 (size before relaxing)
 .rodata._ctype_
                0x0800be00      0x101 C:/STM32CubeIDE_2.0.0/STM32CubeIDE/plugins/com.st.stm32cube.ide.mcu.externaltools.gnu-tools-for-stm32.13.3.rel1.win32_1.0.100.202509120712/tools/bin/../lib/gcc/arm-none-eabi/13.3.1/../../../../arm-none-eabi/lib/thumb/v7e-m+fp/hard\libc_nano.a(libc_a-ctype_.o)
                0x0800be00                _ctype_
                0x0800bf04                        . = ALIGN (0x4)
 *fill*         0x0800bf01        0x3 

.ARM.extab      0x0800bf04        0x0
                0x0800bf04                        . = ALIGN (0x4)
 *(.ARM.extab* .gnu.linkonce.armextab.*)
                0x0800bf04                        . = ALIGN (0x4)

.ARM            0x0800bf04        0x8
                0x0800bf04                        . = ALIGN (0x4)
                0x0800bf04                        __exidx_start = .
 *(.ARM.exidx*)
 .ARM.exidx     0x0800bf04        0x8 C:/STM32CubeIDE_2.0.0/STM32CubeIDE/plugins/com.st.stm32cube.ide.mcu.externaltools.gnu-tools-for-stm32.13.3.rel1.win32_1.0.100.202509120712/tools/bin/../lib/gcc/arm-none-eabi/13.3.1/../../../../arm-none-eabi/lib/thumb/v7e-m+fp/hard\libc_nano.a(libc_a-memchr.o)
 .ARM.exidx     0x0800bf0c        0x0 C:/STM32CubeIDE_2.0.0/STM32CubeIDE/plugins/com.st.stm32cube.ide.mcu.externaltools.gnu-tools-for-stm32.13.3.rel1.win32_1.0.100.202509120712/tools/bin/../lib/gcc/arm-none-eabi/13.3.1/../../../../arm-none-eabi/lib/thumb/v7e-m+fp/hard\libc_nano.a(libc_a-strlen.o)
                                  0x8 (size before relaxing)
 .ARM.exidx     0x0800bf0c        0x0 C:/STM32CubeIDE_2.0.0/STM32CubeIDE/plugins/com.st.stm32cube.ide.mcu.externaltools.gnu-tools-for-stm32.13.3.rel1.win32_1.0.100.202509120712/tools/bin/../lib/gcc/arm-none-eabi/13.3.1/thumb/v7e-m+fp/hard\libgcc.a(_udivmoddi4.o)
                                  0x8 (size before relaxing)
                0x0800bf0c                        __exidx_end = .
                0x0800bf0c                        . = ALIGN (0x4)

.preinit_array  0x0800bf0c        0x0
                0x0800bf0c                        . = ALIGN (0x4)
                0x0800bf0c                        PROVIDE (__preinit_array_start = .)
 *(.preinit_array*)
                0x0800bf0c                        PROVIDE (__preinit_array_end = .)
                0x0800bf0c                        . = ALIGN (0x4)

.init_array     0x0800bf0c        0x4
                0x0800bf0c                        . = ALIGN (0x4)
                0x0800bf0c                        PROVIDE (__init_array_start = .)
 *(SORT_BY_NAME(.init_array.*))
 *(.init_array*)
 .init_array    0x0800bf0c        0x4 C:/STM32CubeIDE_2.0.0/STM32CubeIDE/plugins/com.st.stm32cube.ide.mcu.externaltools.gnu-tools-for-stm32.13.3.rel1.win32_1.0.100.202509120712/tools/bin/../lib/gcc/arm-none-eabi/13.3.1/thumb/v7e-m+fp/hard/crtbegin.o
                0x0800bf10                        PROVIDE (__init_array_end = .)
                0x0800bf10                        . = ALIGN (0x4)

.fini_array     0x0800bf10        0x4
                0x0800bf10                        . = ALIGN (0x4)
                [!provide]                        PROVIDE (__fini_array_start = .)
 *(SORT_BY_NAME(.fini_array.*))
 *(.fini_array*)
 .fini_array    0x0800bf10        0x4 C:/STM32CubeIDE_2.0.0/STM32CubeIDE/plugins/com.st.stm32cube.ide.mcu.externaltools.gnu-tools-for-stm32.13.3.rel1.win32_1.0.100.202509120712/tools/bin/../lib/gcc/arm-none-eabi/13.3.1/thumb/v7e-m+fp/hard/crtbegin.o
                [!provide]                        PROVIDE (__fini_array_end = .)
                0x0800bf14                        . = ALIGN (0x4)
                0x0800bf14                        _sidata = LOADADDR (.data)

.rel.dyn        0x0800bf14        0x0
 .rel.iplt      0x0800bf14        0x0 C:/STM32CubeIDE_2.0.0/STM32CubeIDE/plugins/com.st.stm32cube.ide.mcu.externaltools.gnu-tools-for-stm32.13.3.rel1.win32_1.0.100.202509120712/tools/bin/../lib/gcc/arm-none-eabi/13.3.1/thumb/v7e-m+fp/hard/crtbegin.o

.data           0x20000000      0x1dc load address 0x0800bf14
                0x20000000                        . = ALIGN (0x4)
                0x20000000                        _sdata = .
 *(.data)
 *(.data*)
 .data.SystemCoreClock
                0x20000000        0x4 ./core/Src/system_stm32g4xx.o
                0x20000000                SystemCoreClock
 .data.instances_array
                0x20000004        0x8 ./drivers/bsp/stm32g4_uart.o
 .data.uwTickPrio
                0x2000000c        0x4 ./drivers/stm32g4xx_hal/Src/stm32g4xx_hal.o
                0x2000000c                uwTickPrio
 .data.uwTickFreq
                0x20000010        0x4 ./drivers/stm32g4xx_hal/Src/stm32g4xx_hal.o
                0x20000010                uwTickFreq
 .data.__sglue  0x20000014        0xc C:/STM32CubeIDE_2.0.0/STM32CubeIDE/plugins/com.st.stm32cube.ide.mcu.externaltools.gnu-tools-for-stm32.13.3.rel1.win32_1.0.100.202509120712/tools/bin/../lib/gcc/arm-none-eabi/13.3.1/../../../../arm-none-eabi/lib/thumb/v7e-m+fp/hard\libc_nano.a(libc_a-findfp.o)
                0x20000014                __sglue
 .data._impure_ptr
                0x20000020        0x4 C:/STM32CubeIDE_2.0.0/STM32CubeIDE/plugins/com.st.stm32cube.ide.mcu.externaltools.gnu-tools-for-stm32.13.3.rel1.win32_1.0.100.202509120712/tools/bin/../lib/gcc/arm-none-eabi/13.3.1/../../../../arm-none-eabi/lib/thumb/v7e-m+fp/hard\libc_nano.a(libc_a-impure.o)
                0x20000020                _impure_ptr
 .data._impure_data
                0x20000024       0x4c C:/STM32CubeIDE_2.0.0/STM32CubeIDE/plugins/com.st.stm32cube.ide.mcu.externaltools.gnu-tools-for-stm32.13.3.rel1.win32_1.0.100.202509120712/tools/bin/../lib/gcc/arm-none-eabi/13.3.1/../../../../arm-none-eabi/lib/thumb/v7e-m+fp/hard\libc_nano.a(libc_a-impure.o)
                0x20000024                _impure_data
 .data.__global_locale
                0x20000070      0x16c C:/STM32CubeIDE_2.0.0/STM32CubeIDE/plugins/com.st.stm32cube.ide.mcu.externaltools.gnu-tools-for-stm32.13.3.rel1.win32_1.0.100.202509120712/tools/bin/../lib/gcc/arm-none-eabi/13.3.1/../../../../arm-none-eabi/lib/thumb/v7e-m+fp/hard\libc_nano.a(libc_a-locale.o)
                0x20000070                __global_locale
 *(.RamFunc)
 *(.RamFunc*)
                0x200001dc                        . = ALIGN (0x4)
                0x200001dc                        _edata = .

.igot.plt       0x200001dc        0x0 load address 0x0800c0f0
 .igot.plt      0x200001dc        0x0 C:/STM32CubeIDE_2.0.0/STM32CubeIDE/plugins/com.st.stm32cube.ide.mcu.externaltools.gnu-tools-for-stm32.13.3.rel1.win32_1.0.100.202509120712/tools/bin/../lib/gcc/arm-none-eabi/13.3.1/thumb/v7e-m+fp/hard/crtbegin.o
                0x200001dc                        . = ALIGN (0x4)

.bss            0x200001dc      0x8e8 load address 0x0800c0f0
                0x200001dc                        _sbss = .
                0x200001dc                        __bss_start__ = _sbss
 *(.bss)
 .bss           0x200001dc       0x1c C:/STM32CubeIDE_2.0.0/STM32CubeIDE/plugins/com.st.stm32cube.ide.mcu.externaltools.gnu-tools-for-stm32.13.3.rel1.win32_1.0.100.202509120712/tools/bin/../lib/gcc/arm-none-eabi/13.3.1/thumb/v7e-m+fp/hard/crtbegin.o
 *(.bss*)
 .bss.ball      0x200001f8       0x10 ./app/breakbricks.o
 .bss.racket    0x20000208        0xe ./app/breakbricks.o
 *fill*         0x20000216        0x2 
 .bss.grid      0x20000218       0xf2 ./app/breakbricks.o
 .bss.flag_refresh
                0x2000030a        0x1 ./app/breakbricks.o
 .bss.life      0x2000030b        0x1 ./app/breakbricks.o
 .bss.t.0       0x2000030c        0x1 ./app/breakbricks.o
 *fill*         0x2000030d        0x3 
 .bss.t         0x20000310        0x4 ./app/button.o
 .bss.displayed_ball.7
                0x20000314       0x10 ./app/display.o
 .bss.displayed_ball_valid.6
                0x20000324        0x1 ./app/display.o
 .bss.initialized.5
                0x20000325        0x1 ./app/display.o
 .bss.x1d.4     0x20000326        0x2 ./app/display.o
 .bss.x2d.3     0x20000328        0x2 ./app/display.o
 .bss.y1d.2     0x2000032a        0x2 ./app/display.o
 .bss.y2d.1     0x2000032c        0x2 ./app/display.o
 *fill*         0x2000032e        0x2 
 .bss.displayed_bricks.0
                0x20000330       0x18 ./app/display.o
 .bss.__sbrk_heap_end
                0x20000348        0x4 ./core/Src/sysmem.o
 .bss.ILI9341_x
                0x2000034c        0x2 ./drivers/bsp/TFT_ili9341/stm32g4_ili9341.o
                0x2000034c                ILI9341_x
 .bss.ILI9341_y
                0x2000034e        0x2 ./drivers/bsp/TFT_ili9341/stm32g4_ili9341.o
                0x2000034e                ILI9341_y
 .bss.ILI9341_Opts
                0x20000350        0x6 ./drivers/bsp/TFT_ili9341/stm32g4_ili9341.o
                0x20000350                ILI9341_Opts
 *fill*         0x20000356        0x2 
 .bss.callbacks
                0x20000358       0x40 ./drivers/bsp/stm32g4_extit.o
 .bss.enables   0x20000398        0x2 ./drivers/bsp/stm32g4_extit.o
 .bss.initialized
                0x2000039a        0x1 ./drivers/bsp/stm32g4_gpio.o
 *fill*         0x2000039b        0x1 
 .bss.hSPI      0x2000039c      0x12c ./drivers/bsp/stm32g4_spi.o
 .bss.stdout_usart
                0x200004c8        0x1 ./drivers/bsp/stm32g4_sys.o
 .bss.stderr_usart
                0x200004c9        0x1 ./drivers/bsp/stm32g4_sys.o
 .bss.stdin_usart
                0x200004ca        0x1 ./drivers/bsp/stm32g4_sys.o
 *fill*         0x200004cb        0x1 
 .bss.uart_initialized
                0x200004cc        0x4 ./drivers/bsp/stm32g4_sys.o
 .bss.callback_functions
                0x200004d0       0x40 ./drivers/bsp/stm32g4_systick.o
 .bss.initialized
                0x20000510        0x1 ./drivers/bsp/stm32g4_systick.o
 *fill*         0x20000511        0x3 
 .bss.structure_handles
                0x20000514      0x17c ./drivers/bsp/stm32g4_timer.o
 .bss.structure_handles
                0x20000690      0x128 ./drivers/bsp/stm32g4_uart.o
 .bss.buffer_rx
                0x200007b8      0x100 ./drivers/bsp/stm32g4_uart.o
 .bss.buffer_rx_write_index
                0x200008b8        0x2 ./drivers/bsp/stm32g4_uart.o
 *fill*         0x200008ba        0x2 
 .bss.buffer_rx_read_index
                0x200008bc        0x8 ./drivers/bsp/stm32g4_uart.o
 .bss.buffer_rx_data_ready
                0x200008c4        0x2 ./drivers/bsp/stm32g4_uart.o
 *fill*         0x200008c6        0x2 
 .bss.uart_initialized
                0x200008c8        0x2 ./drivers/bsp/stm32g4_uart.o
 *fill*         0x200008ca        0x2 
 .bss.callback_uart_rx
                0x200008cc        0x8 ./drivers/bsp/stm32g4_uart.o
 .bss.uwTick    0x200008d4        0x4 ./drivers/stm32g4xx_hal/Src/stm32g4xx_hal.o
                0x200008d4                uwTick
 .bss.__sf      0x200008d8      0x138 C:/STM32CubeIDE_2.0.0/STM32CubeIDE/plugins/com.st.stm32cube.ide.mcu.externaltools.gnu-tools-for-stm32.13.3.rel1.win32_1.0.100.202509120712/tools/bin/../lib/gcc/arm-none-eabi/13.3.1/../../../../arm-none-eabi/lib/thumb/v7e-m+fp/hard\libc_nano.a(libc_a-findfp.o)
                0x200008d8                __sf
 .bss.__stdio_exit_handler
                0x20000a10        0x4 C:/STM32CubeIDE_2.0.0/STM32CubeIDE/plugins/com.st.stm32cube.ide.mcu.externaltools.gnu-tools-for-stm32.13.3.rel1.win32_1.0.100.202509120712/tools/bin/../lib/gcc/arm-none-eabi/13.3.1/../../../../arm-none-eabi/lib/thumb/v7e-m+fp/hard\libc_nano.a(libc_a-findfp.o)
                0x20000a10                __stdio_exit_handler
 .bss.errno     0x20000a14        0x4 C:/STM32CubeIDE_2.0.0/STM32CubeIDE/plugins/com.st.stm32cube.ide.mcu.externaltools.gnu-tools-for-stm32.13.3.rel1.win32_1.0.100.202509120712/tools/bin/../lib/gcc/arm-none-eabi/13.3.1/../../../../arm-none-eabi/lib/thumb/v7e-m+fp/hard\libc_nano.a(libc_a-reent.o)
                0x20000a14                errno
 .bss.__lock___malloc_recursive_mutex
                0x20000a18        0x1 C:/STM32CubeIDE_2.0.0/STM32CubeIDE/plugins/com.st.stm32cube.ide.mcu.externaltools.gnu-tools-for-stm32.13.3.rel1.win32_1.0.100.202509120712/tools/bin/../lib/gcc/arm-none-eabi/13.3.1/../../../../arm-none-eabi/lib/thumb/v7e-m+fp/hard\libc_nano.a(libc_a-lock.o)
                0x20000a18                __lock___malloc_recursive_mutex
 .bss.__lock___sfp_recursive_mutex
                0x20000a19        0x1 C:/STM32CubeIDE_2.0.0/STM32CubeIDE/plugins/com.st.stm32cube.ide.mcu.externaltools.gnu-tools-for-stm32.13.3.rel1.win32_1.0.100.202509120712/tools/bin/../lib/gcc/arm-none-eabi/13.3.1/../../../../arm-none-eabi/lib/thumb/v7e-m+fp/hard\libc_nano.a(libc_a-lock.o)
                0x20000a19                __lock___sfp_recursive_mutex
 *fill*         0x20000a1a        0x2 
 .bss.__malloc_sbrk_start
                0x20000a1c        0x4 C:/STM32CubeIDE_2.0.0/STM32CubeIDE/plugins/com.st.stm32cube.ide.mcu.externaltools.gnu-tools-for-stm32.13.3.rel1.win32_1.0.100.202509120712/tools/bin/../lib/gcc/arm-none-eabi/13.3.1/../../../../arm-none-eabi/lib/thumb/v7e-m+fp/hard\libc_nano.a(libc_a-mallocr.o)
                0x20000a1c                __malloc_sbrk_start
 .bss.__malloc_free_list
                0x20000a20        0x4 C:/STM32CubeIDE_2.0.0/STM32CubeIDE/plugins/com.st.stm32cube.ide.mcu.externaltools.gnu-tools-for-stm32.13.3.rel1.win32_1.0.100.202509120712/tools/bin/../lib/gcc/arm-none-eabi/13.3.1/../../../../arm-none-eabi/lib/thumb/v7e-m+fp/hard\libc_nano.a(libc_a-mallocr.o)
                0x20000a20                __malloc_free_list
 .bss.openfiles
                0x20000a24       0xa0 C:/STM32CubeIDE_2.0.0/STM32CubeIDE/plugins/com.st.stm32cube.ide.mcu.externaltools.gnu-tools-for-stm32.13.3.rel1.win32_1.0.100.202509120712/tools/bin/../lib/gcc/arm-none-eabi/13.3.1/../../../../arm-none-eabi/lib/thumb/v7e-m+fp/hard\librdimon_nano.a(arm_librdimon_a-syscalls.o)
 *(COMMON)
                0x20000ac4                        . = ALIGN (0x4)
                0x20000ac4                        _ebss = .
                0x20000ac4                        __bss_end__ = _ebss

._user_heap_stack
                0x20000ac4      0x604 load address 0x0800c0f0
                0x20000ac8                        . = ALIGN (0x8)
 *fill*         0x20000ac4        0x4 
                0x20000ac8                        PROVIDE (end = .)
                0x20000ac8                        PROVIDE (_end = .)
                0x20000cc8                        . = (. + _Min_Heap_Size)
 *fill*         0x20000ac8      0x200 
                0x200010c8                        . = (. + _Min_Stack_Size)
 *fill*         0x20000cc8      0x400 
                0x200010c8                        . = ALIGN (0x8)

/DISCARD/
 libc.a(*)
 libm.a(*)
 libgcc.a(*)

.ARM.attributes
                0x00000000       0x30
 *(.ARM.attributes)
 .ARM.attributes
                0x00000000       0x22 C:/STM32CubeIDE_2.0.0/STM32CubeIDE/plugins/com.st.stm32cube.ide.mcu.externaltools.gnu-tools-for-stm32.13.3.rel1.win32_1.0.100.202509120712/tools/bin/../lib/gcc/arm-none-eabi/13.3.1/thumb/v7e-m+fp/hard/crti.o
 .ARM.attributes