../drivers/cmsis/Include/core_cm4.h:1679:22:__NVIC_EnableIRQ	16	static,ignoring_inline_asm
../drivers/cmsis/Include/core_cm4.h:1717:22:__NVIC_DisableIRQ	16	static,ignoring_inline_asm
../drivers/bsp/stm32g4_uart.c:94:6:BSP_UART_demo	16	static
../drivers/bsp/stm32g4_uart.c:128:6:BSP_UART_data_ready	16	static
../drivers/bsp/stm32g4_uart.c:141:6:BSP_UART_button	16	static
../drivers/bsp/stm32g4_uart.c:162:9:BSP_UART_get_next_byte	24	static
../drivers/bsp/stm32g4_uart.c:188:9:BSP_UART_getc	16	static
../drivers/bsp/stm32g4_uart.c:203:9:BSP_UART_getc_blocking	24	static
../drivers/bsp/stm32g4_uart.c:227:10:BSP_UART_gets_blocking	40	static
../drivers/bsp/stm32g4_uart.c:249:10:BSP_UART_gets	40	static
../drivers/bsp/stm32g4_uart.c:268:6:BSP_UART_putc	24	static
../drivers/bsp/stm32g4_uart.c:290:6:BSP_UART_puts	24	static
../drivers/bsp/stm32g4_uart.c:329:6:BSP_UART_init	16	static
../drivers/bsp/stm32g4_uart.c:390:6:HAL_UART_MspInit	112	static
../drivers/bsp/stm32g4_uart.c:451:6:BSP_UART_deinit	16	static
../drivers/bsp/stm32g4_uart.c:462:6:HAL_UART_MspDeInit	16	static
../drivers/bsp/stm32g4_uart.c:495:6:USART1_IRQHandler	8	static
../drivers/bsp/stm32g4_uart.c:500:6:USART2_IRQHandler	8	static
../drivers/bsp/stm32g4_uart.c:511:6:BSP_UART_set_callback	16	static
../drivers/bsp/stm32g4_uart.c:518:6:HAL_UART_ErrorCallback	24	static
../drivers/bsp/stm32g4_uart.c:540:6:HAL_UART_RxCpltCallback	24	static
../drivers/bsp/stm32g4_uart.c:558:6:BSP_UART_impolite_force_puts_on_uart	32	static
