../drivers/bsp/stm32g4_timer.c:48:6:clear_it_status	16	static
../drivers/bsp/stm32g4_timer.c:82:6:BSP_TIMER_run_us	136	static
../drivers/bsp/stm32g4_timer.c:183:6:BSP_TIMER_stop	16	static
../drivers/bsp/stm32g4_timer.c:192:10:BSP_TIMER_read	16	static
../drivers/bsp/stm32g4_timer.c:197:6:BSP_TIMER_write	16	static
../drivers/bsp/stm32g4_timer.c:210:10:BSP_TIMER_get_period	16	static
../drivers/bsp/stm32g4_timer.c:215:6:BSP_TIMER_set_period	16	static
../drivers/bsp/stm32g4_timer.c:227:10:BSP_TIMER_get_prescaler	16	static
../drivers/bsp/stm32g4_timer.c:232:6:BSP_TIMER_set_prescaler	16	static
../drivers/bsp/stm32g4_timer.c:237:6:BSP_TIMER_enable_output_trigger	32	static
../drivers/bsp/stm32g4_timer.c:249:21:BSP_TIMER_get_handler	16	static
../drivers/bsp/stm32g4_timer.c:287:6:BSP_TIMER_enable_PWM	64	static
../drivers/bsp/stm32g4_timer.c:374:6:BSP_TIMER_set_duty	16	static
../drivers/bsp/stm32g4_timer.c:388:6:BSP_TIMER_set_period_with_same_duty	32	static
../drivers/bsp/stm32g4_timer.c:406:13:TIMER1_user_handler_it	4	static
../drivers/bsp/stm32g4_timer.c:411:13:TIMER2_user_handler_it	4	static
../drivers/bsp/stm32g4_timer.c:416:13:TIMER3_user_handler_it	4	static
../drivers/bsp/stm32g4_timer.c:421:13:TIMER4_user_handler_it	4	static
../drivers/bsp/stm32g4_timer.c:427:13:TIMER6_user_handler_it	4	static
../drivers/bsp/stm32g4_timer.c:438:6:TIM1_UP_TIM16_IRQHandler	8	static
../drivers/bsp/stm32g4_timer.c:446:6:TIM2_IRQHandler	8	static
../drivers/bsp/stm32g4_timer.c:454:6:TIM3_IRQHandler	8	static
../drivers/bsp/stm32g4_timer.c:462:6:TIM4_IRQHandler	8	static
../drivers/bsp/stm32g4_timer.c:470:6:TIM6_DAC_IRQHandler	8	static
