09:42:11 **** Incremental Build of configuration Debug for project Snake-Game ****
make -j14 all 
arm-none-eabi-gcc "../app/breakbricks.c" -mcpu=cortex-m4 -std=gnu11 -g3 -DDEBUG -DUSE_HAL_DRIVER -DSTM32G431xx -c -I../core/Inc -I../../common/core/Inc -I../drivers/stm32g4xx_hal/Inc -I../../common/drivers/stm32g4xx_hal/Inc -I../drivers/stm32g4xx_hal/Inc/Legacy -I../../common/drivers/stm32g4xx_hal/Inc/Legacy -I../drivers/cmsis/Device/ST/STM32G4xx/Include -I../../common/drivers/cmsis/Device/ST/STM32G4xx/Include -I../drivers/cmsis/Include -I../../common/drivers/cmsis/Include -I../app -I../drivers/bsp -I../../common/drivers/bsp -O0 -ffunction-sections -fdata-sections -Wall -fstack-usage -fcyclomatic-complexity -MMD -MP -MF"app/breakbricks.d" -MT"app/breakbricks.o" --specs=nano.specs -mfpu=fpv4-sp-d16 -mfloat-abi=hard -mthumb -o "app/breakbricks.o"
arm-none-eabi-gcc "../app/display.c" -mcpu=cortex-m4 -std=gnu11 -g3 -DDEBUG -DUSE_HAL_DRIVER -DSTM32G431xx -c -I../core/Inc -I../../common/core/Inc -I../drivers/stm32g4xx_hal/Inc -I../../common/drivers/stm32g4xx_hal/Inc -I../drivers/stm32g4xx_hal/Inc/Legacy -I../../common/drivers/stm32g4xx_hal/Inc/Legacy -I../drivers/cmsis/Device/ST/STM32G4xx/Include -I../../common/drivers/cmsis/Device/ST/STM32G4xx/Include -I../drivers/cmsis/Include -I../../common/drivers/cmsis/Include -I../app -I../drivers/bsp -I../../common/drivers/bsp -O0 -ffunction-sections -fdata-sections -Wall -fstack-usage -fcyclomatic-complexity -MMD -MP -MF"app/display.d" -MT"app/display.o" --specs=nano.specs -mfpu=fpv4-sp-d16 -mfloat-abi=hard -mthumb -o "app/display.o"
arm-none-eabi-gcc "../app/snake.c" -mcpu=cortex-m4 -std=gnu11 -g3 -DDEBUG -DUSE_HAL_DRIVER -DSTM32G431xx -c -I../core/Inc -I../../common/core/Inc -I../drivers/stm32g4xx_hal/Inc -I../../common/drivers/stm32g4xx_hal/Inc -I../drivers/stm32g4xx_hal/Inc/Legacy -I../../common/drivers/stm32g4xx_hal/Inc/Legacy -I../drivers/cmsis/Device/ST/STM32G4xx/Include -I../../common/drivers/cmsis/Device/ST/STM32G4xx/Include -I../drivers/cmsis/Include -I../../common/drivers/cmsis/Include -I../app -I../drivers/bsp -I../../common/drivers/bsp -O0 -ffunction-sections -fdata-sections -Wall -fstack-usage -fcyclomatic-complexity -MMD -MP -MF"app/snake.d" -MT"app/snake.o" --specs=nano.specs -mfpu=fpv4-sp-d16 -mfloat-abi=hard -mthumb -o "app/snake.o"
../app/breakbricks.c: In function 'BREAKBRICKS_process_main':
../app/breakbricks.c:134:5: warning: implicit declaration of function 'DISPLAY_refresh_ball'; did you mean 'DISPLAY_refresh_bomb'? [-Wimplicit-function-declaration]
  134 |     DISPLAY_refresh_ball(&ball);
      |     ^~~~~~~~~~~~~~~~~~~~
      |     DISPLAY_refresh_bomb
../app/breakbricks.c:135:5: warning: implicit declaration of function 'DISPLAY_refresh_racket'; did you mean 'DISPLAY_refresh_snake'? [-Wimplicit-function-declaration]
  135 |     DISPLAY_refresh_racket(&racket);
      |     ^~~~~~~~~~~~~~~~~~~~~~
      |     DISPLAY_refresh_snake
../app/display.c: In function 'DISPLAY_refresh_snake':
../app/display.c:39:17: warning: variable 'initialized' set but not used [-Wunused-but-set-variable]
   39 |     static bool initialized = false;
      |                 ^~~~~~~~~~~
../app/display.c: In function 'DISPLAY_Menu':
../app/display.c:188:42: warning: unused variable 'border_color' [-Wunused-variable]
  188 |                                 uint16_t border_color = ILI9341_COLOR_WHITE;
      |                                          ^~~~~~~~~~~~
../app/display.c: In function 'DISPLAY_refresh_apple_indexed':
../app/display.c:306:17: warning: unused variable 'old_cy' [-Wunused-variable]
  306 |         int16_t old_cy = ILI9341_WIDTH - ((displayed_apples[index].y1 + displayed_apples[index].y2) / 2);
      |                 ^~~~~~
../app/display.c:305:17: warning: unused variable 'old_cx' [-Wunused-variable]
  305 |         int16_t old_cx = (displayed_apples[index].x1 + displayed_apples[index].x2) / 2;
      |                 ^~~~~~
../app/breakbricks.c:136:5: warning: implicit declaration of function 'DISPLAY_refresh_grid'; did you mean 'DISPLAY_refresh_bomb'? [-Wimplicit-function-declaration]
  136 |     DISPLAY_refresh_grid(&grid);
      |     ^~~~~~~~~~~~~~~~~~~~
      |     DISPLAY_refresh_bomb
../app/snake.c: In function 'SNAKE_game_over':
../app/snake.c:658:5: warning: implicit declaration of function 'sprintf' [-Wimplicit-function-declaration]
  658 |     sprintf(text, "SCORE : %s", score_str);
      |     ^~~~~~~
../app/snake.c:17:1: note: include '<stdio.h>' or provide a declaration of 'sprintf'
   16 | #include "TFT_ili9341/stm32g4_ili9341.h"
  +++ |+#include <stdio.h>
   17 | 
../app/snake.c:658:5: warning: incompatible implicit declaration of built-in function 'sprintf' [-Wbuiltin-declaration-mismatch]
  658 |     sprintf(text, "SCORE : %s", score_str);
      |     ^~~~~~~
../app/snake.c:658:5: note: include '<stdio.h>' or provide a declaration of 'sprintf'
arm-none-eabi-gcc -o "Snake-Game.elf" @"objects.list"  -lc -lrdimon -mcpu=cortex-m4 -T"C:\Users\hassa\STM32CubeIDE\workspace_stm32\Snake-Game\core\STM32G431KBTX_FLASH.ld" --specs=nosys.specs -Wl,-Map="Snake-Game.map" -Wl,--gc-sections -static -u_printf_float -specs=rdimon.specs --specs=nano.specs -mfpu=fpv4-sp-d16 -mfloat-abi=hard -mthumb -u _printf_float -Wl,--start-group -lc -lm -Wl,--end-group
Finished building target: Snake-Game.elf
 
arm-none-eabi-size  Snake-Game.elf 
arm-none-eabi-objdump -h -S Snake-Game.elf  > "Snake-Game.list"
   text	   data	    bss	    dec	    hex	filename
  56328	    524	   5716	  62568	   f468	Snake-Game.elf
Finished building: default.size.stdout
 
Finished building: Snake-Game.list
 
