09:31:26 **** Incremental Build of configuration Debug for project Snake-Game ****
make -j14 all 
arm-none-eabi-gcc "../app/display.c" -mcpu=cortex-m4 -std=gnu11 -g3 -DDEBUG -DUSE_HAL_DRIVER -DSTM32G431xx -c -I../core/Inc -I../../common/core/Inc -I../drivers/stm32g4xx_hal/Inc -I../../common/drivers/stm32g4xx_hal/Inc -I../drivers/stm32g4xx_hal/Inc/Legacy -I../../common/drivers/stm32g4xx_hal/Inc/Legacy -I../drivers/cmsis/Device/ST/STM32G4xx/Include -I../../common/drivers/cmsis/Device/ST/STM32G4xx/Include -I../drivers/cmsis/Include -I../../common/drivers/cmsis/Include -I../app -I../drivers/bsp -I../../common/drivers/bsp -O0 -ffunction-sections -fdata-sections -Wall -fstack-usage -fcyclomatic-complexity -MMD -MP -MF"app/display.d" -MT"app/display.o" --specs=nano.specs -mfpu=fpv4-sp-d16 -mfloat-abi=hard -mthumb -o "app/display.o"
../app/display.c:38:13: warning: 'style2char' declared 'static' but never defined [-Wunused-function]
   38 | static char style2char(brickstyle_e style);
      |             ^~~~~~~~~~
../app/display.c:25:23: warning: 'grid_colors' defined but not used [-Wunused-const-variable=]
   25 | static const uint16_t grid_colors[BRICKSTYLE_NB] = {
      |                       ^~~~~~~~~~~
../app/display.c: In function 'DISPLAY_game_over':
../app/display.c:209:19: warning: 'i' is used uninitialized [-Wuninitialized]
  209 |         while(text[i] != '\0'){
      |               ~~~~^~~
../app/display.c:208:16: note: 'i' was declared here
  208 |         int8_t i;
      |                ^
arm-none-eabi-gcc -o "Snake-Game.elf" @"objects.list"  -lc -lrdimon -mcpu=cortex-m4 -T"C:\Users\hassa\STM32CubeIDE\workspace_stm32\Snake-Game\core\STM32G431KBTX_FLASH.ld" --specs=nosys.specs -Wl,-Map="Snake-Game.map" -Wl,--gc-sections -static -u_printf_float -specs=rdimon.specs --specs=nano.specs -mfpu=fpv4-sp-d16 -mfloat-abi=hard -mthumb -u _printf_float -Wl,--start-group -lc -lm -Wl,--end-group
Finished building target: Snake-Game.elf
 
arm-none-eabi-size  Snake-Game.elf 
arm-none-eabi-objdump -h -S Snake-Game.elf  > "Snake-Game.list"
   text	   data	    bss	    dec	    hex	filename
  50360	    488	   5120	  55968	   daa0	Snake-Game.elf
Finished building: default.size.stdout
 
Finished building: Snake-Game.list
 
