09:02:44 **** Incremental Build of configuration Debug for project Snake-Game ****
make -j14 all 
arm-none-eabi-gcc "../app/display.c" -mcpu=cortex-m4 -std=gnu11 -g3 -DDEBUG -DUSE_HAL_DRIVER -DSTM32G431xx -c -I../core/Inc -I../../common/core/Inc -I../drivers/stm32g4xx_hal/Inc -I../../common/drivers/stm32g4xx_hal/Inc -I../drivers/stm32g4xx_hal/Inc/Legacy -I../../common/drivers/stm32g4xx_hal/Inc/Legacy -I../drivers/cmsis/Device/ST/STM32G4xx/Include -I../../common/drivers/cmsis/Device/ST/STM32G4xx/Include -I../drivers/cmsis/Include -I../../common/drivers/cmsis/Include -I../app -I../drivers/bsp -I../../common/drivers/bsp -O0 -ffunction-sections -fdata-sections -Wall -fstack-usage -fcyclomatic-complexity -MMD -MP -MF"app/display.d" -MT"app/display.o" --specs=nano.specs -mfpu=fpv4-sp-d16 -mfloat-abi=hard -mthumb -o "app/display.o"
../app/display.c: In function 'DISPLAY_refresh_snake':
../app/display.c:116:17: warning: variable 'initialized' set but not used [-Wunused-but-set-variable]
  116 |     static bool initialized = false;
      |                 ^~~~~~~~~~~
../app/display.c: At top level:
../app/display.c:38:13: warning: 'style2char' declared 'static' but never defined [-Wunused-function]
   38 | static char style2char(brickstyle_e style);
      |             ^~~~~~~~~~
../app/display.c:25:23: warning: 'grid_colors' defined but not used [-Wunused-const-variable=]
   25 | static const uint16_t grid_colors[BRICKSTYLE_NB] = {
      |                       ^~~~~~~~~~~
arm-none-eabi-gcc -o "Snake-Game.elf" @"objects.list"  -lc -lrdimon -mcpu=cortex-m4 -T"C:\Users\hassa\STM32CubeIDE\workspace_stm32\Snake-Game\core\STM32G431KBTX_FLASH.ld" --specs=nosys.specs -Wl,-Map="Snake-Game.map" -Wl,--gc-sections -static -u_printf_float -specs=rdimon.specs --specs=nano.specs -mfpu=fpv4-sp-d16 -mfloat-abi=hard -mthumb -u _printf_float -Wl,--start-group -lc -lm -Wl,--end-group
Finished building target: Snake-Game.elf
 
arm-none-eabi-size  Snake-Game.elf 
arm-none-eabi-objdump -h -S Snake-Game.elf  > "Snake-Game.list"
   text	   data	    bss	    dec	    hex	filename
  51632	    488	   5120	  57240	   df98	Snake-Game.elf
Finished building: default.size.stdout
 
Finished building: Snake-Game.list
 
09:02:48 **** Build of configuration Debug for project Breakbricks ****
make -j14 all 
arm-none-eabi-size  Breakbricks.elf 
   text	   data	    bss	    dec	    hex	filename
  51300	    488	   3816	  55604	   d934	Breakbricks.elf
Finished building: default.size.stdout
 
09:02:49 **** Clean-only build of configuration Debug for project MAESTRO ****
make -j14 clean 
rm -rf ./drivers/stm32g4xx_hal/Src/stm32g4xx_hal.cyclo ./drivers/stm32g4xx_hal/Src/stm32g4xx_hal.d ./drivers/stm32g4xx_hal/Src/stm32g4xx_hal.o ./drivers/stm32g4xx_hal/Src/stm32g4xx_hal.su ./drivers/stm32g4xx_hal/Src/stm32g4xx_hal_adc.cyclo ./drivers/stm32g4xx_hal/Src/stm32g4xx_hal_adc.d ./drivers/stm32g4xx_hal/Src/stm32g4xx_hal_adc.o ./drivers/stm32g4xx_hal/Src/stm32g4xx_hal_adc.su ./drivers/stm32g4xx_hal/Src/stm32g4xx_hal_adc_ex.cyclo ./drivers/stm32g4xx_hal/Src/stm32g4xx_hal_adc_ex.d ./drivers/stm32g4xx_hal/Src/stm32g4xx_hal_adc_ex.o ./drivers/stm32g4xx_hal/Src/stm32g4xx_hal_adc_ex.su ./drivers/stm32g4xx_hal/Src/stm32g4xx_hal_cortex.cyclo ./drivers/stm32g4xx_hal/Src/stm32g4xx_hal_cortex.d ./drivers/stm32g4xx_hal/Src/stm32g4xx_hal_cortex.o ./drivers/stm32g4xx_hal/Src/stm32g4xx_hal_cortex.su ./drivers/stm32g4xx_hal/Src/stm32g4xx_hal_dac.cyclo ./drivers/stm32g4xx_hal/Src/stm32g4xx_hal_dac.d ./drivers/stm32g4xx_hal/Src/stm32g4xx_hal_dac.o ./drivers/stm32g4xx_hal/Src/stm32g4xx_hal_dac.su ./drivers/stm32g4xx_hal/Src/stm32g4xx_hal_dac_ex.cyclo ./drivers/stm32g4xx_hal/Src/stm32g4xx_hal_dac_ex.d ./drivers/stm32g4xx_hal/Src/stm32g4xx_hal_dac_ex.o ./drivers/stm32g4xx_hal/Src/stm32g4xx_hal_dac_ex.su ./drivers/stm32g4xx_hal/Src/stm32g4xx_hal_dma.cyclo ./drivers/stm32g4xx_hal/Src/stm32g4xx_hal_dma.d ./drivers/stm32g4xx_hal/Src/stm32g4xx_hal_dma.o ./drivers/stm32g4xx_hal/Src/stm32g4xx_hal_dma.su ./drivers/stm32g4xx_hal/Src/stm32g4xx_hal_dma_ex.cyclo ./drivers/stm32g4xx_hal/Src/stm32g4xx_hal_dma_ex.d ./drivers/stm32g4xx_hal/Src/stm32g4xx_hal_dma_ex.o ./drivers/stm32g4xx_hal/Src/stm32g4xx_hal_dma_ex.su ./drivers/stm32g4xx_hal/Src/stm32g4xx_hal_exti.cyclo ./drivers/stm32g4xx_hal/Src/stm32g4xx_hal_exti.d ./drivers/stm32g4xx_hal/Src/stm32g4xx_hal_exti.o ./drivers/stm32g4xx_hal/Src/stm32g4xx_hal_exti.su ./drivers/stm32g4xx_hal/Src/stm32g4xx_hal_flash.cyclo ./drivers/stm32g4xx_hal/Src/stm32g4xx_hal_flash.d ./drivers/stm32g4xx_hal/Src/stm32g4xx_hal_flash.o ./drivers/stm32g4xx_hal/Src/stm32g4xx_hal_flash.su ./drivers/stm32g4xx_hal/Src/stm32g4xx_hal_flash_ex.cyclo ./drivers/stm32g4xx_hal/Src/stm32g4xx_hal_flash_ex.d ./drivers/stm32g4xx_hal/Src/stm32g4xx_hal_flash_ex.o ./drivers/stm32g4xx_hal/Src/stm32g4xx_hal_flash_ex.su ./drivers/stm32g4xx_hal/Src/stm32g4xx_hal_flash_ramfunc.cyclo ./drivers/stm32g4xx_hal/Src/stm32g4xx_hal_flash_ramfunc.d ./drivers/stm32g4xx_hal/Src/stm32g4xx_hal_flash_ramfunc.o ./drivers/stm32g4xx_hal/Src/stm32g4xx_hal_flash_ramfunc.su ./drivers/stm32g4xx_hal/Src/stm32g4xx_hal_gpio.cyclo ./drivers/stm32g4xx_hal/Src/stm32g4xx_hal_gpio.d ./drivers/stm32g4xx_hal/Src/stm32g4xx_hal_gpio.o ./drivers/stm32g4xx_hal/Src/stm32g4xx_hal_gpio.su ./drivers/stm32g4xx_hal/Src/stm32g4xx_hal_i2c.cyclo ./drivers/stm32g4xx_hal/Src/stm32g4xx_hal_i2c.d ./drivers/stm32g4xx_hal/Src/stm32g4xx_hal_i2c.o ./drivers/stm32g4xx_hal/Src/stm32g4xx_hal_i2c.su ./drivers/stm32g4xx_hal/Src/stm32g4xx_hal_i2c_ex.cyclo ./drivers/stm32g4xx_hal/Src/stm32g4xx_hal_i2c_ex.d ./drivers/stm32g4xx_hal/Src/stm32g4xx_hal_i2c_ex.o ./drivers/stm32g4xx_hal/Src/stm32g4xx_hal_i2c_ex.su ./drivers/stm32g4xx_hal/Src/stm32g4xx_hal_pwr.cyclo ./drivers/stm32g4xx_hal/Src/stm32g4xx_hal_pwr.d ./drivers/stm32g4xx_hal/Src/stm32g4xx_hal_pwr.o ./drivers/stm32g4xx_hal/Src/stm32g4xx_hal_pwr.su ./drivers/stm32g4xx_hal/Src/stm32g4xx_hal_pwr_ex.cyclo ./drivers/stm32g4xx_hal/Src/stm32g4xx_hal_pwr_ex.d ./drivers/stm32g4xx_hal/Src/stm32g4xx_hal_pwr_ex.o ./drivers/stm32g4xx_hal/Src/stm32g4xx_hal_pwr_ex.su ./drivers/stm32g4xx_hal/Src/stm32g4xx_hal_rcc.cyclo ./drivers/stm32g4xx_hal/Src/stm32g4xx_hal_rcc.d ./drivers/stm32g4xx_hal/Src/stm32g4xx_hal_rcc.o ./drivers/stm32g4xx_hal/Src/stm32g4xx_hal_rcc.su ./drivers/stm32g4xx_hal/Src/stm32g4xx_hal_rcc_ex.cyclo ./drivers/stm32g4xx_hal/Src/stm32g4xx_hal_rcc_ex.d ./drivers/stm32g4xx_hal/Src/stm32g4xx_hal_rcc_ex.o ./drivers/stm32g4xx_hal/Src/stm32g4xx_hal_rcc_ex.su ./drivers/stm32g4xx_hal/Src/stm32g4xx_hal_rng.cyclo ./drivers/stm32g4xx_hal/Src/stm32g4xx_hal_rng.d ./drivers/stm32g4xx_hal/Src/stm32g4xx_hal_rng.o ./drivers/stm32g4xx_hal/Src/stm32g4xx_hal_rng.su ./drivers/stm32g4xx_hal/Src/stm32g4xx_hal_rtc.cyclo ./drivers/stm32g4xx_hal/Src/stm32g4xx_hal_rtc.d ./drivers/stm32g4xx_hal/Src/stm32g4xx_hal_rtc.o ./drivers/stm32g4xx_hal/Src/stm32g4xx_hal_rtc.su ./drivers/stm32g4xx_hal/Src/stm32g4xx_hal_rtc_ex.cyclo ./drivers/stm32g4xx_hal/Src/stm32g4xx_hal_rtc_ex.d ./drivers/stm32g4xx_hal/Src/stm32g4xx_hal_rtc_ex.o ./drivers/stm32g4xx_hal/Src/stm32g4xx_hal_rtc_ex.su ./drivers/stm32g4xx_hal/Src/stm32g4xx_hal_spi.cyclo ./drivers/stm32g4xx_hal/Src/stm32g4xx_hal_spi.d ./drivers/stm32g4xx_hal/Src/stm32g4xx_hal_spi.o ./drivers/stm32g4xx_hal/Src/stm32g4xx_hal_spi.su ./drivers/stm32g4xx_hal/Src/stm32g4xx_hal_spi_ex.cyclo ./drivers/stm32g4xx_hal/Src/stm32g4xx_hal_spi_ex.d ./drivers/stm32g4xx_hal/Src/stm32g4xx_hal_spi_ex.o ./drivers/stm32g4xx_hal/Src/stm32g4xx_hal_spi_ex.su ./drivers/stm32g4xx_hal/Src/stm32g4xx_hal_tim.cyclo ./drivers/stm32g4xx_hal/Src/stm32g4xx_hal_tim.d ./drivers/stm32g4xx_hal/Src/stm32g4xx_hal_tim.o ./drivers/stm32g4xx_hal/Src/stm32g4xx_hal_tim.su ./drivers/stm32g4xx_hal/Src/stm32g4xx_hal_tim_ex.cyclo ./drivers/stm32g4xx_hal/Src/stm32g4xx_hal_tim_ex.d ./drivers/stm32g4xx_hal/Src/stm32g4xx_hal_tim_ex.o ./drivers/stm32g4xx_hal/Src/stm32g4xx_hal_tim_ex.su ./drivers/stm32g4xx_hal/Src/stm32g4xx_hal_uart.cyclo ./drivers/stm32g4xx_hal/Src/stm32g4xx_hal_uart.d ./drivers/stm32g4xx_hal/Src/stm32g4xx_hal_uart.o ./drivers/stm32g4xx_hal/Src/stm32g4xx_hal_uart.su ./drivers/stm32g4xx_hal/Src/stm32g4xx_hal_uart_ex.cyclo ./drivers/stm32g4xx_hal/Src/stm32g4xx_hal_uart_ex.d ./drivers/stm32g4xx_hal/Src/stm32g4xx_hal_uart_ex.o ./drivers/stm32g4xx_hal/Src/stm32g4xx_hal_uart_ex.su ./drivers/stm32g4xx_hal/Src/stm32g4xx_ll_adc.cyclo ./drivers/stm32g4xx_hal/Src/stm32g4xx_ll_adc.d ./drivers/stm32g4xx_hal/Src/stm32g4xx_ll_adc.o ./drivers/stm32g4xx_hal/Src/stm32g4xx_ll_adc.su
rm -rf ./drivers/bsp/TFT_ili9341/stm32g4_fonts.cyclo ./drivers/bsp/TFT_ili9341/stm32g4_fonts.d ./drivers/bsp/TFT_ili9341/stm32g4_fonts.o ./drivers/bsp/TFT_ili9341/stm32g4_fonts.su ./drivers/bsp/TFT_ili9341/stm32g4_ili9341.cyclo ./drivers/bsp/TFT_ili9341/stm32g4_ili9341.d ./drivers/bsp/TFT_ili9341/stm32g4_ili9341.o ./drivers/bsp/TFT_ili9341/stm32g4_ili9341.su ./drivers/bsp/TFT_ili9341/stm32g4_xpt2046.cyclo ./drivers/bsp/TFT_ili9341/stm32g4_xpt2046.d ./drivers/bsp/TFT_ili9341/stm32g4_xpt2046.o ./drivers/bsp/TFT_ili9341/stm32g4_xpt2046.su
rm -rf ./drivers/bsp/stm32g4_adc.cyclo ./drivers/bsp/stm32g4_adc.d ./drivers/bsp/stm32g4_adc.o ./drivers/bsp/stm32g4_adc.su ./drivers/bsp/stm32g4_extit.cyclo ./drivers/bsp/stm32g4_extit.d ./drivers/bsp/stm32g4_extit.o ./drivers/bsp/stm32g4_extit.su ./drivers/bsp/stm32g4_gpio.cyclo ./drivers/bsp/stm32g4_gpio.d ./drivers/bsp/stm32g4_gpio.o ./drivers/bsp/stm32g4_gpio.su ./drivers/bsp/stm32g4_i2c.cyclo ./drivers/bsp/stm32g4_i2c.d ./drivers/bsp/stm32g4_i2c.o ./drivers/bsp/stm32g4_i2c.su ./drivers/bsp/stm32g4_spi.cyclo ./drivers/bsp/stm32g4_spi.d ./drivers/bsp/stm32g4_spi.o ./drivers/bsp/stm32g4_spi.su ./drivers/bsp/stm32g4_sys.cyclo ./drivers/bsp/stm32g4_sys.d ./drivers/bsp/stm32g4_sys.o ./drivers/bsp/stm32g4_sys.su ./drivers/bsp/stm32g4_systick.cyclo ./drivers/bsp/stm32g4_systick.d ./drivers/bsp/stm32g4_systick.o ./drivers/bsp/stm32g4_systick.su ./drivers/bsp/stm32g4_timer.cyclo ./drivers/bsp/stm32g4_timer.d ./drivers/bsp/stm32g4_timer.o ./drivers/bsp/stm32g4_timer.su ./drivers/bsp/stm32g4_uart.cyclo ./drivers/bsp/stm32g4_uart.d ./drivers/bsp/stm32g4_uart.o ./drivers/bsp/stm32g4_uart.su
rm -rf ./core/Startup/bootloader.cyclo ./core/Startup/bootloader.d ./core/Startup/bootloader.o ./core/Startup/bootloader.su ./core/Startup/startup_stm32g431kbtx.d ./core/Startup/startup_stm32g431kbtx.o
rm -rf ./core/Src/stm32g4xx_it.cyclo ./core/Src/stm32g4xx_it.d ./core/Src/stm32g4xx_it.o ./core/Src/stm32g4xx_it.su ./core/Src/syscalls.cyclo ./core/Src/syscalls.d ./core/Src/syscalls.o ./core/Src/syscalls.su ./core/Src/sysmem.cyclo ./core/Src/sysmem.d ./core/Src/sysmem.o ./core/Src/sysmem.su ./core/Src/system_stm32g4xx.cyclo ./core/Src/system_stm32g4xx.d ./core/Src/system_stm32g4xx.o ./core/Src/system_stm32g4xx.su
rm -rf ./app/button.cyclo ./app/button.d ./app/button.o ./app/button.su ./app/display.cyclo ./app/display.d ./app/display.o ./app/display.su ./app/fan.cyclo ./app/fan.d ./app/fan.o ./app/fan.su ./app/led.cyclo ./app/led.d ./app/led.o ./app/led.su ./app/maestro.cyclo ./app/maestro.d ./app/maestro.o ./app/maestro.su ./app/main.cyclo ./app/main.d ./app/main.o ./app/main.su
rm -rf MAESTRO.elf MAESTRO.list MAESTRO.map default.size.stdout
 
09:02:50 **** Build of configuration Debug for project MAESTRO ****
make -j14 all 
arm-none-eabi-gcc "../drivers/stm32g4xx_hal/Src/stm32g4xx_hal.c" -mcpu=cortex-m4 -std=gnu11 -g3 -DDEBUG -DUSE_HAL_DRIVER -DSTM32G431xx -c -I../app -IC:/Users/hassa/STM32CubeIDE/workspace_stm32/MAESTRO/core/Inc -IC:/Users/hassa/STM32CubeIDE/workspace_stm32/MAESTRO/drivers/stm32g4xx_hal/Inc -IC:/Users/hassa/STM32CubeIDE/workspace_stm32/MAESTRO/drivers/stm32g4xx_hal/Inc/Legacy -IC:/Users/hassa/STM32CubeIDE/workspace_stm32/MAESTRO/drivers/cmsis/Device/ST/STM32G4xx/Include -IC:/Users/hassa/STM32CubeIDE/workspace_stm32/MAESTRO/drivers/cmsis/Include -IC:/Users/hassa/STM32CubeIDE/workspace_stm32/MAESTRO/drivers/bsp -O0 -ffunction-sections -fdata-sections -Wall -fstack-usage -fcyclomatic-complexity -MMD -MP -MF"drivers/stm32g4xx_hal/Src/stm32g4xx_hal.d" -MT"drivers/stm32g4xx_hal/Src/stm32g4xx_hal.o" --specs=nano.specs -mfpu=fpv4-sp-d16 -mfloat-abi=hard -mthumb -o "drivers/stm32g4xx_hal/Src/stm32g4xx_hal.o"
arm-none-eabi-gcc "../drivers/stm32g4xx_hal/Src/stm32g4xx_hal_adc.c" -mcpu=cortex-m4 -std=gnu11 -g3 -DDEBUG -DUSE_HAL_DRIVER -DSTM32G431xx -c -I../app -IC:/Users/hassa/STM32CubeIDE/workspace_stm32/MAESTRO/core/Inc -IC:/Users/hassa/STM32CubeIDE/workspace_stm32/MAESTRO/drivers/stm32g4xx_hal/Inc -IC:/Users/hassa/STM32CubeIDE/workspace_stm32/MAESTRO/drivers/stm32g4xx_hal/Inc/Legacy -IC:/Users/hassa/STM32CubeIDE/workspace_stm32/MAESTRO/drivers/cmsis/Device/ST/STM32G4xx/Include -IC:/Users/hassa/STM32CubeIDE/workspace_stm32/MAESTRO/drivers/cmsis/Include -IC:/Users/hassa/STM32CubeIDE/workspace_stm32/MAESTRO/drivers/bsp -O0 -ffunction-sections -fdata-sections -Wall -fstack-usage -fcyclomatic-complexity -MMD -MP -MF"drivers/stm32g4xx_hal/Src/stm32g4xx_hal_adc.d" -MT"drivers/stm32g4xx_hal/Src/stm32g4xx_hal_adc.o" --specs=nano.specs -mfpu=fpv4-sp-d16 -mfloat-abi=hard -mthumb -o "drivers/stm32g4xx_hal/Src/stm32g4xx_hal_adc.o"
arm-none-eabi-gcc "../drivers/stm32g4xx_hal/Src/stm32g4xx_hal_adc_ex.c" -mcpu=cortex-m4 -std=gnu11 -g3 -DDEBUG -DUSE_HAL_DRIVER -DSTM32G431xx -c -I../app -IC:/Users/hassa/STM32CubeIDE/workspace_stm32/MAESTRO/core/Inc -IC:/Users/hassa/STM32CubeIDE/workspace_stm32/MAESTRO/drivers/stm32g4xx_hal/Inc -IC:/Users/hassa/STM32CubeIDE/workspace_stm32/MAESTRO/drivers/stm32g4xx_hal/Inc/Legacy -IC:/Users/hassa/STM32CubeIDE/workspace_stm32/MAESTRO/drivers/cmsis/Device/ST/STM32G4xx/Include -IC:/Users/hassa/STM32CubeIDE/workspace_stm32/MAESTRO/drivers/cmsis/Include -IC:/Users/hassa/STM32CubeIDE/workspace_stm32/MAESTRO/drivers/bsp -O0 -ffunction-sections -fdata-sections -Wall -fstack-usage -fcyclomatic-complexity -MMD -MP -MF"drivers/stm32g4xx_hal/Src/stm32g4xx_hal_adc_ex.d" -MT"drivers/stm32g4xx_hal/Src/stm32g4xx_hal_adc_ex.o" --specs=nano.specs -mfpu=fpv4-sp-d16 -mfloat-abi=hard -mthumb -o "drivers/stm32g4xx_hal/Src/stm32g4xx_hal_adc_ex.o"
arm-none-eabi-gcc "../drivers/stm32g4xx_hal/Src/stm32g4xx_hal_cortex.c" -mcpu=cortex-m4 -std=gnu11 -g3 -DDEBUG -DUSE_HAL_DRIVER -DSTM32G431xx -c -I../app -IC:/Users/hassa/STM32CubeIDE/workspace_stm32/MAESTRO/core/Inc -IC:/Users/hassa/STM32CubeIDE/workspace_stm32/MAESTRO/drivers/stm32g4xx_hal/Inc -IC:/Users/hassa/STM32CubeIDE/workspace_stm32/MAESTRO/drivers/stm32g4xx_hal/Inc/Legacy -IC:/Users/hassa/STM32CubeIDE/workspace_stm32/MAESTRO/drivers/cmsis/Device/ST/STM32G4xx/Include -IC:/Users/hassa/STM32CubeIDE/workspace_stm32/MAESTRO/drivers/cmsis/Include -IC:/Users/hassa/STM32CubeIDE/workspace_stm32/MAESTRO/drivers/bsp -O0 -ffunction-sections -fdata-sections -Wall -fstack-usage -fcyclomatic-complexity -MMD -MP -MF"drivers/stm32g4xx_hal/Src/stm32g4xx_hal_cortex.d" -MT"drivers/stm32g4xx_hal/Src/stm32g4xx_hal_cortex.o" --specs=nano.specs -mfpu=fpv4-sp-d16 -mfloat-abi=hard -mthumb -o "drivers/stm32g4xx_hal/Src/stm32g4xx_hal_cortex.o"
arm-none-eabi-gcc "../drivers/stm32g4xx_hal/Src/stm32g4xx_hal_dac.c" -mcpu=cortex-m4 -std=gnu11 -g3 -DDEBUG -DUSE_HAL_DRIVER -DSTM32G431xx -c -I../app -IC:/Users/hassa/STM32CubeIDE/workspace_stm32/MAESTRO/core/Inc -IC:/Users/hassa/STM32CubeIDE/workspace_stm32/MAESTRO/drivers/stm32g4xx_hal/Inc -IC:/Users/hassa/STM32CubeIDE/workspace_stm32/MAESTRO/drivers/stm32g4xx_hal/Inc/Legacy -IC:/Users/hassa/STM32CubeIDE/workspace_stm32/MAESTRO/drivers/cmsis/Device/ST/STM32G4xx/Include -IC:/Users/hassa/STM32CubeIDE/workspace_stm32/MAESTRO/drivers/cmsis/Include -IC:/Users/hassa/STM32CubeIDE/workspace_stm32/MAESTRO/drivers/bsp -O0 -ffunction-sections -fdata-sections -Wall -fstack-usage -fcyclomatic-complexity -MMD -MP -MF"drivers/stm32g4xx_hal/Src/stm32g4xx_hal_dac.d" -MT"drivers/stm32g4xx_hal/Src/stm32g4xx_hal_dac.o" --specs=nano.specs -mfpu=fpv4-sp-d16 -mfloat-abi=hard -mthumb -o "drivers/stm32g4xx_hal/Src/stm32g4xx_hal_dac.o"
arm-none-eabi-gcc "../drivers/stm32g4xx_hal/Src/stm32g4xx_hal_dac_ex.c" -mcpu=cortex-m4 -std=gnu11 -g3 -DDEBUG -DUSE_HAL_DRIVER -DSTM32G431xx -c -I../app -IC:/Users/hassa/STM32CubeIDE/workspace_stm32/MAESTRO/core/Inc -IC:/Users/hassa/STM32CubeIDE/workspace_stm32/MAESTRO/drivers/stm32g4xx_hal/Inc -IC:/Users/hassa/STM32CubeIDE/workspace_stm32/MAESTRO/drivers/stm32g4xx_hal/Inc/Legacy -IC:/Users/hassa/STM32CubeIDE/workspace_stm32/MAESTRO/drivers/cmsis/Device/ST/STM32G4xx/Include -IC:/Users/hassa/STM32CubeIDE/workspace_stm32/MAESTRO/drivers/cmsis/Include -IC:/Users/hassa/STM32CubeIDE/workspace_stm32/MAESTRO/drivers/bsp -O0 -ffunction-sections -fdata-sections -Wall -fstack-usage -fcyclomatic-complexity -MMD -MP -MF"drivers/stm32g4xx_hal/Src/stm32g4xx_hal_dac_ex.d" -MT"drivers/stm32g4xx_hal/Src/stm32g4xx_hal_dac_ex.o" --specs=nano.specs -mfpu=fpv4-sp-d16 -mfloat-abi=hard -mthumb -o "drivers/stm32g4xx_hal/Src/stm32g4xx_hal_dac_ex.o"
arm-none-eabi-gcc "../drivers/stm32g4xx_hal/Src/stm32g4xx_hal_dma.c" -mcpu=cortex-m4 -std=gnu11 -g3 -DDEBUG -DUSE_HAL_DRIVER -DSTM32G431xx -c -I../app -IC:/Users/hassa/STM32CubeIDE/workspace_stm32/MAESTRO/core/Inc -IC:/Users/hassa/STM32CubeIDE/workspace_stm32/MAESTRO/drivers/stm32g4xx_hal/Inc -IC:/Users/hassa/STM32CubeIDE/workspace_stm32/MAESTRO/drivers/stm32g4xx_hal/Inc/Legacy -IC:/Users/hassa/STM32CubeIDE/workspace_stm32/MAESTRO/drivers/cmsis/Device/ST/STM32G4xx/Include -IC:/Users/hassa/STM32CubeIDE/workspace_stm32/MAESTRO/drivers/cmsis/Include -IC:/Users/hassa/STM32CubeIDE/workspace_stm32/MAESTRO/drivers/bsp -O0 -ffunction-sections -fdata-sections -Wall -fstack-usage -fcyclomatic-complexity -MMD -MP -MF"drivers/stm32g4xx_hal/Src/stm32g4xx_hal_dma.d" -MT"drivers/stm32g4xx_hal/Src/stm32g4xx_hal_dma.o" --specs=nano.specs -mfpu=fpv4-sp-d16 -mfloat-abi=hard -mthumb -o "drivers/stm32g4xx_hal/Src/stm32g4xx_hal_dma.o"
arm-none-eabi-gcc "../drivers/stm32g4xx_hal/Src/stm32g4xx_hal_dma_ex.c" -mcpu=cortex-m4 -std=gnu11 -g3 -DDEBUG -DUSE_HAL_DRIVER -DSTM32G431xx -c -I../app -IC:/Users/hassa/STM32CubeIDE/workspace_stm32/MAESTRO/core/Inc -IC:/Users/hassa/STM32CubeIDE/workspace_stm32/MAESTRO/drivers/stm32g4xx_hal/Inc -IC:/Users/hassa/STM32CubeIDE/workspace_stm32/MAESTRO/drivers/stm32g4xx_hal/Inc/Legacy -IC:/Users/hassa/STM32CubeIDE/workspace_stm32/MAESTRO/drivers/cmsis/Device/ST/STM32G4xx/Include -IC:/Users/hassa/STM32CubeIDE/workspace_stm32/MAESTRO/drivers/cmsis/Include -IC:/Users/hassa/STM32CubeIDE/workspace_stm32/MAESTRO/drivers/bsp -O0 -ffunction-sections -fdata-sections -Wall -fstack-usage -fcyclomatic-complexity -MMD -MP -MF"drivers/stm32g4xx_hal/Src/stm32g4xx_hal_dma_ex.d" -MT"drivers/stm32g4xx_hal/Src/stm32g4xx_hal_dma_ex.o" --specs=nano.specs -mfpu=fpv4-sp-d16 -mfloat-abi=hard -mthumb -o "drivers/stm32g4xx_hal/Src/stm32g4xx_hal_dma_ex.o"
arm-none-eabi-gcc "../drivers/stm32g4xx_hal/Src/stm32g4xx_hal_exti.c" -mcpu=cortex-m4 -std=gnu11 -g3 -DDEBUG -DUSE_HAL_DRIVER -DSTM32G431xx -c -I../app -IC:/Users/hassa/STM32CubeIDE/workspace_stm32/MAESTRO/core/Inc -IC:/Users/hassa/STM32CubeIDE/workspace_stm32/MAESTRO/drivers/stm32g4xx_hal/Inc -IC:/Users/hassa/STM32CubeIDE/workspace_stm32/MAESTRO/drivers/stm32g4xx_hal/Inc/Legacy -IC:/Users/hassa/STM32CubeIDE/workspace_stm32/MAESTRO/drivers/cmsis/Device/ST/STM32G4xx/Include -IC:/Users/hassa/STM32CubeIDE/workspace_stm32/MAESTRO/drivers/cmsis/Include -IC:/Users/hassa/STM32CubeIDE/workspace_stm32/MAESTRO/drivers/bsp -O0 -ffunction-sections -fdata-sections -Wall -fstack-usage -fcyclomatic-complexity -MMD -MP -MF"drivers/stm32g4xx_hal/Src/stm32g4xx_hal_exti.d" -MT"drivers/stm32g4xx_hal/Src/stm32g4xx_hal_exti.o" --specs=nano.specs -mfpu=fpv4-sp-d16 -mfloat-abi=hard -mthumb -o "drivers/stm32g4xx_hal/Src/stm32g4xx_hal_exti.o"
arm-none-eabi-gcc "../drivers/stm32g4xx_hal/Src/stm32g4xx_hal_flash.c" -mcpu=cortex-m4 -std=gnu11 -g3 -DDEBUG -DUSE_HAL_DRIVER -DSTM32G431xx -c -I../app -IC:/Users/hassa/STM32CubeIDE/workspace_stm32/MAESTRO/core/Inc -IC:/Users/hassa/STM32CubeIDE/workspace_stm32/MAESTRO/drivers/stm32g4xx_hal/Inc -IC:/Users/hassa/STM32CubeIDE/workspace_stm32/MAESTRO/drivers/stm32g4xx_hal/Inc/Legacy -IC:/Users/hassa/STM32CubeIDE/workspace_stm32/MAESTRO/drivers/cmsis/Device/ST/STM32G4xx/Include -IC:/Users/hassa/STM32CubeIDE/workspace_stm32/MAESTRO/drivers/cmsis/Include -IC:/Users/hassa/STM32CubeIDE/workspace_stm32/MAESTRO/drivers/bsp -O0 -ffunction-sections -fdata-sections -Wall -fstack-usage -fcyclomatic-complexity -MMD -MP -MF"drivers/stm32g4xx_hal/Src/stm32g4xx_hal_flash.d" -MT"drivers/stm32g4xx_hal/Src/stm32g4xx_hal_flash.o" --specs=nano.specs -mfpu=fpv4-sp-d16 -mfloat-abi=hard -mthumb -o "drivers/stm32g4xx_hal/Src/stm32g4xx_hal_flash.o"
arm-none-eabi-gcc "../drivers/stm32g4xx_hal/Src/stm32g4xx_hal_flash_ex.c" -mcpu=cortex-m4 -std=gnu11 -g3 -DDEBUG -DUSE_HAL_DRIVER -DSTM32G431xx -c -I../app -IC:/Users/hassa/STM32CubeIDE/workspace_stm32/MAESTRO/core/Inc -IC:/Users/hassa/STM32CubeIDE/workspace_stm32/MAESTRO/drivers/stm32g4xx_hal/Inc -IC:/Users/hassa/STM32CubeIDE/workspace_stm32/MAESTRO/drivers/stm32g4xx_hal/Inc/Legacy -IC:/Users/hassa/STM32CubeIDE/workspace_stm32/MAESTRO/drivers/cmsis/Device/ST/STM32G4xx/Include -IC:/Users/hassa/STM32CubeIDE/workspace_stm32/MAESTRO/drivers/cmsis/Include -IC:/Users/hassa/STM32CubeIDE/workspace_stm32/MAESTRO/drivers/bsp -O0 -ffunction-sections -fdata-sections -Wall -fstack-usage -fcyclomatic-complexity -MMD -MP -MF"drivers/stm32g4xx_hal/Src/stm32g4xx_hal_flash_ex.d" -MT"drivers/stm32g4xx_hal/Src/stm32g4xx_hal_flash_ex.o" --specs=nano.specs -mfpu=fpv4-sp-d16 -mfloat-abi=hard -mthumb -o "drivers/stm32g4xx_hal/Src/stm32g4xx_hal_flash_ex.o"
arm-none-eabi-gcc "../drivers/stm32g4xx_hal/Src/stm32g4xx_hal_flash_ramfunc.c" -mcpu=cortex-m4 -std=gnu11 -g3 -DDEBUG -DUSE_HAL_DRIVER -DSTM32G431xx -c -I../app -IC:/Users/hassa/STM32CubeIDE/workspace_stm32/MAESTRO/core/Inc -IC:/Users/hassa/STM32CubeIDE/workspace_stm32/MAESTRO/drivers/stm32g4xx_hal/Inc -IC:/Users/hassa/STM32CubeIDE/workspace_stm32/MAESTRO/drivers/stm32g4xx_hal/Inc/Legacy -IC:/Users/hassa/STM32CubeIDE/workspace_stm32/MAESTRO/drivers/cmsis/Device/ST/STM32G4xx/Include -IC:/Users/hassa/STM32CubeIDE/workspace_stm32/MAESTRO/drivers/cmsis/Include -IC:/Users/hassa/STM32CubeIDE/workspace_stm32/MAESTRO/drivers/bsp -O0 -ffunction-sections -fdata-sections -Wall -fstack-usage -fcyclomatic-complexity -MMD -MP -MF"drivers/stm32g4xx_hal/Src/stm32g4xx_hal_flash_ramfunc.d" -MT"drivers/stm32g4xx_hal/Src/stm32g4xx_hal_flash_ramfunc.o" --specs=nano.specs -mfpu=fpv4-sp-d16 -mfloat-abi=hard -mthumb -o "drivers/stm32g4xx_hal/Src/stm32g4xx_hal_flash_ramfunc.o"
arm-none-eabi-gcc "../drivers/stm32g4xx_hal/Src/stm32g4xx_hal_gpio.c" -mcpu=cortex-m4 -std=gnu11 -g3 -DDEBUG -DUSE_HAL_DRIVER -DSTM32G431xx -c -I../app -IC:/Users/hassa/STM32CubeIDE/workspace_stm32/MAESTRO/core/Inc -IC:/Users/hassa/STM32CubeIDE/workspace_stm32/MAESTRO/drivers/stm32g4xx_hal/Inc -IC:/Users/hassa/STM32CubeIDE/workspace_stm32/MAESTRO/drivers/stm32g4xx_hal/Inc/Legacy -IC:/Users/hassa/STM32CubeIDE/workspace_stm32/MAESTRO/drivers/cmsis/Device/ST/STM32G4xx/Include -IC:/Users/hassa/STM32CubeIDE/workspace_stm32/MAESTRO/drivers/cmsis/Include -IC:/Users/hassa/STM32CubeIDE/workspace_stm32/MAESTRO/drivers/bsp -O0 -ffunction-sections -fdata-sections -Wall -fstack-usage -fcyclomatic-complexity -MMD -MP -MF"drivers/stm32g4xx_hal/Src/stm32g4xx_hal_gpio.d" -MT"drivers/stm32g4xx_hal/Src/stm32g4xx_hal_gpio.o" --specs=nano.specs -mfpu=fpv4-sp-d16 -mfloat-abi=hard -mthumb -o "drivers/stm32g4xx_hal/Src/stm32g4xx_hal_gpio.o"
arm-none-eabi-gcc "../drivers/stm32g4xx_hal/Src/stm32g4xx_hal_i2c.c" -mcpu=cortex-m4 -std=gnu11 -g3 -DDEBUG -DUSE_HAL_DRIVER -DSTM32G431xx -c -I../app -IC:/Users/hassa/STM32CubeIDE/workspace_stm32/MAESTRO/core/Inc -IC:/Users/hassa/STM32CubeIDE/workspace_stm32/MAESTRO/drivers/stm32g4xx_hal/Inc -IC:/Users/hassa/STM32CubeIDE/workspace_stm32/MAESTRO/drivers/stm32g4xx_hal/Inc/Legacy -IC:/Users/hassa/STM32CubeIDE/workspace_stm32/MAESTRO/drivers/cmsis/Device/ST/STM32G4xx/Include -IC:/Users/hassa/STM32CubeIDE/workspace_stm32/MAESTRO/drivers/cmsis/Include -IC:/Users/hassa/STM32CubeIDE/workspace_stm32/MAESTRO/drivers/bsp -O0 -ffunction-sections -fdata-sections -Wall -fstack-usage -fcyclomatic-complexity -MMD -MP -MF"drivers/stm32g4xx_hal/Src/stm32g4xx_hal_i2c.d" -MT"drivers/stm32g4xx_hal/Src/stm32g4xx_hal_i2c.o" --specs=nano.specs -mfpu=fpv4-sp-d16 -mfloat-abi=hard -mthumb -o "drivers/stm32g4xx_hal/Src/stm32g4xx_hal_i2c.o"
arm-none-eabi-gcc "../drivers/stm32g4xx_hal/Src/stm32g4xx_hal_i2c_ex.c" -mcpu=cortex-m4 -std=gnu11 -g3 -DDEBUG -DUSE_HAL_DRIVER -DSTM32G431xx -c -I../app -IC:/Users/hassa/STM32CubeIDE/workspace_stm32/MAESTRO/core/Inc -IC:/Users/hassa/STM32CubeIDE/workspace_stm32/MAESTRO/drivers/stm32g4xx_hal/Inc -IC:/Users/hassa/STM32CubeIDE/workspace_stm32/MAESTRO/drivers/stm32g4xx_hal/Inc/Legacy -IC:/Users/hassa/STM32CubeIDE/workspace_stm32/MAESTRO/drivers/cmsis/Device/ST/STM32G4xx/Include -IC:/Users/hassa/STM32CubeIDE/workspace_stm32/MAESTRO/drivers/cmsis/Include -IC:/Users/hassa/STM32CubeIDE/workspace_stm32/MAESTRO/drivers/bsp -O0 -ffunction-sections -fdata-sections -Wall -fstack-usage -fcyclomatic-complexity -MMD -MP -MF"drivers/stm32g4xx_hal/Src/stm32g4xx_hal_i2c_ex.d" -MT"drivers/stm32g4xx_hal/Src/stm32g4xx_hal_i2c_ex.o" --specs=nano.specs -mfpu=fpv4-sp-d16 -mfloat-abi=hard -mthumb -o "drivers/stm32g4xx_hal/Src/stm32g4xx_hal_i2c_ex.o"
arm-none-eabi-gcc "../drivers/stm32g4xx_hal/Src/stm32g4xx_hal_pwr.c" -mcpu=cortex-m4 -std=gnu11 -g3 -DDEBUG -DUSE_HAL_DRIVER -DSTM32G431xx -c -I../app -IC:/Users/hassa/STM32CubeIDE/workspace_stm32/MAESTRO/core/Inc -IC:/Users/hassa/STM32CubeIDE/workspace_stm32/MAESTRO/drivers/stm32g4xx_hal/Inc -IC:/Users/hassa/STM32CubeIDE/workspace_stm32/MAESTRO/drivers/stm32g4xx_hal/Inc/Legacy -IC:/Users/hassa/STM32CubeIDE/workspace_stm32/MAESTRO/drivers/cmsis/Device/ST/STM32G4xx/Include -IC:/Users/hassa/STM32CubeIDE/workspace_stm32/MAESTRO/drivers/cmsis/Include -IC:/Users/hassa/STM32CubeIDE/workspace_stm32/MAESTRO/drivers/bsp -O0 -ffunction-sections -fdata-sections -Wall -fstack-usage -fcyclomatic-complexity -MMD -MP -MF"drivers/stm32g4xx_hal/Src/stm32g4xx_hal_pwr.d" -MT"drivers/stm32g4xx_hal/Src/stm32g4xx_hal_pwr.o" --specs=nano.specs -mfpu=fpv4-sp-d16 -mfloat-abi=hard -mthumb -o "drivers/stm32g4xx_hal/Src/stm32g4xx_hal_pwr.o"
arm-none-eabi-gcc "../drivers/stm32g4xx_hal/Src/stm32g4xx_hal_pwr_ex.c" -mcpu=cortex-m4 -std=gnu11 -g3 -DDEBUG -DUSE_HAL_DRIVER -DSTM32G431xx -c -I../app -IC:/Users/hassa/STM32CubeIDE/workspace_stm32/MAESTRO/core/Inc -IC:/Users/hassa/STM32CubeIDE/workspace_stm32/MAESTRO/drivers/stm32g4xx_hal/Inc -IC:/Users/hassa/STM32CubeIDE/workspace_stm32/MAESTRO/drivers/stm32g4xx_hal/Inc/Legacy -IC:/Users/hassa/STM32CubeIDE/workspace_stm32/MAESTRO/drivers/cmsis/Device/ST/STM32G4xx/Include -IC:/Users/hassa/STM32CubeIDE/workspace_stm32/MAESTRO/drivers/cmsis/Include -IC:/Users/hassa/STM32CubeIDE/workspace_stm32/MAESTRO/drivers/bsp -O0 -ffunction-sections -fdata-sections -Wall -fstack-usage -fcyclomatic-complexity -MMD -MP -MF"drivers/stm32g4xx_hal/Src/stm32g4xx_hal_pwr_ex.d" -MT"drivers/stm32g4xx_hal/Src/stm32g4xx_hal_pwr_ex.o" --specs=nano.specs -mfpu=fpv4-sp-d16 -mfloat-abi=hard -mthumb -o "drivers/stm32g4xx_hal/Src/stm32g4xx_hal_pwr_ex.o"
arm-none-eabi-gcc "../drivers/stm32g4xx_hal/Src/stm32g4xx_hal_rcc.c" -mcpu=cortex-m4 -std=gnu11 -g3 -DDEBUG -DUSE_HAL_DRIVER -DSTM32G431xx -c -I../app -IC:/Users/hassa/STM32CubeIDE/workspace_stm32/MAESTRO/core/Inc -IC:/Users/hassa/STM32CubeIDE/workspace_stm32/MAESTRO/drivers/stm32g4xx_hal/Inc -IC:/Users/hassa/STM32CubeIDE/workspace_stm32/MAESTRO/drivers/stm32g4xx_hal/Inc/Legacy -IC:/Users/hassa/STM32CubeIDE/workspace_stm32/MAESTRO/drivers/cmsis/Device/ST/STM32G4xx/Include -IC:/Users/hassa/STM32CubeIDE/workspace_stm32/MAESTRO/drivers/cmsis/Include -IC:/Users/hassa/STM32CubeIDE/workspace_stm32/MAESTRO/drivers/bsp -O0 -ffunction-sections -fdata-sections -Wall -fstack-usage -fcyclomatic-complexity -MMD -MP -MF"drivers/stm32g4xx_hal/Src/stm32g4xx_hal_rcc.d" -MT"drivers/stm32g4xx_hal/Src/stm32g4xx_hal_rcc.o" --specs=nano.specs -mfpu=fpv4-sp-d16 -mfloat-abi=hard -mthumb -o "drivers/stm32g4xx_hal/Src/stm32g4xx_hal_rcc.o"
arm-none-eabi-gcc "../drivers/stm32g4xx_hal/Src/stm32g4xx_hal_rcc_ex.c" -mcpu=cortex-m4 -std=gnu11 -g3 -DDEBUG -DUSE_HAL_DRIVER -DSTM32G431xx -c -I../app -IC:/Users/hassa/STM32CubeIDE/workspace_stm32/MAESTRO/core/Inc -IC:/Users/hassa/STM32CubeIDE/workspace_stm32/MAESTRO/drivers/stm32g4xx_hal/Inc -IC:/Users/hassa/STM32CubeIDE/workspace_stm32/MAESTRO/drivers/stm32g4xx_hal/Inc/Legacy -IC:/Users/hassa/STM32CubeIDE/workspace_stm32/MAESTRO/drivers/cmsis/Device/ST/STM32G4xx/Include -IC:/Users/hassa/STM32CubeIDE/workspace_stm32/MAESTRO/drivers/cmsis/Include -IC:/Users/hassa/STM32CubeIDE/workspace_stm32/MAESTRO/drivers/bsp -O0 -ffunction-sections -fdata-sections -Wall -fstack-usage -fcyclomatic-complexity -MMD -MP -MF"drivers/stm32g4xx_hal/Src/stm32g4xx_hal_rcc_ex.d" -MT"drivers/stm32g4xx_hal/Src/stm32g4xx_hal_rcc_ex.o" --specs=nano.specs -mfpu=fpv4-sp-d16 -mfloat-abi=hard -mthumb -o "drivers/stm32g4xx_hal/Src/stm32g4xx_hal_rcc_ex.o"
arm-none-eabi-gcc "../drivers/stm32g4xx_hal/Src/stm32g4xx_hal_rng.c" -mcpu=cortex-m4 -std=gnu11 -g3 -DDEBUG -DUSE_HAL_DRIVER -DSTM32G431xx -c -I../app -IC:/Users/hassa/STM32CubeIDE/workspace_stm32/MAESTRO/core/Inc -IC:/Users/hassa/STM32CubeIDE/workspace_stm32/MAESTRO/drivers/stm32g4xx_hal/Inc -IC:/Users/hassa/STM32CubeIDE/workspace_stm32/MAESTRO/drivers/stm32g4xx_hal/Inc/Legacy -IC:/Users/hassa/STM32CubeIDE/workspace_stm32/MAESTRO/drivers/cmsis/Device/ST/STM32G4xx/Include -IC:/Users/hassa/STM32CubeIDE/workspace_stm32/MAESTRO/drivers/cmsis/Include -IC:/Users/hassa/STM32CubeIDE/workspace_stm32/MAESTRO/drivers/bsp -O0 -ffunction-sections -fdata-sections -Wall -fstack-usage -fcyclomatic-complexity -MMD -MP -MF"drivers/stm32g4xx_hal/Src/stm32g4xx_hal_rng.d" -MT"drivers/stm32g4xx_hal/Src/stm32g4xx_hal_rng.o" --specs=nano.specs -mfpu=fpv4-sp-d16 -mfloat-abi=hard -mthumb -o "drivers/stm32g4xx_hal/Src/stm32g4xx_hal_rng.o"
arm-none-eabi-gcc "../drivers/stm32g4xx_hal/Src/stm32g4xx_hal_rtc.c" -mcpu=cortex-m4 -std=gnu11 -g3 -DDEBUG -DUSE_HAL_DRIVER -DSTM32G431xx -c -I../app -IC:/Users/hassa/STM32CubeIDE/workspace_stm32/MAESTRO/core/Inc -IC:/Users/hassa/STM32CubeIDE/workspace_stm32/MAESTRO/drivers/stm32g4xx_hal/Inc -IC:/Users/hassa/STM32CubeIDE/workspace_stm32/MAESTRO/drivers/stm32g4xx_hal/Inc/Legacy -IC:/Users/hassa/STM32CubeIDE/workspace_stm32/MAESTRO/drivers/cmsis/Device/ST/STM32G4xx/Include -IC:/Users/hassa/STM32CubeIDE/workspace_stm32/MAESTRO/drivers/cmsis/Include -IC:/Users/hassa/STM32CubeIDE/workspace_stm32/MAESTRO/drivers/bsp -O0 -ffunction-sections -fdata-sections -Wall -fstack-usage -fcyclomatic-complexity -MMD -MP -MF"drivers/stm32g4xx_hal/Src/stm32g4xx_hal_rtc.d" -MT"drivers/stm32g4xx_hal/Src/stm32g4xx_hal_rtc.o" --specs=nano.specs -mfpu=fpv4-sp-d16 -mfloat-abi=hard -mthumb -o "drivers/stm32g4xx_hal/Src/stm32g4xx_hal_rtc.o"
arm-none-eabi-gcc "../drivers/stm32g4xx_hal/Src/stm32g4xx_hal_rtc_ex.c" -mcpu=cortex-m4 -std=gnu11 -g3 -DDEBUG -DUSE_HAL_DRIVER -DSTM32G431xx -c -I../app -IC:/Users/hassa/STM32CubeIDE/workspace_stm32/MAESTRO/core/Inc -IC:/Users/hassa/STM32CubeIDE/workspace_stm32/MAESTRO/drivers/stm32g4xx_hal/Inc -IC:/Users/hassa/STM32CubeIDE/workspace_stm32/MAESTRO/drivers/stm32g4xx_hal/Inc/Legacy -IC:/Users/hassa/STM32CubeIDE/workspace_stm32/MAESTRO/drivers/cmsis/Device/ST/STM32G4xx/Include -IC:/Users/hassa/STM32CubeIDE/workspace_stm32/MAESTRO/drivers/cmsis/Include -IC:/Users/hassa/STM32CubeIDE/workspace_stm32/MAESTRO/drivers/bsp -O0 -ffunction-sections -fdata-sections -Wall -fstack-usage -fcyclomatic-complexity -MMD -MP -MF"drivers/stm32g4xx_hal/Src/stm32g4xx_hal_rtc_ex.d" -MT"drivers/stm32g4xx_hal/Src/stm32g4xx_hal_rtc_ex.o" --specs=nano.specs -mfpu=fpv4-sp-d16 -mfloat-abi=hard -mthumb -o "drivers/stm32g4xx_hal/Src/stm32g4xx_hal_rtc_ex.o"
arm-none-eabi-gcc "../drivers/stm32g4xx_hal/Src/stm32g4xx_hal_spi.c" -mcpu=cortex-m4 -std=gnu11 -g3 -DDEBUG -DUSE_HAL_DRIVER -DSTM32G431xx -c -I../app -IC:/Users/hassa/STM32CubeIDE/workspace_stm32/MAESTRO/core/Inc -IC:/Users/hassa/STM32CubeIDE/workspace_stm32/MAESTRO/drivers/stm32g4xx_hal/Inc -IC:/Users/hassa/STM32CubeIDE/workspace_stm32/MAESTRO/drivers/stm32g4xx_hal/Inc/Legacy -IC:/Users/hassa/STM32CubeIDE/workspace_stm32/MAESTRO/drivers/cmsis/Device/ST/STM32G4xx/Include -IC:/Users/hassa/STM32CubeIDE/workspace_stm32/MAESTRO/drivers/cmsis/Include -IC:/Users/hassa/STM32CubeIDE/workspace_stm32/MAESTRO/drivers/bsp -O0 -ffunction-sections -fdata-sections -Wall -fstack-usage -fcyclomatic-complexity -MMD -MP -MF"drivers/stm32g4xx_hal/Src/stm32g4xx_hal_spi.d" -MT"drivers/stm32g4xx_hal/Src/stm32g4xx_hal_spi.o" --specs=nano.specs -mfpu=fpv4-sp-d16 -mfloat-abi=hard -mthumb -o "drivers/stm32g4xx_hal/Src/stm32g4xx_hal_spi.o"
arm-none-eabi-gcc "../drivers/stm32g4xx_hal/Src/stm32g4xx_hal_spi_ex.c" -mcpu=cortex-m4 -std=gnu11 -g3 -DDEBUG -DUSE_HAL_DRIVER -DSTM32G431xx -c -I../app -IC:/Users/hassa/STM32CubeIDE/workspace_stm32/MAESTRO/core/Inc -IC:/Users/hassa/STM32CubeIDE/workspace_stm32/MAESTRO/drivers/stm32g4xx_hal/Inc -IC:/Users/hassa/STM32CubeIDE/workspace_stm32/MAESTRO/drivers/stm32g4xx_hal/Inc/Legacy -IC:/Users/hassa/STM32CubeIDE/workspace_stm32/MAESTRO/drivers/cmsis/Device/ST/STM32G4xx/Include -IC:/Users/hassa/STM32CubeIDE/workspace_stm32/MAESTRO/drivers/cmsis/Include -IC:/Users/hassa/STM32CubeIDE/workspace_stm32/MAESTRO/drivers/bsp -O0 -ffunction-sections -fdata-sections -Wall -fstack-usage -fcyclomatic-complexity -MMD -MP -MF"drivers/stm32g4xx_hal/Src/stm32g4xx_hal_spi_ex.d" -MT"drivers/stm32g4xx_hal/Src/stm32g4xx_hal_spi_ex.o" --specs=nano.specs -mfpu=fpv4-sp-d16 -mfloat-abi=hard -mthumb -o "drivers/stm32g4xx_hal/Src/stm32g4xx_hal_spi_ex.o"
arm-none-eabi-gcc "../drivers/stm32g4xx_hal/Src/stm32g4xx_hal_tim.c" -mcpu=cortex-m4 -std=gnu11 -g3 -DDEBUG -DUSE_HAL_DRIVER -DSTM32G431xx -c -I../app -IC:/Users/hassa/STM32CubeIDE/workspace_stm32/MAESTRO/core/Inc -IC:/Users/hassa/STM32CubeIDE/workspace_stm32/MAESTRO/drivers/stm32g4xx_hal/Inc -IC:/Users/hassa/STM32CubeIDE/workspace_stm32/MAESTRO/drivers/stm32g4xx_hal/Inc/Legacy -IC:/Users/hassa/STM32CubeIDE/workspace_stm32/MAESTRO/drivers/cmsis/Device/ST/STM32G4xx/Include -IC:/Users/hassa/STM32CubeIDE/workspace_stm32/MAESTRO/drivers/cmsis/Include -IC:/Users/hassa/STM32CubeIDE/workspace_stm32/MAESTRO/drivers/bsp -O0 -ffunction-sections -fdata-sections -Wall -fstack-usage -fcyclomatic-complexity -MMD -MP -MF"drivers/stm32g4xx_hal/Src/stm32g4xx_hal_tim.d" -MT"drivers/stm32g4xx_hal/Src/stm32g4xx_hal_tim.o" --specs=nano.specs -mfpu=fpv4-sp-d16 -mfloat-abi=hard -mthumb -o "drivers/stm32g4xx_hal/Src/stm32g4xx_hal_tim.o"
arm-none-eabi-gcc "../drivers/stm32g4xx_hal/Src/stm32g4xx_hal_tim_ex.c" -mcpu=cortex-m4 -std=gnu11 -g3 -DDEBUG -DUSE_HAL_DRIVER -DSTM32G431xx -c -I../app -IC:/Users/hassa/STM32CubeIDE/workspace_stm32/MAESTRO/core/Inc -IC:/Users/hassa/STM32CubeIDE/workspace_stm32/MAESTRO/drivers/stm32g4xx_hal/Inc -IC:/Users/hassa/STM32CubeIDE/workspace_stm32/MAESTRO/drivers/stm32g4xx_hal/Inc/Legacy -IC:/Users/hassa/STM32CubeIDE/workspace_stm32/MAESTRO/drivers/cmsis/Device/ST/STM32G4xx/Include -IC:/Users/hassa/STM32CubeIDE/workspace_stm32/MAESTRO/drivers/cmsis/Include -IC:/Users/hassa/STM32CubeIDE/workspace_stm32/MAESTRO/drivers/bsp -O0 -ffunction-sections -fdata-sections -Wall -fstack-usage -fcyclomatic-complexity -MMD -MP -MF"drivers/stm32g4xx_hal/Src/stm32g4xx_hal_tim_ex.d" -MT"drivers/stm32g4xx_hal/Src/stm32g4xx_hal_tim_ex.o" --specs=nano.specs -mfpu=fpv4-sp-d16 -mfloat-abi=hard -mthumb -o "drivers/stm32g4xx_hal/Src/stm32g4xx_hal_tim_ex.o"
arm-none-eabi-gcc "../drivers/stm32g4xx_hal/Src/stm32g4xx_hal_uart.c" -mcpu=cortex-m4 -std=gnu11 -g3 -DDEBUG -DUSE_HAL_DRIVER -DSTM32G431xx -c -I../app -IC:/Users/hassa/STM32CubeIDE/workspace_stm32/MAESTRO/core/Inc -IC:/Users/hassa/STM32CubeIDE/workspace_stm32/MAESTRO/drivers/stm32g4xx_hal/Inc -IC:/Users/hassa/STM32CubeIDE/workspace_stm32/MAESTRO/drivers/stm32g4xx_hal/Inc/Legacy -IC:/Users/hassa/STM32CubeIDE/workspace_stm32/MAESTRO/drivers/cmsis/Device/ST/STM32G4xx/Include -IC:/Users/hassa/STM32CubeIDE/workspace_stm32/MAESTRO/drivers/cmsis/Include -IC:/Users/hassa/STM32CubeIDE/workspace_stm32/MAESTRO/drivers/bsp -O0 -ffunction-sections -fdata-sections -Wall -fstack-usage -fcyclomatic-complexity -MMD -MP -MF"drivers/stm32g4xx_hal/Src/stm32g4xx_hal_uart.d" -MT"drivers/stm32g4xx_hal/Src/stm32g4xx_hal_uart.o" --specs=nano.specs -mfpu=fpv4-sp-d16 -mfloat-abi=hard -mthumb -o "drivers/stm32g4xx_hal/Src/stm32g4xx_hal_uart.o"
arm-none-eabi-gcc "../drivers/stm32g4xx_hal/Src/stm32g4xx_hal_uart_ex.c" -mcpu=cortex-m4 -std=gnu11 -g3 -DDEBUG -DUSE_HAL_DRIVER -DSTM32G431xx -c -I../app -IC:/Users/hassa/STM32CubeIDE/workspace_stm32/MAESTRO/core/Inc -IC:/Users/hassa/STM32CubeIDE/workspace_stm32/MAESTRO/drivers/stm32g4xx_hal/Inc -IC:/Users/hassa/STM32CubeIDE/workspace_stm32/MAESTRO/drivers/stm32g4xx_hal/Inc/Legacy -IC:/Users/hassa/STM32CubeIDE/workspace_stm32/MAESTRO/drivers/cmsis/Device/ST/STM32G4xx/Include -IC:/Users/hassa/STM32CubeIDE/workspace_stm32/MAESTRO/drivers/cmsis/Include -IC:/Users/hassa/STM32CubeIDE/workspace_stm32/MAESTRO/drivers/bsp -O0 -ffunction-sections -fdata-sections -Wall -fstack-usage -fcyclomatic-complexity -MMD -MP -MF"drivers/stm32g4xx_hal/Src/stm32g4xx_hal_uart_ex.d" -MT"drivers/stm32g4xx_hal/Src/stm32g4xx_hal_uart_ex.o" --specs=nano.specs -mfpu=fpv4-sp-d16 -mfloat-abi=hard -mthumb -o "drivers/stm32g4xx_hal/Src/stm32g4xx_hal_uart_ex.o"
arm-none-eabi-gcc "../drivers/stm32g4xx_hal/Src/stm32g4xx_ll_adc.c" -mcpu=cortex-m4 -std=gnu11 -g3 -DDEBUG -DUSE_HAL_DRIVER -DSTM32G431xx -c -I../app -IC:/Users/hassa/STM32CubeIDE/workspace_stm32/MAESTRO/core/Inc -IC:/Users/hassa/STM32CubeIDE/workspace_stm32/MAESTRO/drivers/stm32g4xx_hal/Inc -IC:/Users/hassa/STM32CubeIDE/workspace_stm32/MAESTRO/drivers/stm32g4xx_hal/Inc/Legacy -IC:/Users/hassa/STM32CubeIDE/workspace_stm32/MAESTRO/drivers/cmsis/Device/ST/STM32G4xx/Include -IC:/Users/hassa/STM32CubeIDE/workspace_stm32/MAESTRO/drivers/cmsis/Include -IC:/Users/hassa/STM32CubeIDE/workspace_stm32/MAESTRO/drivers/bsp -O0 -ffunction-sections -fdata-sections -Wall -fstack-usage -fcyclomatic-complexity -MMD -MP -MF"drivers/stm32g4xx_hal/Src/stm32g4xx_ll_adc.d" -MT"drivers/stm32g4xx_hal/Src/stm32g4xx_ll_adc.o" --specs=nano.specs -mfpu=fpv4-sp-d16 -mfloat-abi=hard -mthumb -o "drivers/stm32g4xx_hal/Src/stm32g4xx_ll_adc.o"
arm-none-eabi-gcc "../drivers/bsp/TFT_ili9341/stm32g4_fonts.c" -mcpu=cortex-m4 -std=gnu11 -g3 -DDEBUG -DUSE_HAL_DRIVER -DSTM32G431xx -c -I../app -IC:/Users/hassa/STM32CubeIDE/workspace_stm32/MAESTRO/core/Inc -IC:/Users/hassa/STM32CubeIDE/workspace_stm32/MAESTRO/drivers/stm32g4xx_hal/Inc -IC:/Users/hassa/STM32CubeIDE/workspace_stm32/MAESTRO/drivers/stm32g4xx_hal/Inc/Legacy -IC:/Users/hassa/STM32CubeIDE/workspace_stm32/MAESTRO/drivers/cmsis/Device/ST/STM32G4xx/Include -IC:/Users/hassa/STM32CubeIDE/workspace_stm32/MAESTRO/drivers/cmsis/Include -IC:/Users/hassa/STM32CubeIDE/workspace_stm32/MAESTRO/drivers/bsp -O0 -ffunction-sections -fdata-sections -Wall -fstack-usage -fcyclomatic-complexity -MMD -MP -MF"drivers/bsp/TFT_ili9341/stm32g4_fonts.d" -MT"drivers/bsp/TFT_ili9341/stm32g4_fonts.o" --specs=nano.specs -mfpu=fpv4-sp-d16 -mfloat-abi=hard -mthumb -o "drivers/bsp/TFT_ili9341/stm32g4_fonts.o"
arm-none-eabi-gcc "../drivers/bsp/TFT_ili9341/stm32g4_ili9341.c" -mcpu=cortex-m4 -std=gnu11 -g3 -DDEBUG -DUSE_HAL_DRIVER -DSTM32G431xx -c -I../app -IC:/Users/hassa/STM32CubeIDE/workspace_stm32/MAESTRO/core/Inc -IC:/Users/hassa/STM32CubeIDE/workspace_stm32/MAESTRO/drivers/stm32g4xx_hal/Inc -IC:/Users/hassa/STM32CubeIDE/workspace_stm32/MAESTRO/drivers/stm32g4xx_hal/Inc/Legacy -IC:/Users/hassa/STM32CubeIDE/workspace_stm32/MAESTRO/drivers/cmsis/Device/ST/STM32G4xx/Include -IC:/Users/hassa/STM32CubeIDE/workspace_stm32/MAESTRO/drivers/cmsis/Include -IC:/Users/hassa/STM32CubeIDE/workspace_stm32/MAESTRO/drivers/bsp -O0 -ffunction-sections -fdata-sections -Wall -fstack-usage -fcyclomatic-complexity -MMD -MP -MF"drivers/bsp/TFT_ili9341/stm32g4_ili9341.d" -MT"drivers/bsp/TFT_ili9341/stm32g4_ili9341.o" --specs=nano.specs -mfpu=fpv4-sp-d16 -mfloat-abi=hard -mthumb -o "drivers/bsp/TFT_ili9341/stm32g4_ili9341.o"
arm-none-eabi-gcc "../drivers/bsp/TFT_ili9341/stm32g4_xpt2046.c" -mcpu=cortex-m4 -std=gnu11 -g3 -DDEBUG -DUSE_HAL_DRIVER -DSTM32G431xx -c -I../app -IC:/Users/hassa/STM32CubeIDE/workspace_stm32/MAESTRO/core/Inc -IC:/Users/hassa/STM32CubeIDE/workspace_stm32/MAESTRO/drivers/stm32g4xx_hal/Inc -IC:/Users/hassa/STM32CubeIDE/workspace_stm32/MAESTRO/drivers/stm32g4xx_hal/Inc/Legacy -IC:/Users/hassa/STM32CubeIDE/workspace_stm32/MAESTRO/drivers/cmsis/Device/ST/STM32G4xx/Include -IC:/Users/hassa/STM32CubeIDE/workspace_stm32/MAESTRO/drivers/cmsis/Include -IC:/Users/hassa/STM32CubeIDE/workspace_stm32/MAESTRO/drivers/bsp -O0 -ffunction-sections -fdata-sections -Wall -fstack-usage -fcyclomatic-complexity -MMD -MP -MF"drivers/bsp/TFT_ili9341/stm32g4_xpt2046.d" -MT"drivers/bsp/TFT_ili9341/stm32g4_xpt2046.o" --specs=nano.specs -mfpu=fpv4-sp-d16 -mfloat-abi=hard -mthumb -o "drivers/bsp/TFT_ili9341/stm32g4_xpt2046.o"
arm-none-eabi-gcc "../drivers/bsp/stm32g4_adc.c" -mcpu=cortex-m4 -std=gnu11 -g3 -DDEBUG -DUSE_HAL_DRIVER -DSTM32G431xx -c -I../app -IC:/Users/hassa/STM32CubeIDE/workspace_stm32/MAESTRO/core/Inc -IC:/Users/hassa/STM32CubeIDE/workspace_stm32/MAESTRO/drivers/stm32g4xx_hal/Inc -IC:/Users/hassa/STM32CubeIDE/workspace_stm32/MAESTRO/drivers/stm32g4xx_hal/Inc/Legacy -IC:/Users/hassa/STM32CubeIDE/workspace_stm32/MAESTRO/drivers/cmsis/Device/ST/STM32G4xx/Include -IC:/Users/hassa/STM32CubeIDE/workspace_stm32/MAESTRO/drivers/cmsis/Include -IC:/Users/hassa/STM32CubeIDE/workspace_stm32/MAESTRO/drivers/bsp -O0 -ffunction-sections -fdata-sections -Wall -fstack-usage -fcyclomatic-complexity -MMD -MP -MF"drivers/bsp/stm32g4_adc.d" -MT"drivers/bsp/stm32g4_adc.o" --specs=nano.specs -mfpu=fpv4-sp-d16 -mfloat-abi=hard -mthumb -o "drivers/bsp/stm32g4_adc.o"
arm-none-eabi-gcc "../drivers/bsp/stm32g4_extit.c" -mcpu=cortex-m4 -std=gnu11 -g3 -DDEBUG -DUSE_HAL_DRIVER -DSTM32G431xx -c -I../app -IC:/Users/hassa/STM32CubeIDE/workspace_stm32/MAESTRO/core/Inc -IC:/Users/hassa/STM32CubeIDE/workspace_stm32/MAESTRO/drivers/stm32g4xx_hal/Inc -IC:/Users/hassa/STM32CubeIDE/workspace_stm32/MAESTRO/drivers/stm32g4xx_hal/Inc/Legacy -IC:/Users/hassa/STM32CubeIDE/workspace_stm32/MAESTRO/drivers/cmsis/Device/ST/STM32G4xx/Include -IC:/Users/hassa/STM32CubeIDE/workspace_stm32/MAESTRO/drivers/cmsis/Include -IC:/Users/hassa/STM32CubeIDE/workspace_stm32/MAESTRO/drivers/bsp -O0 -ffunction-sections -fdata-sections -Wall -fstack-usage -fcyclomatic-complexity -MMD -MP -MF"drivers/bsp/stm32g4_extit.d" -MT"drivers/bsp/stm32g4_extit.o" --specs=nano.specs -mfpu=fpv4-sp-d16 -mfloat-abi=hard -mthumb -o "drivers/bsp/stm32g4_extit.o"
arm-none-eabi-gcc "../drivers/bsp/stm32g4_gpio.c" -mcpu=cortex-m4 -std=gnu11 -g3 -DDEBUG -DUSE_HAL_DRIVER -DSTM32G431xx -c -I../app -IC:/Users/hassa/STM32CubeIDE/workspace_stm32/MAESTRO/core/Inc -IC:/Users/hassa/STM32CubeIDE/workspace_stm32/MAESTRO/drivers/stm32g4xx_hal/Inc -IC:/Users/hassa/STM32CubeIDE/workspace_stm32/MAESTRO/drivers/stm32g4xx_hal/Inc/Legacy -IC:/Users/hassa/STM32CubeIDE/workspace_stm32/MAESTRO/drivers/cmsis/Device/ST/STM32G4xx/Include -IC:/Users/hassa/STM32CubeIDE/workspace_stm32/MAESTRO/drivers/cmsis/Include -IC:/Users/hassa/STM32CubeIDE/workspace_stm32/MAESTRO/drivers/bsp -O0 -ffunction-sections -fdata-sections -Wall -fstack-usage -fcyclomatic-complexity -MMD -MP -MF"drivers/bsp/stm32g4_gpio.d" -MT"drivers/bsp/stm32g4_gpio.o" --specs=nano.specs -mfpu=fpv4-sp-d16 -mfloat-abi=hard -mthumb -o "drivers/bsp/stm32g4_gpio.o"
arm-none-eabi-gcc "../drivers/bsp/stm32g4_i2c.c" -mcpu=cortex-m4 -std=gnu11 -g3 -DDEBUG -DUSE_HAL_DRIVER -DSTM32G431xx -c -I../app -IC:/Users/hassa/STM32CubeIDE/workspace_stm32/MAESTRO/core/Inc -IC:/Users/hassa/STM32CubeIDE/workspace_stm32/MAESTRO/drivers/stm32g4xx_hal/Inc -IC:/Users/hassa/STM32CubeIDE/workspace_stm32/MAESTRO/drivers/stm32g4xx_hal/Inc/Legacy -IC:/Users/hassa/STM32CubeIDE/workspace_stm32/MAESTRO/drivers/cmsis/Device/ST/STM32G4xx/Include -IC:/Users/hassa/STM32CubeIDE/workspace_stm32/MAESTRO/drivers/cmsis/Include -IC:/Users/hassa/STM32CubeIDE/workspace_stm32/MAESTRO/drivers/bsp -O0 -ffunction-sections -fdata-sections -Wall -fstack-usage -fcyclomatic-complexity -MMD -MP -MF"drivers/bsp/stm32g4_i2c.d" -MT"drivers/bsp/stm32g4_i2c.o" --specs=nano.specs -mfpu=fpv4-sp-d16 -mfloat-abi=hard -mthumb -o "drivers/bsp/stm32g4_i2c.o"
arm-none-eabi-gcc "../drivers/bsp/stm32g4_spi.c" -mcpu=cortex-m4 -std=gnu11 -g3 -DDEBUG -DUSE_HAL_DRIVER -DSTM32G431xx -c -I../app -IC:/Users/hassa/STM32CubeIDE/workspace_stm32/MAESTRO/core/Inc -IC:/Users/hassa/STM32CubeIDE/workspace_stm32/MAESTRO/drivers/stm32g4xx_hal/Inc -IC:/Users/hassa/STM32CubeIDE/workspace_stm32/MAESTRO/drivers/stm32g4xx_hal/Inc/Legacy -IC:/Users/hassa/STM32CubeIDE/workspace_stm32/MAESTRO/drivers/cmsis/Device/ST/STM32G4xx/Include -IC:/Users/hassa/STM32CubeIDE/workspace_stm32/MAESTRO/drivers/cmsis/Include -IC:/Users/hassa/STM32CubeIDE/workspace_stm32/MAESTRO/drivers/bsp -O0 -ffunction-sections -fdata-sections -Wall -fstack-usage -fcyclomatic-complexity -MMD -MP -MF"drivers/bsp/stm32g4_spi.d" -MT"drivers/bsp/stm32g4_spi.o" --specs=nano.specs -mfpu=fpv4-sp-d16 -mfloat-abi=hard -mthumb -o "drivers/bsp/stm32g4_spi.o"
arm-none-eabi-gcc "../drivers/bsp/stm32g4_sys.c" -mcpu=cortex-m4 -std=gnu11 -g3 -DDEBUG -DUSE_HAL_DRIVER -DSTM32G431xx -c -I../app -IC:/Users/hassa/STM32CubeIDE/workspace_stm32/MAESTRO/core/Inc -IC:/Users/hassa/STM32CubeIDE/workspace_stm32/MAESTRO/drivers/stm32g4xx_hal/Inc -IC:/Users/hassa/STM32CubeIDE/workspace_stm32/MAESTRO/drivers/stm32g4xx_hal/Inc/Legacy -IC:/Users/hassa/STM32CubeIDE/workspace_stm32/MAESTRO/drivers/cmsis/Device/ST/STM32G4xx/Include -IC:/Users/hassa/STM32CubeIDE/workspace_stm32/MAESTRO/drivers/cmsis/Include -IC:/Users/hassa/STM32CubeIDE/workspace_stm32/MAESTRO/drivers/bsp -O0 -ffunction-sections -fdata-sections -Wall -fstack-usage -fcyclomatic-complexity -MMD -MP -MF"drivers/bsp/stm32g4_sys.d" -MT"drivers/bsp/stm32g4_sys.o" --specs=nano.specs -mfpu=fpv4-sp-d16 -mfloat-abi=hard -mthumb -o "drivers/bsp/stm32g4_sys.o"
arm-none-eabi-gcc "../drivers/bsp/stm32g4_systick.c" -mcpu=cortex-m4 -std=gnu11 -g3 -DDEBUG -DUSE_HAL_DRIVER -DSTM32G431xx -c -I../app -IC:/Users/hassa/STM32CubeIDE/workspace_stm32/MAESTRO/core/Inc -IC:/Users/hassa/STM32CubeIDE/workspace_stm32/MAESTRO/drivers/stm32g4xx_hal/Inc -IC:/Users/hassa/STM32CubeIDE/workspace_stm32/MAESTRO/drivers/stm32g4xx_hal/Inc/Legacy -IC:/Users/hassa/STM32CubeIDE/workspace_stm32/MAESTRO/drivers/cmsis/Device/ST/STM32G4xx/Include -IC:/Users/hassa/STM32CubeIDE/workspace_stm32/MAESTRO/drivers/cmsis/Include -IC:/Users/hassa/STM32CubeIDE/workspace_stm32/MAESTRO/drivers/bsp -O0 -ffunction-sections -fdata-sections -Wall -fstack-usage -fcyclomatic-complexity -MMD -MP -MF"drivers/bsp/stm32g4_systick.d" -MT"drivers/bsp/stm32g4_systick.o" --specs=nano.specs -mfpu=fpv4-sp-d16 -mfloat-abi=hard -mthumb -o "drivers/bsp/stm32g4_systick.o"
../drivers/bsp/stm32g4_adc.c: In function 'DEMO_adc_statemachine':
../drivers/bsp/stm32g4_adc.c:69:25: warning: implicit declaration of function 'printf' [-Wimplicit-function-declaration]
   69 |                         printf("Analog to Digital Converter\n");
      |                         ^~~~~~
../drivers/bsp/stm32g4_adc.c:17:1: note: include '<stdio.h>' or provide a declaration of 'printf'
   16 | #include "stm32g4_systick.h"
  +++ |+#include <stdio.h>
   17 | 
../drivers/bsp/stm32g4_adc.c:69:25: warning: incompatible implicit declaration of built-in function 'printf' [-Wbuiltin-declaration-mismatch]
   69 |                         printf("Analog to Digital Converter\n");
      |                         ^~~~~~
../drivers/bsp/stm32g4_adc.c:69:25: note: include '<stdio.h>' or provide a declaration of 'printf'
../drivers/bsp/stm32g4_adc.c: In function 'BSP_ADC_init':
../drivers/bsp/stm32g4_adc.c:254:33: warning: passing argument 2 of 'HAL_ADC_Start_DMA' from incompatible pointer type [-Wincompatible-pointer-types]
  254 |         HAL_ADC_Start_DMA(&hadc,(uint16_t*)adc_converted_value,ADC_NB_OF_CHANNEL_USED);
      |                                 ^~~~~~~~~~~~~~~~~~~~~~~~~~~~~~
      |                                 |
      |                                 uint16_t * {aka short unsigned int *}
In file included from C:/Users/hassa/STM32CubeIDE/workspace_stm32/MAESTRO/core/Inc/stm32g4xx_hal_conf.h:226,
                 from C:/Users/hassa/STM32CubeIDE/workspace_stm32/MAESTRO/drivers/stm32g4xx_hal/Inc/stm32g4xx_hal.h:29,
                 from ../app/config.h:17,
                 from ../drivers/bsp/stm32g4_adc.h:12,
                 from ../drivers/bsp/stm32g4_adc.c:10:
C:/Users/hassa/STM32CubeIDE/workspace_stm32/MAESTRO/drivers/stm32g4xx_hal/Inc/stm32g4xx_hal_adc.h:2242:78: note: expected 'uint32_t *' {aka 'long unsigned int *'} but argument is of type 'uint16_t *' {aka 'short unsigned int *'}
 2242 | HAL_StatusTypeDef       HAL_ADC_Start_DMA(ADC_HandleTypeDef *hadc, uint32_t *pData, uint32_t Length);
      |                                                                    ~~~~~~~~~~^~~~~
../drivers/bsp/stm32g4_adc.c: In function 'ADC_getValue':
../drivers/bsp/stm32g4_adc.c:272:17: warning: incompatible implicit declaration of built-in function 'printf' [-Wbuiltin-declaration-mismatch]
  272 |                 printf("You asked for the reading of the channel %d which is non initialized or unused! Please review your software\n", channel);
      |                 ^~~~~~
../drivers/bsp/stm32g4_adc.c:272:17: note: include '<stdio.h>' or provide a declaration of 'printf'
arm-none-eabi-gcc "../drivers/bsp/stm32g4_timer.c" -mcpu=cortex-m4 -std=gnu11 -g3 -DDEBUG -DUSE_HAL_DRIVER -DSTM32G431xx -c -I../app -IC:/Users/hassa/STM32CubeIDE/workspace_stm32/MAESTRO/core/Inc -IC:/Users/hassa/STM32CubeIDE/workspace_stm32/MAESTRO/drivers/stm32g4xx_hal/Inc -IC:/Users/hassa/STM32CubeIDE/workspace_stm32/MAESTRO/drivers/stm32g4xx_hal/Inc/Legacy -IC:/Users/hassa/STM32CubeIDE/workspace_stm32/MAESTRO/drivers/cmsis/Device/ST/STM32G4xx/Include -IC:/Users/hassa/STM32CubeIDE/workspace_stm32/MAESTRO/drivers/cmsis/Include -IC:/Users/hassa/STM32CubeIDE/workspace_stm32/MAESTRO/drivers/bsp -O0 -ffunction-sections -fdata-sections -Wall -fstack-usage -fcyclomatic-complexity -MMD -MP -MF"drivers/bsp/stm32g4_timer.d" -MT"drivers/bsp/stm32g4_timer.o" --specs=nano.specs -mfpu=fpv4-sp-d16 -mfloat-abi=hard -mthumb -o "drivers/bsp/stm32g4_timer.o"
arm-none-eabi-gcc "../drivers/bsp/stm32g4_uart.c" -mcpu=cortex-m4 -std=gnu11 -g3 -DDEBUG -DUSE_HAL_DRIVER -DSTM32G431xx -c -I../app -IC:/Users/hassa/STM32CubeIDE/workspace_stm32/MAESTRO/core/Inc -IC:/Users/hassa/STM32CubeIDE/workspace_stm32/MAESTRO/drivers/stm32g4xx_hal/Inc -IC:/Users/hassa/STM32CubeIDE/workspace_stm32/MAESTRO/drivers/stm32g4xx_hal/Inc/Legacy -IC:/Users/hassa/STM32CubeIDE/workspace_stm32/MAESTRO/drivers/cmsis/Device/ST/STM32G4xx/Include -IC:/Users/hassa/STM32CubeIDE/workspace_stm32/MAESTRO/drivers/cmsis/Include -IC:/Users/hassa/STM32CubeIDE/workspace_stm32/MAESTRO/drivers/bsp -O0 -ffunction-sections -fdata-sections -Wall -fstack-usage -fcyclomatic-complexity -MMD -MP -MF"drivers/bsp/stm32g4_uart.d" -MT"drivers/bsp/stm32g4_uart.o" --specs=nano.specs -mfpu=fpv4-sp-d16 -mfloat-abi=hard -mthumb -o "drivers/bsp/stm32g4_uart.o"
arm-none-eabi-gcc "../core/Startup/bootloader.c" -mcpu=cortex-m4 -std=gnu11 -g3 -DDEBUG -DUSE_HAL_DRIVER -DSTM32G431xx -c -I../app -IC:/Users/hassa/STM32CubeIDE/workspace_stm32/MAESTRO/core/Inc -IC:/Users/hassa/STM32CubeIDE/workspace_stm32/MAESTRO/drivers/stm32g4xx_hal/Inc -IC:/Users/hassa/STM32CubeIDE/workspace_stm32/MAESTRO/drivers/stm32g4xx_hal/Inc/Legacy -IC:/Users/hassa/STM32CubeIDE/workspace_stm32/MAESTRO/drivers/cmsis/Device/ST/STM32G4xx/Include -IC:/Users/hassa/STM32CubeIDE/workspace_stm32/MAESTRO/drivers/cmsis/Include -IC:/Users/hassa/STM32CubeIDE/workspace_stm32/MAESTRO/drivers/bsp -O0 -ffunction-sections -fdata-sections -Wall -fstack-usage -fcyclomatic-complexity -MMD -MP -MF"core/Startup/bootloader.d" -MT"core/Startup/bootloader.o" --specs=nano.specs -mfpu=fpv4-sp-d16 -mfloat-abi=hard -mthumb -o "core/Startup/bootloader.o"
arm-none-eabi-gcc -mcpu=cortex-m4 -g3 -DDEBUG -c -x assembler-with-cpp -MMD -MP -MF"core/Startup/startup_stm32g431kbtx.d" -MT"core/Startup/startup_stm32g431kbtx.o" --specs=nano.specs -mfpu=fpv4-sp-d16 -mfloat-abi=hard -mthumb -o "core/Startup/startup_stm32g431kbtx.o" "../core/Startup/startup_stm32g431kbtx.s"
arm-none-eabi-gcc "../core/Src/stm32g4xx_it.c" -mcpu=cortex-m4 -std=gnu11 -g3 -DDEBUG -DUSE_HAL_DRIVER -DSTM32G431xx -c -I../app -IC:/Users/hassa/STM32CubeIDE/workspace_stm32/MAESTRO/core/Inc -IC:/Users/hassa/STM32CubeIDE/workspace_stm32/MAESTRO/drivers/stm32g4xx_hal/Inc -IC:/Users/hassa/STM32CubeIDE/workspace_stm32/MAESTRO/drivers/stm32g4xx_hal/Inc/Legacy -IC:/Users/hassa/STM32CubeIDE/workspace_stm32/MAESTRO/drivers/cmsis/Device/ST/STM32G4xx/Include -IC:/Users/hassa/STM32CubeIDE/workspace_stm32/MAESTRO/drivers/cmsis/Include -IC:/Users/hassa/STM32CubeIDE/workspace_stm32/MAESTRO/drivers/bsp -O0 -ffunction-sections -fdata-sections -Wall -fstack-usage -fcyclomatic-complexity -MMD -MP -MF"core/Src/stm32g4xx_it.d" -MT"core/Src/stm32g4xx_it.o" --specs=nano.specs -mfpu=fpv4-sp-d16 -mfloat-abi=hard -mthumb -o "core/Src/stm32g4xx_it.o"
arm-none-eabi-gcc "../core/Src/syscalls.c" -mcpu=cortex-m4 -std=gnu11 -g3 -DDEBUG -DUSE_HAL_DRIVER -DSTM32G431xx -c -I../app -IC:/Users/hassa/STM32CubeIDE/workspace_stm32/MAESTRO/core/Inc -IC:/Users/hassa/STM32CubeIDE/workspace_stm32/MAESTRO/drivers/stm32g4xx_hal/Inc -IC:/Users/hassa/STM32CubeIDE/workspace_stm32/MAESTRO/drivers/stm32g4xx_hal/Inc/Legacy -IC:/Users/hassa/STM32CubeIDE/workspace_stm32/MAESTRO/drivers/cmsis/Device/ST/STM32G4xx/Include -IC:/Users/hassa/STM32CubeIDE/workspace_stm32/MAESTRO/drivers/cmsis/Include -IC:/Users/hassa/STM32CubeIDE/workspace_stm32/MAESTRO/drivers/bsp -O0 -ffunction-sections -fdata-sections -Wall -fstack-usage -fcyclomatic-complexity -MMD -MP -MF"core/Src/syscalls.d" -MT"core/Src/syscalls.o" --specs=nano.specs -mfpu=fpv4-sp-d16 -mfloat-abi=hard -mthumb -o "core/Src/syscalls.o"
arm-none-eabi-gcc "../core/Src/sysmem.c" -mcpu=cortex-m4 -std=gnu11 -g3 -DDEBUG -DUSE_HAL_DRIVER -DSTM32G431xx -c -I../app -IC:/Users/hassa/STM32CubeIDE/workspace_stm32/MAESTRO/core/Inc -IC:/Users/hassa/STM32CubeIDE/workspace_stm32/MAESTRO/drivers/stm32g4xx_hal/Inc -IC:/Users/hassa/STM32CubeIDE/workspace_stm32/MAESTRO/drivers/stm32g4xx_hal/Inc/Legacy -IC:/Users/hassa/STM32CubeIDE/workspace_stm32/MAESTRO/drivers/cmsis/Device/ST/STM32G4xx/Include -IC:/Users/hassa/STM32CubeIDE/workspace_stm32/MAESTRO/drivers/cmsis/Include -IC:/Users/hassa/STM32CubeIDE/workspace_stm32/MAESTRO/drivers/bsp -O0 -ffunction-sections -fdata-sections -Wall -fstack-usage -fcyclomatic-complexity -MMD -MP -MF"core/Src/sysmem.d" -MT"core/Src/sysmem.o" --specs=nano.specs -mfpu=fpv4-sp-d16 -mfloat-abi=hard -mthumb -o "core/Src/sysmem.o"
arm-none-eabi-gcc "../core/Src/system_stm32g4xx.c" -mcpu=cortex-m4 -std=gnu11 -g3 -DDEBUG -DUSE_HAL_DRIVER -DSTM32G431xx -c -I../app -IC:/Users/hassa/STM32CubeIDE/workspace_stm32/MAESTRO/core/Inc -IC:/Users/hassa/STM32CubeIDE/workspace_stm32/MAESTRO/drivers/stm32g4xx_hal/Inc -IC:/Users/hassa/STM32CubeIDE/workspace_stm32/MAESTRO/drivers/stm32g4xx_hal/Inc/Legacy -IC:/Users/hassa/STM32CubeIDE/workspace_stm32/MAESTRO/drivers/cmsis/Device/ST/STM32G4xx/Include -IC:/Users/hassa/STM32CubeIDE/workspace_stm32/MAESTRO/drivers/cmsis/Include -IC:/Users/hassa/STM32CubeIDE/workspace_stm32/MAESTRO/drivers/bsp -O0 -ffunction-sections -fdata-sections -Wall -fstack-usage -fcyclomatic-complexity -MMD -MP -MF"core/Src/system_stm32g4xx.d" -MT"core/Src/system_stm32g4xx.o" --specs=nano.specs -mfpu=fpv4-sp-d16 -mfloat-abi=hard -mthumb -o "core/Src/system_stm32g4xx.o"
arm-none-eabi-gcc "../app/button.c" -mcpu=cortex-m4 -std=gnu11 -g3 -DDEBUG -DUSE_HAL_DRIVER -DSTM32G431xx -c -I../app -IC:/Users/hassa/STM32CubeIDE/workspace_stm32/MAESTRO/core/Inc -IC:/Users/hassa/STM32CubeIDE/workspace_stm32/MAESTRO/drivers/stm32g4xx_hal/Inc -IC:/Users/hassa/STM32CubeIDE/workspace_stm32/MAESTRO/drivers/stm32g4xx_hal/Inc/Legacy -IC:/Users/hassa/STM32CubeIDE/workspace_stm32/MAESTRO/drivers/cmsis/Device/ST/STM32G4xx/Include -IC:/Users/hassa/STM32CubeIDE/workspace_stm32/MAESTRO/drivers/cmsis/Include -IC:/Users/hassa/STM32CubeIDE/workspace_stm32/MAESTRO/drivers/bsp -O0 -ffunction-sections -fdata-sections -Wall -fstack-usage -fcyclomatic-complexity -MMD -MP -MF"app/button.d" -MT"app/button.o" --specs=nano.specs -mfpu=fpv4-sp-d16 -mfloat-abi=hard -mthumb -o "app/button.o"
arm-none-eabi-gcc "../app/display.c" -mcpu=cortex-m4 -std=gnu11 -g3 -DDEBUG -DUSE_HAL_DRIVER -DSTM32G431xx -c -I../app -IC:/Users/hassa/STM32CubeIDE/workspace_stm32/MAESTRO/core/Inc -IC:/Users/hassa/STM32CubeIDE/workspace_stm32/MAESTRO/drivers/stm32g4xx_hal/Inc -IC:/Users/hassa/STM32CubeIDE/workspace_stm32/MAESTRO/drivers/stm32g4xx_hal/Inc/Legacy -IC:/Users/hassa/STM32CubeIDE/workspace_stm32/MAESTRO/drivers/cmsis/Device/ST/STM32G4xx/Include -IC:/Users/hassa/STM32CubeIDE/workspace_stm32/MAESTRO/drivers/cmsis/Include -IC:/Users/hassa/STM32CubeIDE/workspace_stm32/MAESTRO/drivers/bsp -O0 -ffunction-sections -fdata-sections -Wall -fstack-usage -fcyclomatic-complexity -MMD -MP -MF"app/display.d" -MT"app/display.o" --specs=nano.specs -mfpu=fpv4-sp-d16 -mfloat-abi=hard -mthumb -o "app/display.o"
arm-none-eabi-gcc "../app/fan.c" -mcpu=cortex-m4 -std=gnu11 -g3 -DDEBUG -DUSE_HAL_DRIVER -DSTM32G431xx -c -I../app -IC:/Users/hassa/STM32CubeIDE/workspace_stm32/MAESTRO/core/Inc -IC:/Users/hassa/STM32CubeIDE/workspace_stm32/MAESTRO/drivers/stm32g4xx_hal/Inc -IC:/Users/hassa/STM32CubeIDE/workspace_stm32/MAESTRO/drivers/stm32g4xx_hal/Inc/Legacy -IC:/Users/hassa/STM32CubeIDE/workspace_stm32/MAESTRO/drivers/cmsis/Device/ST/STM32G4xx/Include -IC:/Users/hassa/STM32CubeIDE/workspace_stm32/MAESTRO/drivers/cmsis/Include -IC:/Users/hassa/STM32CubeIDE/workspace_stm32/MAESTRO/drivers/bsp -O0 -ffunction-sections -fdata-sections -Wall -fstack-usage -fcyclomatic-complexity -MMD -MP -MF"app/fan.d" -MT"app/fan.o" --specs=nano.specs -mfpu=fpv4-sp-d16 -mfloat-abi=hard -mthumb -o "app/fan.o"
arm-none-eabi-gcc "../app/led.c" -mcpu=cortex-m4 -std=gnu11 -g3 -DDEBUG -DUSE_HAL_DRIVER -DSTM32G431xx -c -I../app -IC:/Users/hassa/STM32CubeIDE/workspace_stm32/MAESTRO/core/Inc -IC:/Users/hassa/STM32CubeIDE/workspace_stm32/MAESTRO/drivers/stm32g4xx_hal/Inc -IC:/Users/hassa/STM32CubeIDE/workspace_stm32/MAESTRO/drivers/stm32g4xx_hal/Inc/Legacy -IC:/Users/hassa/STM32CubeIDE/workspace_stm32/MAESTRO/drivers/cmsis/Device/ST/STM32G4xx/Include -IC:/Users/hassa/STM32CubeIDE/workspace_stm32/MAESTRO/drivers/cmsis/Include -IC:/Users/hassa/STM32CubeIDE/workspace_stm32/MAESTRO/drivers/bsp -O0 -ffunction-sections -fdata-sections -Wall -fstack-usage -fcyclomatic-complexity -MMD -MP -MF"app/led.d" -MT"app/led.o" --specs=nano.specs -mfpu=fpv4-sp-d16 -mfloat-abi=hard -mthumb -o "app/led.o"
arm-none-eabi-gcc "../app/maestro.c" -mcpu=cortex-m4 -std=gnu11 -g3 -DDEBUG -DUSE_HAL_DRIVER -DSTM32G431xx -c -I../app -IC:/Users/hassa/STM32CubeIDE/workspace_stm32/MAESTRO/core/Inc -IC:/Users/hassa/STM32CubeIDE/workspace_stm32/MAESTRO/drivers/stm32g4xx_hal/Inc -IC:/Users/hassa/STM32CubeIDE/workspace_stm32/MAESTRO/drivers/stm32g4xx_hal/Inc/Legacy -IC:/Users/hassa/STM32CubeIDE/workspace_stm32/MAESTRO/drivers/cmsis/Device/ST/STM32G4xx/Include -IC:/Users/hassa/STM32CubeIDE/workspace_stm32/MAESTRO/drivers/cmsis/Include -IC:/Users/hassa/STM32CubeIDE/workspace_stm32/MAESTRO/drivers/bsp -O0 -ffunction-sections -fdata-sections -Wall -fstack-usage -fcyclomatic-complexity -MMD -MP -MF"app/maestro.d" -MT"app/maestro.o" --specs=nano.specs -mfpu=fpv4-sp-d16 -mfloat-abi=hard -mthumb -o "app/maestro.o"
arm-none-eabi-gcc "../app/main.c" -mcpu=cortex-m4 -std=gnu11 -g3 -DDEBUG -DUSE_HAL_DRIVER -DSTM32G431xx -c -I../app -IC:/Users/hassa/STM32CubeIDE/workspace_stm32/MAESTRO/core/Inc -IC:/Users/hassa/STM32CubeIDE/workspace_stm32/MAESTRO/drivers/stm32g4xx_hal/Inc -IC:/Users/hassa/STM32CubeIDE/workspace_stm32/MAESTRO/drivers/stm32g4xx_hal/Inc/Legacy -IC:/Users/hassa/STM32CubeIDE/workspace_stm32/MAESTRO/drivers/cmsis/Device/ST/STM32G4xx/Include -IC:/Users/hassa/STM32CubeIDE/workspace_stm32/MAESTRO/drivers/cmsis/Include -IC:/Users/hassa/STM32CubeIDE/workspace_stm32/MAESTRO/drivers/bsp -O0 -ffunction-sections -fdata-sections -Wall -fstack-usage -fcyclomatic-complexity -MMD -MP -MF"app/main.d" -MT"app/main.o" --specs=nano.specs -mfpu=fpv4-sp-d16 -mfloat-abi=hard -mthumb -o "app/main.o"
arm-none-eabi-gcc -o "MAESTRO.elf" @"objects.list"  -lc -lrdimon -mcpu=cortex-m4 -T"C:\Users\hassa\STM32CubeIDE\workspace_stm32\MAESTRO\core\STM32G431KBTX_FLASH.ld" --specs=nosys.specs -Wl,-Map="MAESTRO.map" -Wl,--gc-sections -static -u_printf_float -specs=rdimon.specs --specs=nano.specs -mfpu=fpv4-sp-d16 -mfloat-abi=hard -mthumb -u _printf_float -Wl,--start-group -lc -lm -Wl,--end-group
Finished building target: MAESTRO.elf
 
arm-none-eabi-size  MAESTRO.elf 
arm-none-eabi-objdump -h -S MAESTRO.elf  > "MAESTRO.list"
   text	   data	    bss	    dec	    hex	filename
  48996	    496	   3416	  52908	   ceac	MAESTRO.elf
Finished building: default.size.stdout
 
Finished building: MAESTRO.list
 
09:02:58 **** Build of configuration Debug for project MagicPuzzle ****
make -j14 all 
arm-none-eabi-size  MagicPuzzle.elf 
   text	   data	    bss	    dec	    hex	filename
 107764	    524	   3484	 111772	  1b49c	MagicPuzzle.elf
Finished building: default.size.stdout
 
09:02:59 **** Incremental Build of configuration Debug for project Snake-Game ****
make -j14 all 
arm-none-eabi-size  Snake-Game.elf 
   text	   data	    bss	    dec	    hex	filename
  51632	    488	   5120	  57240	   df98	Snake-Game.elf
Finished building: default.size.stdout
 
09:03:08 **** Incremental Build of configuration Debug for project Snake-Game ****
make -j14 all 
arm-none-eabi-size  Snake-Game.elf 
   text	   data	    bss	    dec	    hex	filename
  51632	    488	   5120	  57240	   df98	Snake-Game.elf
Finished building: default.size.stdout
 
