17:30:41 **** Incremental Build of configuration Debug for project MagicPuzzle ****
make -j14 all 
arm-none-eabi-size  MagicPuzzle.elf 
   text	   data	    bss	    dec	    hex	filename
 107764	    524	   3484	 111772	  1b49c	MagicPuzzle.elf
Finished building: default.size.stdout
 
17:30:48 **** Incremental Build of configuration Debug for project MagicPuzzle ****
make -j14 all 
arm-none-eabi-size  MagicPuzzle.elf 
   text	   data	    bss	    dec	    hex	filename
 107764	    524	   3484	 111772	  1b49c	MagicPuzzle.elf
Finished building: default.size.stdout
 
